Archive member included to satisfy reference by file (symbol)

C:/devkitPro/libnds/lib\libnds9.a(console.o)
                              main.o (consoleDemoInit)
C:/devkitPro/libnds/lib\libnds9.a(keys.o)
                              main.o (scanKeys)
C:/devkitPro/libnds/lib\libnds9.a(default_font.bin.o)
                              C:/devkitPro/libnds/lib\libnds9.a(console.o) (default_font_bin)
C:/devkitPro/libnds/lib\libnds9.a(background.o)
                              C:/devkitPro/libnds/lib\libnds9.a(console.o) (bgState)
C:/devkitPro/libnds/lib\libnds9.a(trig.o)
                              C:/devkitPro/libnds/lib\libnds9.a(background.o) (sinLerp)
C:/devkitPro/calico/lib\libcalico_ds9.a(thread_cold.o)
                              main.o (threadIrqWait)
C:/devkitPro/calico/lib\libcalico_ds9.a(thread_hot.32.o)
                              C:/devkitPro/calico/lib\libcalico_ds9.a(thread_cold.o) (__sched_state)
C:/devkitPro/calico/lib\libcalico_ds9.a(arm-copy-fill.32.o)
                              C:/devkitPro/calico/lib\libcalico_ds9.a(thread_cold.o) (armCopyMem32)
C:/devkitPro/calico/lib\libcalico_ds9.a(arm-context.32.o)
                              C:/devkitPro/calico/lib\libcalico_ds9.a(thread_cold.o) (armContextSave)
C:/devkitPro/calico/lib\libcalico_ds9.a(arm-shims.32.o)
                              C:/devkitPro/calico/lib\libcalico_ds9.a(thread_cold.o) (armWaitForIrq)
C:/devkitPro/calico/lib\libcalico_ds9.a(keypad.o)
                              C:/devkitPro/libnds/lib\libnds9.a(keys.o) (keypadGetState)
C:/devkitPro/calico/lib\libcalico_ds9.a(pm.o)
                              main.o (pmMainLoop)
C:/devkitPro/calico/lib\libcalico_ds9.a(bootstub_arm9.o)
                              (__ds9_bootstub)
C:/devkitPro/calico/lib\libcalico_ds9.a(excpt_handler.32.o)
                              C:/devkitPro/calico/lib\libcalico_ds9.a(bootstub_arm9.o) (__arm_excpt_rst)
C:/devkitPro/calico/lib\libcalico_ds9.a(touch.o)
                              C:/devkitPro/libnds/lib\libnds9.a(keys.o) (touchRead)
C:/devkitPro/calico/lib\libcalico_ds9.a(tick.o)
                              C:/devkitPro/calico/lib\libcalico_ds9.a(thread_cold.o) (tickTaskStart)
C:/devkitPro/calico/lib\libcalico_ds9.a(mailbox.o)
                              C:/devkitPro/calico/lib\libcalico_ds9.a(pm.o) (mailboxRecv)
C:/devkitPro/calico/lib\libcalico_ds9.a(newlib_syscalls.o)
                              C:/devkitPro/calico/lib\libcalico_ds9.a(bootstub_arm9.o) (__newlib_syscalls)
C:/devkitPro/calico/lib\libcalico_ds9.a(arm-cache.32.o)
                              C:/devkitPro/calico/lib\libcalico_ds9.a(pm.o) (armDCacheFlushAll)
C:/devkitPro/calico/lib\libcalico_ds9.a(startup.crt0.o)
                              C:/devkitPro/calico/lib\libcalico_ds9.a(bootstub_arm9.o) (crt0Startup)
C:/devkitPro/calico/lib\libcalico_ds9.a(utils.crt0.o)
                              C:/devkitPro/calico/lib\libcalico_ds9.a(startup.crt0.o) (crt0CopyMem32)
C:/devkitPro/calico/lib\libcalico_ds9.a(irq_handler.32.o)
                              C:/devkitPro/calico/lib\libcalico_ds9.a(bootstub_arm9.o) (__arm_excpt_irq)
C:/devkitPro/calico/lib\libcalico_ds9.a(pxi.o)
                              C:/devkitPro/calico/lib\libcalico_ds9.a(startup.crt0.o) (_pxiInit)
C:/devkitPro/calico/lib\libcalico_ds9.a(mpu_setup.crt0.o)
                              C:/devkitPro/calico/lib\libcalico_ds9.a(startup.crt0.o) (crt0SetupMPU)
C:/devkitPro/calico/lib\libcalico_ds9.a(sys_startup.o)
                              C:/devkitPro/calico/lib\libcalico_ds9.a(startup.crt0.o) (systemStartup)
C:/devkitPro/calico/lib\libcalico_ds9.a(irq.o)
                              C:/devkitPro/calico/lib\libcalico_ds9.a(tick.o) (irqSet)
C:/devkitPro/calico/lib\libcalico_ds9.a(mutex.o)
                              C:/devkitPro/calico/lib\libcalico_ds9.a(newlib_syscalls.o) (mutexLock)
C:/devkitPro/devkitARM/bin/../lib/gcc/arm-none-eabi/15.2.0\libgcc.a(_divsi3.o)
                              C:/devkitPro/libnds/lib\libnds9.a(console.o) (__aeabi_idivmod)
C:/devkitPro/devkitARM/bin/../lib/gcc/arm-none-eabi/15.2.0\libgcc.a(_dvmd_tls.o)
                              C:/devkitPro/devkitARM/bin/../lib/gcc/arm-none-eabi/15.2.0\libgcc.a(_divsi3.o) (__aeabi_idiv0)
C:/devkitPro/devkitARM/bin/../lib/gcc/arm-none-eabi/15.2.0\libgcc.a(_aeabi_uldivmod.o)
                              C:/devkitPro/calico/lib\libcalico_ds9.a(newlib_syscalls.o) (__aeabi_uldivmod)
C:/devkitPro/devkitARM/bin/../lib/gcc/arm-none-eabi/15.2.0\libgcc.a(_sync_none.o)
                              (__sync_synchronize_none)
C:/devkitPro/devkitARM/bin/../lib/gcc/arm-none-eabi/15.2.0\libgcc.a(_udivmoddi4.o)
                              C:/devkitPro/devkitARM/bin/../lib/gcc/arm-none-eabi/15.2.0\libgcc.a(_aeabi_uldivmod.o) (__udivmoddi4)
C:/devkitPro/devkitARM/bin/../lib/gcc/arm-none-eabi/15.2.0\libgcc.a(_clzdi2.o)
[...]
Memory Configuration

Name             Origin             Length             Attributes
lma9             0x02004000         0x0027c000
lma9i            0x02400000         0x00280000
vectors          0x00000000         0x00000020
itcm             0x01ff8020         0x00007fe0
main             0x02001000         0x00f7f000
dtcm             0x02ff0000         0x00003e80
dldi             0x0380b000         0x00004000
stub             0x0e000000         0x00004000
tls              0x00000000         0x00000400
*default*        0x00000000         0xffffffff

Linker script and memory map

                0x00000000                        __sync_synchronize = __sync_synchronize_none
LOAD C:/devkitPro/devkitARM/bin/../lib/gcc/arm-none-eabi/15.2.0/crti.o
LOAD C:/devkitPro/devkitARM/bin/../lib/gcc/arm-none-eabi/15.2.0/crtbegin.o
LOAD main.o
LOAD C:/devkitPro/libnds/lib\libnds9.a
LOAD C:/devkitPro/calico/lib\libcalico_ds9.a
START GROUP
LOAD C:/devkitPro/devkitARM/bin/../lib/gcc/arm-none-eabi/15.2.0\libgcc.a
LOAD C:/devkitPro/devkitARM/bin/../lib/gcc/arm-none-eabi/15.2.0/../../../../arm-none-eabi/lib\libg.a
LOAD C:/devkitPro/devkitARM/bin/../lib/gcc/arm-none-eabi/15.2.0/../../../../arm-none-eabi/lib\libc.a
LOAD C:/devkitPro/devkitARM/bin/../lib/gcc/arm-none-eabi/15.2.0/../../../../arm-none-eabi/lib\libsysbase.a
END GROUP
LOAD C:/devkitPro/devkitARM/bin/../lib/gcc/arm-none-eabi/15.2.0/crtend.o
LOAD C:/devkitPro/devkitARM/bin/../lib/gcc/arm-none-eabi/15.2.0/crtn.o
                0x02ff3e80                        PROVIDE (__sp_usr = (ORIGIN (dtcm) + LENGTH (dtcm)))
                0x02ff3f80                        PROVIDE (__sp_irq = (__sp_usr + 0x100))
                0x02ff3fc0                        PROVIDE (__sp_svc = (__sp_irq + 0x40))
                0x02ff3ff8                        PROVIDE (__irq_flags = (__sp_svc + 0x38))
                [!provide]                        PROVIDE (__irq_vector = (__sp_svc + 0x3c))
                [!provide]                        PROVIDE (__arm_excpt_rst = 0xffff0000)
                [!provide]                        PROVIDE (__arm_excpt_und = 0xffff0004)
                0xffff0008                        PROVIDE (__arm_excpt_svc = 0xffff0008)
                [!provide]                        PROVIDE (__arm_excpt_pabt = 0xffff000c)
                [!provide]                        PROVIDE (__arm_excpt_dabt = 0xffff0010)
                [!provide]                        PROVIDE (__arm_excpt_irq = 0xffff0018)
                [!provide]                        PROVIDE (__arm_excpt_fiq = 0xffff001c)
                0x00000000                        PROVIDE (__end__ = 0x0)

.secure         0x0e000000      0x800 load address 0x02004000
                0x0e0007fc                        . = (. + 0x7fc)
 *fill*         0x0e000000      0x7fc 00000000
                0x0e0007fc        0x4 LONG 0x0

.bootstub       0x0e000800      0x198 load address 0x02004800
 *(.bootstub .bootstub.*)
 .bootstub.__ds9_bootstub
                0x0e000800      0x198 C:/devkitPro/calico/lib\libcalico_ds9.a(bootstub_arm9.o)
                0x0e000800                __ds9_bootstub
                0x0e000998                        . = ALIGN (0x4)

.crt0           0x02001000      0x3c0 load address 0x02004998
 *(.crt0 .crt0.*)
 .crt0.__ds9_bootstub_trampoline
                0x02001000       0x60 C:/devkitPro/calico/lib\libcalico_ds9.a(bootstub_arm9.o)
 *.crt0.*(.text .stub .text.* .gnu.linkonce.t.*)
 .text.crt0ProcessLoadList
                0x02001060       0x74 C:/devkitPro/calico/lib\libcalico_ds9.a(startup.crt0.o)
                0x02001060                crt0ProcessLoadList
 .text.crt0Startup
                0x020010d4      0x180 C:/devkitPro/calico/lib\libcalico_ds9.a(startup.crt0.o)
                0x020010d4                crt0Startup
 .text.crt0CopyMem32
                0x02001254       0x4c C:/devkitPro/calico/lib\libcalico_ds9.a(utils.crt0.o)
                0x02001254                crt0CopyMem32
 .text.crt0FillMem32
                0x020012a0       0x58 C:/devkitPro/calico/lib\libcalico_ds9.a(utils.crt0.o)
                0x020012a0                crt0FillMem32
 .text.crt0SetupMPU
                0x020012f8       0xb4 C:/devkitPro/calico/lib\libcalico_ds9.a(mpu_setup.crt0.o)
                0x020012f8                crt0SetupMPU
 *.crt0.*(.glue_7t .glue_7 .vfp11_veneer .v4_bx)
 *.crt0.*(.rodata .rodata.* .gnu.linkonce.r.*)
 *.crt0.*(.rodata1)
                0x020013c0                        . = ALIGN (0x20)
 *fill*         0x020013ac       0x14 ff
                0x02004998                        PROVIDE (__crt0_lma = LOADADDR (.crt0))
                0x02001000                        PROVIDE (__crt0_start = ADDR (.crt0))
                0x020013c0                        PROVIDE (__crt0_end = (ADDR (.crt0) + SIZEOF (.crt0)))
                0x00000001                        ASSERT (((__crt0_end <= LOADADDR (.bootstub)) || (__crt0_start >= (LOADADDR (.bootstub) + SIZEOF (.bootstub)))), Error: crt0 section overlaps initial bootstrap)

.dldi           0x0380b000        0x0 load address 0x02004d58
 *(.dldi)
                0x00000000                        PROVIDE (__dldi_lma = SIZEOF (.dldi)?LOADADDR (.dldi):0x0)

.vectors        0x00000000       0x20 load address 0x02004d58
 *(.vectors)
 .vectors       0x00000000       0x20 C:/devkitPro/calico/lib\libcalico_ds9.a(bootstub_arm9.o)

.itcm           0x01ff8020      0x67c load address 0x02004d78
 *(.itcm .itcm.*)
 .itcm          0x01ff8020       0x30 C:/devkitPro/calico/lib\libcalico_ds9.a(bootstub_arm9.o)
                0x01ff8038                __excpt_vectors
 *.itcm.*(.text .stub .text.* .gnu.linkonce.t.*)
 *.32.o(.text .stub .text.* .gnu.linkonce.t.*)
 .text.threadReschedule
                0x01ff8050       0x88 C:/devkitPro/calico/lib\libcalico_ds9.a(thread_hot.32.o)
 .text.threadBlock
                0x01ff80d8       0xd8 C:/devkitPro/calico/lib\libcalico_ds9.a(thread_hot.32.o)
                0x01ff80d8                threadBlock
 .text.threadUnblockOneByValue
                0x01ff81b0       0xc0 C:/devkitPro/calico/lib\libcalico_ds9.a(thread_hot.32.o)
                0x01ff81b0                threadUnblockOneByValue
 .text.threadUnblockAllByValue
                0x01ff8270      0x130 C:/devkitPro/calico/lib\libcalico_ds9.a(thread_hot.32.o)
                0x01ff8270                threadUnblockAllByValue
 .text.threadUnblockAllByMask
                0x01ff83a0      0x134 C:/devkitPro/calico/lib\libcalico_ds9.a(thread_hot.32.o)
                0x01ff83a0                threadUnblockAllByMask
 .text.armContextSave
                0x01ff84d4       0x2c C:/devkitPro/calico/lib\libcalico_ds9.a(arm-context.32.o)
                0x01ff84d4                armContextSave
 .text.armContextLoad
                0x01ff8500       0x20 C:/devkitPro/calico/lib\libcalico_ds9.a(arm-context.32.o)
                0x01ff8500                armContextLoad
                0x01ff8504                armContextLoadFromSvc
 .text.armWaitForIrq
                0x01ff8520        0x8 C:/devkitPro/calico/lib\libcalico_ds9.a(arm-shims.32.o)
                0x01ff8520                armWaitForIrq
 .text.__excpt_entry
                0x01ff8528       0x50 C:/devkitPro/calico/lib\libcalico_ds9.a(excpt_handler.32.o)
                0x01ff8528                __arm_excpt_rst
                0x01ff852c                __arm_excpt_pabt
                0x01ff8530                __arm_excpt_und
                0x01ff853c                __arm_excpt_dabt
 .text.armDrainWriteBuffer
                0x01ff8578        0xc C:/devkitPro/calico/lib\libcalico_ds9.a(arm-cache.32.o)
                0x01ff8578                armDrainWriteBuffer
 .text.armDCacheFlushAll
                0x01ff8584       0x28 C:/devkitPro/calico/lib\libcalico_ds9.a(arm-cache.32.o)
                0x01ff8584                armDCacheFlushAll
 .text.armICacheInvalidateAll
                0x01ff85ac        0xc C:/devkitPro/calico/lib\libcalico_ds9.a(arm-cache.32.o)
                0x01ff85ac                armICacheInvalidateAll
 .text.__arm_excpt_irq
                0x01ff85b8       0xe4 C:/devkitPro/calico/lib\libcalico_ds9.a(irq_handler.32.o)
                0x01ff85b8                __arm_excpt_irq
 *.itcm.*(.glue_7t .glue_7 .vfp11_veneer .v4_bx)
 *.32.o(.glue_7t .glue_7 .vfp11_veneer .v4_bx)
 *.itcm.*(.rodata .rodata.* .gnu.linkonce.r.*)
 *.32.o(.rodata .rodata.* .gnu.linkonce.r.*)
 *.itcm.*(.rodata1)
 *.32.o(.rodata1)
                0x01ff869c                        . = ALIGN (0x4)
                0x02004d58                        PROVIDE (__itcm_lma = LOADADDR (.vectors))
                0x01ff8000                        PROVIDE (__itcm_start = (ADDR (.itcm) - SIZEOF (.vectors)))
                0x01ff869c                        PROVIDE (__itcm_end = (ADDR (.itcm) + SIZEOF (.itcm)))
                0x00000001                        ASSERT (((__itcm_lma + SIZEOF (.vectors)) == LOADADDR (.itcm)), Error: gap between vectors and itcm)

.dtcm           0x02ff0000        0x0 load address 0x020053f4
 *(.dtcm .dtcm.*)
 *.32.o(.data .data.* .gnu.linkonce.d.*)
 *.32.o(.data1)
                0x02ff0000                        . = ALIGN (0x4)
                [!provide]                        PROVIDE (__dtcm_lma = LOADADDR (.dtcm))
                0x02ff0000                        PROVIDE (__dtcm_start = ADDR (.dtcm))
                0x02ff0000                        PROVIDE (__dtcm_end = (ADDR (.dtcm) + SIZEOF (.dtcm)))

.dtcm.bss       0x02ff0000       0x98 load address 0x020053f4
 *(.sbss .sbss.*)
 *.32.o(.dynbss)
 *.32.o(.bss .bss.* .gnu.linkonce.b.*)
 .bss.__irq_table
                0x02ff0000       0x80 C:/devkitPro/calico/lib\libcalico_ds9.a(thread_hot.32.o)
                0x02ff0000                __irq_table
 .bss.__sched_state
                0x02ff0080       0x18 C:/devkitPro/calico/lib\libcalico_ds9.a(thread_hot.32.o)
                0x02ff0080                __sched_state
 *.32.o(COMMON)
                0x02ff0098                        . = ALIGN (0x4)
                [!provide]                        PROVIDE (__dtcm_bss_start = ADDR (.dtcm.bss))
                0x02ff0098                        PROVIDE (__dtcm_bss_end = (ADDR (.dtcm.bss) + SIZEOF (.dtcm.bss)))

.main           0x020013c0    0x10bbc load address 0x020053f4
 *(SORT_NONE(.init))
 .init          0x020013c0        0xc C:/devkitPro/devkitARM/bin/../lib/gcc/arm-none-eabi/15.2.0/crti.o
                0x020013c0                _init
 .init          0x020013cc        0xc C:/devkitPro/devkitARM/bin/../lib/gcc/arm-none-eabi/15.2.0/crtn.o
 EXCLUDE_FILE(*.twl.*) *(.text.unlikely .text.*_unlikely .text.unlikely.*)
 EXCLUDE_FILE(*.twl.*) *(.text.exit .text.exit.*)
 .text.exit     0x020013d8       0x30 C:/devkitPro/devkitARM/bin/../lib/gcc/arm-none-eabi/15.2.0/../../../../arm-none-eabi/lib\libg.a(libc_a-exit.o)
                0x020013d8                exit
 EXCLUDE_FILE(*.twl.*) *(.text.startup .text.startup.*)
 .text.startup.main
                0x02001408       0x48 main.o
                0x02001408                main
 EXCLUDE_FILE(*.twl.*) *(.text.hot .text.hot.*)
 EXCLUDE_FILE(*.twl.*) *(.text .iplt .stub .text.* .gnu.linkonce.t.*)
 .text.__do_global_dtors_aux
                0x02001450       0x54 C:/devkitPro/devkitARM/bin/../lib/gcc/arm-none-eabi/15.2.0/crtbegin.o
 .text.frame_dummy
                0x020014a4       0x30 C:/devkitPro/devkitARM/bin/../lib/gcc/arm-none-eabi/15.2.0/crtbegin.o
 .iplt          0x020014d4        0x0 C:/devkitPro/devkitARM/bin/../lib/gcc/arm-none-eabi/15.2.0/crtbegin.o
 .text.newRow   0x020014d4       0xe0 C:/devkitPro/libnds/lib\libnds9.a(console.o)
 .text.consolePrintChar
                0x020015b4       0xe0 C:/devkitPro/libnds/lib\libnds9.a(console.o)
                0x020015b4                consolePrintChar
 .text.con_write
                0x02001694      0x344 C:/devkitPro/libnds/lib\libnds9.a(console.o)
                0x02001694                con_write
 .text.consoleLoadFont
                0x020019d8      0x2e8 C:/devkitPro/libnds/lib\libnds9.a(console.o)
                0x020019d8                consoleLoadFont
 .text.consoleInit
                0x02001cc0      0x170 C:/devkitPro/libnds/lib\libnds9.a(console.o)
                0x02001cc0                consoleInit
 .text.consoleDemoInit
                0x02001e30       0x40 C:/devkitPro/libnds/lib\libnds9.a(console.o)
                0x02001e30                consoleDemoInit
 .text.scanKeys
                0x02001e70       0x6c C:/devkitPro/libnds/lib\libnds9.a(keys.o)
                0x02001e70                scanKeys
 .text.keysDown
                0x02001edc       0x10 C:/devkitPro/libnds/lib\libnds9.a(keys.o)
                0x02001edc                keysDown
 .text.checkIfText
                0x02001eec       0x6c C:/devkitPro/libnds/lib\libnds9.a(background.o)
                0x02001eec                checkIfText
 .text.bgUpdate
                0x02001f58       0xe8 C:/devkitPro/libnds/lib\libnds9.a(background.o)
                0x02001f58                bgUpdate
 .text.bgInit_call
                0x02002040       0xa8 C:/devkitPro/libnds/lib\libnds9.a(background.o)
                0x02002040                bgInit_call
 .text.bgInitSub_call
                0x020020e8       0xb0 C:/devkitPro/libnds/lib\libnds9.a(background.o)
                0x020020e8                bgInitSub_call
 .text.sinLutLookup
                0x02002198       0x4c C:/devkitPro/libnds/lib\libnds9.a(trig.o)
                0x02002198                sinLutLookup
 .text.sinLerp  0x020021e4       0x38 C:/devkitPro/libnds/lib\libnds9.a(trig.o)
                0x020021e4                sinLerp
 .text.cosLerp  0x0200221c       0x44 C:/devkitPro/libnds/lib\libnds9.a(trig.o)
                0x0200221c                cosLerp
 .text.threadExit
                0x02002260       0x9c C:/devkitPro/calico/lib\libcalico_ds9.a(thread_cold.o)
                0x02002260                threadExit
 .text._threadTickTask
                0x020022fc       0x10 C:/devkitPro/calico/lib\libcalico_ds9.a(thread_cold.o)
 .text._threadInit
                0x0200230c       0x98 C:/devkitPro/calico/lib\libcalico_ds9.a(thread_cold.o)
                0x0200230c                _threadInit
 .text.threadPrepare
                0x020023a4       0xa4 C:/devkitPro/calico/lib\libcalico_ds9.a(thread_cold.o)
                0x020023a4                threadPrepare
 .text.threadStart
                0x02002448       0xc8 C:/devkitPro/calico/lib\libcalico_ds9.a(thread_cold.o)
                0x02002448                threadStart
 .text.threadIrqWait
                0x02002510       0xa0 C:/devkitPro/calico/lib\libcalico_ds9.a(thread_cold.o)
                0x02002510                threadIrqWait
 .text.threadSleepTicks
                0x020025b0       0x58 C:/devkitPro/calico/lib\libcalico_ds9.a(thread_cold.o)
                0x020025b0                threadSleepTicks
 .text.keypadGetState
                0x02002608       0x28 C:/devkitPro/calico/lib\libcalico_ds9.a(keypad.o)
                0x02002608                keypadGetState
 .text._pmCallEventHandlers
                0x02002630       0x40 C:/devkitPro/calico/lib\libcalico_ds9.a(pm.o)
 .text._pmPxiThreadMain
                0x02002670       0xa0 C:/devkitPro/calico/lib\libcalico_ds9.a(pm.o)
 .text._pmResetPxiHandler
                0x02002710       0x28 C:/devkitPro/calico/lib\libcalico_ds9.a(pm.o)
 .text.systemUserExit
                0x02002738        0x4 C:/devkitPro/calico/lib\libcalico_ds9.a(pm.o)
                0x02002738                systemUserExit
 .text.systemErrorExit
                0x0200273c        0x4 C:/devkitPro/calico/lib\libcalico_ds9.a(pm.o)
                0x0200273c                systemErrorExit
 .text.__syscall_exit
                0x02002740      0x138 C:/devkitPro/calico/lib\libcalico_ds9.a(pm.o)
                0x02002740                __syscall_exit
 .text.pmInit   0x02002878       0x58 C:/devkitPro/calico/lib\libcalico_ds9.a(pm.o)
                0x02002878                pmInit
 .text.pmEnterSleep
                0x020028d0       0xcc C:/devkitPro/calico/lib\libcalico_ds9.a(pm.o)
                0x020028d0                pmEnterSleep
 .text.pmMainLoop
                0x0200299c       0x74 C:/devkitPro/calico/lib\libcalico_ds9.a(pm.o)
                0x0200299c                pmMainLoop
 .text.touchRead
                0x02002a10       0x58 C:/devkitPro/calico/lib\libcalico_ds9.a(touch.o)
                0x02002a10                touchRead
 .text._tickCountIsr
                0x02002a68       0x1c C:/devkitPro/calico/lib\libcalico_ds9.a(tick.o)
 .text._tickTaskSchedule.part.0.isra.0
                0x02002a84       0x84 C:/devkitPro/calico/lib\libcalico_ds9.a(tick.o)
 .text.tickInit
                0x02002b08       0xa0 C:/devkitPro/calico/lib\libcalico_ds9.a(tick.o)
                0x02002b08                tickInit
 .text.tickGetCount
                0x02002ba8       0x5c C:/devkitPro/calico/lib\libcalico_ds9.a(tick.o)
                0x02002ba8                tickGetCount
 .text._tickTaskIsr
                0x02002c04      0x110 C:/devkitPro/calico/lib\libcalico_ds9.a(tick.o)
 .text.tickTaskStart
                0x02002d14      0x144 C:/devkitPro/calico/lib\libcalico_ds9.a(tick.o)
                0x02002d14                tickTaskStart
 .text.mailboxTrySend
                0x02002e58       0x98 C:/devkitPro/calico/lib\libcalico_ds9.a(mailbox.o)
                0x02002e58                mailboxTrySend
 .text.mailboxRecv
                0x02002ef0       0x98 C:/devkitPro/calico/lib\libcalico_ds9.a(mailbox.o)
                0x02002ef0                mailboxRecv
 .text.__syscall_getreent
                0x02002f88       0x14 C:/devkitPro/calico/lib\libcalico_ds9.a(newlib_syscalls.o)
                0x02002f88                __syscall_getreent
 .text.__errno  0x02002f9c       0x24 C:/devkitPro/calico/lib\libcalico_ds9.a(newlib_syscalls.o)
                0x02002f9c                __errno
 .text.__syscall_lock_acquire
                0x02002fc0        0x4 C:/devkitPro/calico/lib\libcalico_ds9.a(newlib_syscalls.o)
                0x02002fc0                __syscall_lock_acquire
 .text.__syscall_lock_release
                0x02002fc4        0x4 C:/devkitPro/calico/lib\libcalico_ds9.a(newlib_syscalls.o)
                0x02002fc4                __syscall_lock_release
 .text.__syscall_lock_acquire_recursive
                0x02002fc8       0x4c C:/devkitPro/calico/lib\libcalico_ds9.a(newlib_syscalls.o)
                0x02002fc8                __syscall_lock_acquire_recursive
 .text.__syscall_lock_release_recursive
                0x02003014       0x18 C:/devkitPro/calico/lib\libcalico_ds9.a(newlib_syscalls.o)
                0x02003014                __syscall_lock_release_recursive
 .text._pxiMailboxHandler
                0x0200302c        0x4 C:/devkitPro/calico/lib\libcalico_ds9.a(pxi.o)
 .text._pxiRecvUnhandled
                0x02003030        0x4 C:/devkitPro/calico/lib\libcalico_ds9.a(pxi.o)
                0x02003030                _pxiRecvUnhandled
 .text._pxiRecvIrqHandler
                0x02003034      0x154 C:/devkitPro/calico/lib\libcalico_ds9.a(pxi.o)
 .text._pxiInit
                0x02003188       0x58 C:/devkitPro/calico/lib\libcalico_ds9.a(pxi.o)
                0x02003188                _pxiInit
 .text.pxiSetHandler
                0x020031e0       0x74 C:/devkitPro/calico/lib\libcalico_ds9.a(pxi.o)
                0x020031e0                pxiSetHandler
 .text.pxiSetMailbox
                0x02003254       0x68 C:/devkitPro/calico/lib\libcalico_ds9.a(pxi.o)
                0x02003254                pxiSetMailbox
 .text.pxiWaitRemote
                0x020032bc       0x38 C:/devkitPro/calico/lib\libcalico_ds9.a(pxi.o)
                0x020032bc                pxiWaitRemote
 .text.pxiSendPacket
                0x020032f4       0x50 C:/devkitPro/calico/lib\libcalico_ds9.a(pxi.o)
                0x020032f4                pxiSendPacket
 .text.systemUserStartup
                0x02003344        0x4 C:/devkitPro/calico/lib\libcalico_ds9.a(sys_startup.o)
                0x02003344                systemUserStartup
 .text.systemStartup
                0x02003348      0x104 C:/devkitPro/calico/lib\libcalico_ds9.a(sys_startup.o)
                0x02003348                systemStartup
 .text.irqSet   0x0200344c       0x64 C:/devkitPro/calico/lib\libcalico_ds9.a(irq.o)
                0x0200344c                irqSet
 .text.threadUpdateDynamicPrio
                0x020034b0      0x1cc C:/devkitPro/calico/lib\libcalico_ds9.a(mutex.o)
 .text.threadRemoveWaiter
                0x0200367c      0x1c8 C:/devkitPro/calico/lib\libcalico_ds9.a(mutex.o)
 .text.mutexLock
                0x02003844      0x150 C:/devkitPro/calico/lib\libcalico_ds9.a(mutex.o)
                0x02003844                mutexLock
 .text.mutexUnlock
                0x02003994       0xd0 C:/devkitPro/calico/lib\libcalico_ds9.a(mutex.o)
                0x02003994                mutexUnlock
 .text          0x02003a64      0x148 C:/devkitPro/devkitARM/bin/../lib/gcc/arm-none-eabi/15.2.0\libgcc.a(_divsi3.o)
                0x02003a64                __divsi3
                0x02003a64                __aeabi_idiv
                0x02003b8c                __aeabi_idivmod
 .text          0x02003bac        0x4 C:/devkitPro/devkitARM/bin/../lib/gcc/arm-none-eabi/15.2.0\libgcc.a(_dvmd_tls.o)
                0x02003bac                __aeabi_idiv0
                0x02003bac                __aeabi_ldiv0
 .text          0x02003bb0       0x3c C:/devkitPro/devkitARM/bin/../lib/gcc/arm-none-eabi/15.2.0\libgcc.a(_aeabi_uldivmod.o)
                0x02003bb0                __aeabi_uldivmod
 .text.__udivmoddi4
                0x02003bec      0x140 C:/devkitPro/devkitARM/bin/../lib/gcc/arm-none-eabi/15.2.0\libgcc.a(_udivmoddi4.o)
                0x02003bec                __udivmoddi4
 .text          0x02003d2c       0x28 C:/devkitPro/devkitARM/bin/../lib/gcc/arm-none-eabi/15.2.0\libgcc.a(_clzdi2.o)
                0x02003d2c                __clzdi2
 .text          0x02003d54       0x48 C:/devkitPro/devkitARM/bin/../lib/gcc/arm-none-eabi/15.2.0\libgcc.a(_clzsi2.o)
                0x02003d54                __clzsi2
 .text.__libc_init_array
                0x02003d9c       0x90 C:/devkitPro/devkitARM/bin/../lib/gcc/arm-none-eabi/15.2.0/../../../../arm-none-eabi/lib\libg.a(libc_a-init.o)
                0x02003d9c                __libc_init_array
 .text.siscanf  0x02003e2c       0x78 C:/devkitPro/devkitARM/bin/../lib/gcc/arm-none-eabi/15.2.0/../../../../arm-none-eabi/lib\libg.a(libc_a-siscanf.o)
                0x02003e2c                siscanf
 .text._malloc_r
                0x02003ea4      0x804 C:/devkitPro/devkitARM/bin/../lib/gcc/arm-none-eabi/15.2.0/../../../../arm-none-eabi/lib\libg.a(libc_a-mallocr.o)
                0x02003ea4                _malloc_r
 .text._malloc_trim_r
                0x020046a8      0x11c C:/devkitPro/devkitARM/bin/../lib/gcc/arm-none-eabi/15.2.0/../../../../arm-none-eabi/lib\libg.a(libc_a-freer.o)
                0x020046a8                _malloc_trim_r
 .text._free_r  0x020047c4      0x2fc C:/devkitPro/devkitARM/bin/../lib/gcc/arm-none-eabi/15.2.0/../../../../arm-none-eabi/lib\libg.a(libc_a-freer.o)
                0x020047c4                _free_r
 .text.memset   0x02004ac0       0xf4 C:/devkitPro/devkitARM/bin/../lib/gcc/arm-none-eabi/15.2.0/../../../../arm-none-eabi/lib\libg.a(libc_a-memset.o)
                0x02004ac0                memset
 .text.__malloc_lock
                0x02004bb4       0x18 C:/devkitPro/devkitARM/bin/../lib/gcc/arm-none-eabi/15.2.0/../../../../arm-none-eabi/lib\libg.a(libc_a-mlock.o)
                0x02004bb4                __malloc_lock
 .text.__malloc_unlock
                0x02004bcc       0x18 C:/devkitPro/devkitARM/bin/../lib/gcc/arm-none-eabi/15.2.0/../../../../arm-none-eabi/lib\libg.a(libc_a-mlock.o)
                0x02004bcc                __malloc_unlock
 .text.__call_exitprocs
                0x02004be4       0x10 C:/devkitPro/devkitARM/bin/../lib/gcc/arm-none-eabi/15.2.0/../../../../arm-none-eabi/lib\libg.a(libc_a-exit.o)
                0x02004be4                __call_exitprocs
 .text.setvbuf  0x02004bf4      0x29c C:/devkitPro/devkitARM/bin/../lib/gcc/arm-none-eabi/15.2.0/../../../../arm-none-eabi/lib\libg.a(libc_a-setvbuf.o)
                0x02004bf4                setvbuf
 .text.memcpy   0x02004e90      0x130 C:/devkitPro/devkitARM/bin/../lib/gcc/arm-none-eabi/15.2.0/../../../../arm-none-eabi/lib\libg.a(libc_a-memcpy-stub.o)
                0x02004e90                memcpy
 .text.iprintf  0x02004fc0       0x34 C:/devkitPro/devkitARM/bin/../lib/gcc/arm-none-eabi/15.2.0/../../../../arm-none-eabi/lib\libg.a(libc_a-iprintf.o)
                0x02004fc0                iprintf
 .text.__sread  0x02004ff4       0x4c C:/devkitPro/devkitARM/bin/../lib/gcc/arm-none-eabi/15.2.0/../../../../arm-none-eabi/lib\libg.a(libc_a-stdio.o)
                0x02004ff4                __sread
 .text.__seofread
                0x02005040        0x8 C:/devkitPro/devkitARM/bin/../lib/gcc/arm-none-eabi/15.2.0/../../../../arm-none-eabi/lib\libg.a(libc_a-stdio.o)
                0x02005040                __seofread
 .text.__swrite
                0x02005048       0x6c C:/devkitPro/devkitARM/bin/../lib/gcc/arm-none-eabi/15.2.0/../../../../arm-none-eabi/lib\libg.a(libc_a-stdio.o)
                0x02005048                __swrite
 .text.__sseek  0x020050b4       0x48 C:/devkitPro/devkitARM/bin/../lib/gcc/arm-none-eabi/15.2.0/../../../../arm-none-eabi/lib\libg.a(libc_a-stdio.o)
                0x020050b4                __sseek
 .text.__sclose
                0x020050fc       0x14 C:/devkitPro/devkitARM/bin/../lib/gcc/arm-none-eabi/15.2.0/../../../../arm-none-eabi/lib\libg.a(libc_a-stdio.o)
                0x020050fc                __sclose
 .text.get_arg  0x02005110      0x5fc C:/devkitPro/devkitARM/bin/../lib/gcc/arm-none-eabi/15.2.0/../../../../arm-none-eabi/lib\libg.a(libc_a-vfiprintf.o)
 .text._vfiprintf_r
                0x0200570c     0x2344 C:/devkitPro/devkitARM/bin/../lib/gcc/arm-none-eabi/15.2.0/../../../../arm-none-eabi/lib\libg.a(libc_a-vfiprintf.o)
                0x0200570c                _vfiprintf_r
 .text.__sbprintf
                0x02007a50       0xb8 C:/devkitPro/devkitARM/bin/../lib/gcc/arm-none-eabi/15.2.0/../../../../arm-none-eabi/lib\libg.a(libc_a-vfiprintf.o)
 .text.strlen   0x02007b08       0x90 C:/devkitPro/devkitARM/bin/../lib/gcc/arm-none-eabi/15.2.0/../../../../arm-none-eabi/lib\libg.a(libc_a-strlen.o)
                0x02007b08                strlen
 .text.get_arg  0x02007b98       0x54 C:/devkitPro/devkitARM/bin/../lib/gcc/arm-none-eabi/15.2.0/../../../../arm-none-eabi/lib\libg.a(libc_a-svfiscanf.o)
 .text._sungetc_r
                0x02007bec       0xe8 C:/devkitPro/devkitARM/bin/../lib/gcc/arm-none-eabi/15.2.0/../../../../arm-none-eabi/lib\libg.a(libc_a-svfiscanf.o)
                0x02007bec                _sungetc_r
 .text.__ssrefill_r
                0x02007cd4       0x68 C:/devkitPro/devkitARM/bin/../lib/gcc/arm-none-eabi/15.2.0/../../../../arm-none-eabi/lib\libg.a(libc_a-svfiscanf.o)
                0x02007cd4                __ssrefill_r
 .text._sfread_r
                0x02007d3c       0xb8 C:/devkitPro/devkitARM/bin/../lib/gcc/arm-none-eabi/15.2.0/../../../../arm-none-eabi/lib\libg.a(libc_a-svfiscanf.o)
                0x02007d3c                _sfread_r
 .text.__ssvfiscanf_r
                0x02007df4     0x22d4 C:/devkitPro/devkitARM/bin/../lib/gcc/arm-none-eabi/15.2.0/../../../../arm-none-eabi/lib\libg.a(libc_a-svfiscanf.o)
                0x02007df4                __ssvfiscanf_r
 .text.stdio_exit_handler
                0x0200a0c8       0x28 C:/devkitPro/devkitARM/bin/../lib/gcc/arm-none-eabi/15.2.0/../../../../arm-none-eabi/lib\libg.a(libc_a-findfp.o)
 .text.cleanup_stdio
                0x0200a0f0       0x54 C:/devkitPro/devkitARM/bin/../lib/gcc/arm-none-eabi/15.2.0/../../../../arm-none-eabi/lib\libg.a(libc_a-findfp.o)
 .text.global_stdio_init.part.0
                0x0200a144      0x158 C:/devkitPro/devkitARM/bin/../lib/gcc/arm-none-eabi/15.2.0/../../../../arm-none-eabi/lib\libg.a(libc_a-findfp.o)
 .text.__sinit  0x0200a29c       0x64 C:/devkitPro/devkitARM/bin/../lib/gcc/arm-none-eabi/15.2.0/../../../../arm-none-eabi/lib\libg.a(libc_a-findfp.o)
                0x0200a29c                __sinit
 .text.__sfp_lock_acquire
                0x0200a300       0x18 C:/devkitPro/devkitARM/bin/../lib/gcc/arm-none-eabi/15.2.0/../../../../arm-none-eabi/lib\libg.a(libc_a-findfp.o)
                0x0200a300                __sfp_lock_acquire
 .text.__sfp_lock_release
                0x0200a318       0x18 C:/devkitPro/devkitARM/bin/../lib/gcc/arm-none-eabi/15.2.0/../../../../arm-none-eabi/lib\libg.a(libc_a-findfp.o)
                0x0200a318                __sfp_lock_release
 .text._strtoul_l.isra.0
                0x0200a330      0x1f0 C:/devkitPro/devkitARM/bin/../lib/gcc/arm-none-eabi/15.2.0/../../../../arm-none-eabi/lib\libg.a(libc_a-strtoul.o)
 .text._strtoul_r
                0x0200a520       0x38 C:/devkitPro/devkitARM/bin/../lib/gcc/arm-none-eabi/15.2.0/../../../../arm-none-eabi/lib\libg.a(libc_a-strtoul.o)
                0x0200a520                _strtoul_r
 .text._fwalk_sglue
                0x0200a558       0x78 C:/devkitPro/devkitARM/bin/../lib/gcc/arm-none-eabi/15.2.0/../../../../arm-none-eabi/lib\libg.a(libc_a-fwalk.o)
                0x0200a558                _fwalk_sglue
 .text.__sprint_r
                0x0200a5d0       0x34 C:/devkitPro/devkitARM/bin/../lib/gcc/arm-none-eabi/15.2.0/../../../../arm-none-eabi/lib\libg.a(libc_a-sprint_r.o)
                0x0200a5d0                __sprint_r
 .text.iswspace
                0x0200a604       0x14 C:/devkitPro/devkitARM/bin/../lib/gcc/arm-none-eabi/15.2.0/../../../../arm-none-eabi/lib\libg.a(libc_a-iswspace.o)
                0x0200a604                iswspace
 .text._localeconv_r
                0x0200a618       0x28 C:/devkitPro/devkitARM/bin/../lib/gcc/arm-none-eabi/15.2.0/../../../../arm-none-eabi/lib\libg.a(libc_a-localeconv.o)
                0x0200a618                _localeconv_r
 .text.realloc  0x0200a640       0x2c C:/devkitPro/devkitARM/bin/../lib/gcc/arm-none-eabi/15.2.0/../../../../arm-none-eabi/lib\libg.a(libc_a-realloc.o)
                0x0200a640                realloc
 .text.memchr   0x0200a66c       0xf4 C:/devkitPro/devkitARM/bin/../lib/gcc/arm-none-eabi/15.2.0/../../../../arm-none-eabi/lib\libg.a(libc_a-memchr-stub.o)
                0x0200a66c                memchr
 .text._wcrtomb_r
                0x0200a760       0xac C:/devkitPro/devkitARM/bin/../lib/gcc/arm-none-eabi/15.2.0/../../../../arm-none-eabi/lib\libg.a(libc_a-wcrtomb.o)
                0x0200a760                _wcrtomb_r
 .text._strtol_l.part.0
                0x0200a80c      0x388 C:/devkitPro/devkitARM/bin/../lib/gcc/arm-none-eabi/15.2.0/../../../../arm-none-eabi/lib\libg.a(libc_a-strtol.o)
 .text._strtol_r
                0x0200ab94       0x70 C:/devkitPro/devkitARM/bin/../lib/gcc/arm-none-eabi/15.2.0/../../../../arm-none-eabi/lib\libg.a(libc_a-strtol.o)
                0x0200ab94                _strtol_r
 .text.__libc_fini_array
                0x0200ac04       0x44 C:/devkitPro/devkitARM/bin/../lib/gcc/arm-none-eabi/15.2.0/../../../../arm-none-eabi/lib\libg.a(libc_a-fini.o)
                0x0200ac04                __libc_fini_array
 .text.malloc   0x0200ac48       0x48 C:/devkitPro/devkitARM/bin/../lib/gcc/arm-none-eabi/15.2.0/../../../../arm-none-eabi/lib\libg.a(libc_a-malloc.o)
                0x0200ac48                malloc
 .text.free     0x0200ac90       0x24 C:/devkitPro/devkitARM/bin/../lib/gcc/arm-none-eabi/15.2.0/../../../../arm-none-eabi/lib\libg.a(libc_a-malloc.o)
                0x0200ac90                free
 .text.__sccl   0x0200acb4       0xe8 C:/devkitPro/devkitARM/bin/../lib/gcc/arm-none-eabi/15.2.0/../../../../arm-none-eabi/lib\libg.a(libc_a-sccl.o)
                0x0200acb4                __sccl
 .text.__sflush_r
                0x0200ad9c      0x248 C:/devkitPro/devkitARM/bin/../lib/gcc/arm-none-eabi/15.2.0/../../../../arm-none-eabi/lib\libg.a(libc_a-fflush.o)
                0x0200ad9c                __sflush_r
 .text._fflush_r
                0x0200afe4       0xcc C:/devkitPro/devkitARM/bin/../lib/gcc/arm-none-eabi/15.2.0/../../../../arm-none-eabi/lib\libg.a(libc_a-fflush.o)
                0x0200afe4                _fflush_r
 .text.__smakebuf_r
                0x0200b0b0      0x168 C:/devkitPro/devkitARM/bin/../lib/gcc/arm-none-eabi/15.2.0/../../../../arm-none-eabi/lib\libg.a(libc_a-makebuf.o)
                0x0200b0b0                __smakebuf_r
 .text.__swhatbuf_r
                0x0200b218       0x84 C:/devkitPro/devkitARM/bin/../lib/gcc/arm-none-eabi/15.2.0/../../../../arm-none-eabi/lib\libg.a(libc_a-makebuf.o)
                0x0200b218                __swhatbuf_r
 .text._realloc_r
                0x0200b29c      0x51c C:/devkitPro/devkitARM/bin/../lib/gcc/arm-none-eabi/15.2.0/../../../../arm-none-eabi/lib\libg.a(libc_a-reallocr.o)
                0x0200b29c                _realloc_r
 .text.strncpy  0x0200b7b8       0xdc C:/devkitPro/devkitARM/bin/../lib/gcc/arm-none-eabi/15.2.0/../../../../arm-none-eabi/lib\libg.a(libc_a-strncpy.o)
                0x0200b7b8                strncpy
 .text._strtoull_l.isra.0
                0x0200b894      0x268 C:/devkitPro/devkitARM/bin/../lib/gcc/arm-none-eabi/15.2.0/../../../../arm-none-eabi/lib\libg.a(libc_a-strtoull.o)
 .text._strtoull_r
                0x0200bafc       0x38 C:/devkitPro/devkitARM/bin/../lib/gcc/arm-none-eabi/15.2.0/../../../../arm-none-eabi/lib\libg.a(libc_a-strtoull.o)
                0x0200bafc                _strtoull_r
 .text._wcsrtombs_r
                0x0200bb34       0x2c C:/devkitPro/devkitARM/bin/../lib/gcc/arm-none-eabi/15.2.0/../../../../arm-none-eabi/lib\libg.a(libc_a-wcsrtombs.o)
                0x0200bb34                _wcsrtombs_r
 .text._mbrtowc_r
                0x0200bb60       0xd0 C:/devkitPro/devkitARM/bin/../lib/gcc/arm-none-eabi/15.2.0/../../../../arm-none-eabi/lib\libg.a(libc_a-mbrtowc.o)
                0x0200bb60                _mbrtowc_r
 .text.__swsetup_r
                0x0200bc30      0x148 C:/devkitPro/devkitARM/bin/../lib/gcc/arm-none-eabi/15.2.0/../../../../arm-none-eabi/lib\libg.a(libc_a-wsetup.o)
                0x0200bc30                __swsetup_r
 .text.__sfvwrite_r
                0x0200bd78      0x4b4 C:/devkitPro/devkitARM/bin/../lib/gcc/arm-none-eabi/15.2.0/../../../../arm-none-eabi/lib\libg.a(libc_a-fvwrite.o)
                0x0200bd78                __sfvwrite_r
 .text.memmove  0x0200c22c      0x170 C:/devkitPro/devkitARM/bin/../lib/gcc/arm-none-eabi/15.2.0/../../../../arm-none-eabi/lib\libg.a(libc_a-memmove.o)
                0x0200c22c                memmove
 .text.iswspace_l
                0x0200c39c       0x40 C:/devkitPro/devkitARM/bin/../lib/gcc/arm-none-eabi/15.2.0/../../../../arm-none-eabi/lib\libg.a(libc_a-iswspace_l.o)
                0x0200c39c                iswspace_l
 .text._fclose_r
                0x0200c3dc      0x14c C:/devkitPro/devkitARM/bin/../lib/gcc/arm-none-eabi/15.2.0/../../../../arm-none-eabi/lib\libg.a(libc_a-fclose.o)
                0x0200c3dc                _fclose_r
 .text._strtoll_l.isra.0
                0x0200c528      0x49c C:/devkitPro/devkitARM/bin/../lib/gcc/arm-none-eabi/15.2.0/../../../../arm-none-eabi/lib\libg.a(libc_a-strtoll.o)
 .text._strtoll_r
                0x0200c9c4       0x38 C:/devkitPro/devkitARM/bin/../lib/gcc/arm-none-eabi/15.2.0/../../../../arm-none-eabi/lib\libg.a(libc_a-strtoll.o)
                0x0200c9c4                _strtoll_r
 .text.__locale_mb_cur_max
                0x0200c9fc       0x28 C:/devkitPro/devkitARM/bin/../lib/gcc/arm-none-eabi/15.2.0/../../../../arm-none-eabi/lib\libg.a(libc_a-locale.o)
                0x0200c9fc                __locale_mb_cur_max
 .text.__submore
                0x0200ca24       0xbc C:/devkitPro/devkitARM/bin/../lib/gcc/arm-none-eabi/15.2.0/../../../../arm-none-eabi/lib\libg.a(libc_a-ungetc.o)
                0x0200ca24                __submore
 .text._memalign_r
                0x0200cae0      0x188 C:/devkitPro/devkitARM/bin/../lib/gcc/arm-none-eabi/15.2.0/../../../../arm-none-eabi/lib\libg.a(libc_a-malignr.o)
                0x0200cae0                _memalign_r
 .text._wcsnrtombs_l
                0x0200cc68      0x16c C:/devkitPro/devkitARM/bin/../lib/gcc/arm-none-eabi/15.2.0/../../../../arm-none-eabi/lib\libg.a(libc_a-wcsnrtombs.o)
                0x0200cc68                _wcsnrtombs_l
 .text._wcsnrtombs_r
                0x0200cdd4       0x68 C:/devkitPro/devkitARM/bin/../lib/gcc/arm-none-eabi/15.2.0/../../../../arm-none-eabi/lib\libg.a(libc_a-wcsnrtombs.o)
                0x0200cdd4                _wcsnrtombs_r
 .text.__utf8_mbtowc
                0x0200ce3c      0x344 C:/devkitPro/devkitARM/bin/../lib/gcc/arm-none-eabi/15.2.0/../../../../arm-none-eabi/lib\libg.a(libc_a-mbtowc_r.o)
                0x0200ce3c                __utf8_mbtowc
 .text.category
                0x0200d180       0x98 C:/devkitPro/devkitARM/bin/../lib/gcc/arm-none-eabi/15.2.0/../../../../arm-none-eabi/lib\libg.a(libc_a-categories.o)
                0x0200d180                category
 .text.__utf8_wctomb
                0x0200d218       0xf8 C:/devkitPro/devkitARM/bin/../lib/gcc/arm-none-eabi/15.2.0/../../../../arm-none-eabi/lib\libg.a(libc_a-wctomb_r.o)
                0x0200d218                __utf8_wctomb
 .text._exit    0x0200d310       0x20 C:/devkitPro/devkitARM/bin/../lib/gcc/arm-none-eabi/15.2.0/../../../../arm-none-eabi/lib\libsysbase.a(libsysbase_libsysbase_a-_exit.o)
                0x0200d310                _exit
 .text._fstat_r
                0x0200d330       0xa0 C:/devkitPro/devkitARM/bin/../lib/gcc/arm-none-eabi/15.2.0/../../../../arm-none-eabi/lib\libsysbase.a(libsysbase_libsysbase_a-fstat.o)
                0x0200d330                _fstat_r
 .text.__getreent
                0x0200d3d0       0x30 C:/devkitPro/devkitARM/bin/../lib/gcc/arm-none-eabi/15.2.0/../../../../arm-none-eabi/lib\libsysbase.a(libsysbase_libsysbase_a-getreent.o)
                0x0200d3d0                __getreent
 .text.__get_handle
                0x0200d400       0x5c C:/devkitPro/devkitARM/bin/../lib/gcc/arm-none-eabi/15.2.0/../../../../arm-none-eabi/lib\libsysbase.a(libsysbase_libsysbase_a-handle_manager.o)
                0x0200d400                __get_handle
 .text._close_r
                0x0200d45c      0x118 C:/devkitPro/devkitARM/bin/../lib/gcc/arm-none-eabi/15.2.0/../../../../arm-none-eabi/lib\libsysbase.a(libsysbase_libsysbase_a-handle_manager.o)
                0x0200d45c                _close_r
 .text.null_write
                0x0200d574        0x8 C:/devkitPro/devkitARM/bin/../lib/gcc/arm-none-eabi/15.2.0/../../../../arm-none-eabi/lib\libsysbase.a(libsysbase_libsysbase_a-iosupport.o)
 .text._isatty_r
                0x0200d57c        0x8 C:/devkitPro/devkitARM/bin/../lib/gcc/arm-none-eabi/15.2.0/../../../../arm-none-eabi/lib\libsysbase.a(libsysbase_libsysbase_a-isatty.o)
                0x0200d57c                _isatty_r
 .text._lseek_r
                0x0200d584       0x98 C:/devkitPro/devkitARM/bin/../lib/gcc/arm-none-eabi/15.2.0/../../../../arm-none-eabi/lib\libsysbase.a(libsysbase_libsysbase_a-lseek.o)
                0x0200d584                _lseek_r
 .text._read_r  0x0200d61c       0x98 C:/devkitPro/devkitARM/bin/../lib/gcc/arm-none-eabi/15.2.0/../../../../arm-none-eabi/lib\libsysbase.a(libsysbase_libsysbase_a-read.o)
                0x0200d61c                _read_r
 .text._sbrk_r  0x0200d6b4       0x78 C:/devkitPro/devkitARM/bin/../lib/gcc/arm-none-eabi/15.2.0/../../../../arm-none-eabi/lib\libsysbase.a(libsysbase_libsysbase_a-sbrk.o)
                0x0200d6b4                _sbrk_r
 .text.__libc_lock_acquire
                0x0200d72c       0x20 C:/devkitPro/devkitARM/bin/../lib/gcc/arm-none-eabi/15.2.0/../../../../arm-none-eabi/lib\libsysbase.a(libsysbase_libsysbase_a-syscall_support.o)
                0x0200d72c                __libc_lock_acquire
 .text.__libc_lock_release
                0x0200d74c       0x20 C:/devkitPro/devkitARM/bin/../lib/gcc/arm-none-eabi/15.2.0/../../../../arm-none-eabi/lib\libsysbase.a(libsysbase_libsysbase_a-syscall_support.o)
                0x0200d74c                __libc_lock_release
 .text.__libc_lock_acquire_recursive
                0x0200d76c       0x20 C:/devkitPro/devkitARM/bin/../lib/gcc/arm-none-eabi/15.2.0/../../../../arm-none-eabi/lib\libsysbase.a(libsysbase_libsysbase_a-syscall_support.o)
                0x0200d76c                __libc_lock_acquire_recursive
 .text.__libc_lock_release_recursive
                0x0200d78c       0x20 C:/devkitPro/devkitARM/bin/../lib/gcc/arm-none-eabi/15.2.0/../../../../arm-none-eabi/lib\libsysbase.a(libsysbase_libsysbase_a-syscall_support.o)
                0x0200d78c                __libc_lock_release_recursive
 .text._write_r
                0x0200d7ac       0x98 C:/devkitPro/devkitARM/bin/../lib/gcc/arm-none-eabi/15.2.0/../../../../arm-none-eabi/lib\libsysbase.a(libsysbase_libsysbase_a-write.o)
                0x0200d7ac                _write_r
 .text          0x0200d844      0x114 C:/devkitPro/devkitARM/bin/../lib/gcc/arm-none-eabi/15.2.0\libgcc.a(_udivsi3.o)
                0x0200d844                __aeabi_uidiv
                0x0200d844                __udivsi3
                0x0200d938                __aeabi_uidivmod
 EXCLUDE_FILE(*.twl.*) *(.glue_7t .glue_7 .vfp11_veneer .v4_bx)
 .glue_7        0x0200d958        0x0 linker stubs
 .glue_7t       0x0200d958        0x0 linker stubs
 .vfp11_veneer  0x0200d958        0x0 linker stubs
 .v4_bx         0x0200d958        0x0 linker stubs
 *(SORT_NONE(.fini))
 .fini          0x0200d958        0xc C:/devkitPro/devkitARM/bin/../lib/gcc/arm-none-eabi/15.2.0/crti.o
                0x0200d958                _fini
 .fini          0x0200d964        0xc C:/devkitPro/devkitARM/bin/../lib/gcc/arm-none-eabi/15.2.0/crtn.o
 EXCLUDE_FILE(*.twl.*) *(.rodata .rodata.* .gnu.linkonce.r.*)
 .rodata.main.str1.4
                0x0200d970       0xa4 main.o
                                  0xd (size before relaxing)
 .rodata.con_write.str1.4
                0x0200da14        0x0 C:/devkitPro/libnds/lib\libnds9.a(console.o)
                                 0x30 (size before relaxing)
 .rodata.con_write
                0x0200da14       0xd4 C:/devkitPro/libnds/lib\libnds9.a(console.o)
 .rodata.str1.4
                0x0200dae8        0x0 C:/devkitPro/libnds/lib\libnds9.a(console.o)
                                 0x14 (size before relaxing)
 .rodata.dotab_stdout
                0x0200dae8       0x80 C:/devkitPro/libnds/lib\libnds9.a(console.o)
 .rodata.default_font_bin
                0x0200db68      0x800 C:/devkitPro/libnds/lib\libnds9.a(default_font.bin.o)
                0x0200db68                default_font_bin
                0x0200e368                default_font_bin_end
 .rodata.SIN_LUT
                0x0200e368      0x102 C:/devkitPro/libnds/lib\libnds9.a(trig.o)
                0x0200e368                SIN_LUT
 .rodata.get_arg
                0x0200e46a       0x34 C:/devkitPro/devkitARM/bin/../lib/gcc/arm-none-eabi/15.2.0/../../../../arm-none-eabi/lib\libg.a(libc_a-vfiprintf.o)
 .rodata._vfiprintf_r.str1.1
                0x0200e49e       0x29 C:/devkitPro/devkitARM/bin/../lib/gcc/arm-none-eabi/15.2.0/../../../../arm-none-eabi/lib\libg.a(libc_a-vfiprintf.o)
 *fill*         0x0200e4c7        0x1 ff
 .rodata._vfiprintf_r
                0x0200e4c8       0xb6 C:/devkitPro/devkitARM/bin/../lib/gcc/arm-none-eabi/15.2.0/../../../../arm-none-eabi/lib\libg.a(libc_a-vfiprintf.o)
 *fill*         0x0200e57e        0x2 ff
 .rodata.zeroes.0
                0x0200e580       0x10 C:/devkitPro/devkitARM/bin/../lib/gcc/arm-none-eabi/15.2.0/../../../../arm-none-eabi/lib\libg.a(libc_a-vfiprintf.o)
 .rodata.blanks.1
                0x0200e590       0x10 C:/devkitPro/devkitARM/bin/../lib/gcc/arm-none-eabi/15.2.0/../../../../arm-none-eabi/lib\libg.a(libc_a-vfiprintf.o)
 .rodata.__ssvfiscanf_r
                0x0200e5a0       0x7f C:/devkitPro/devkitARM/bin/../lib/gcc/arm-none-eabi/15.2.0/../../../../arm-none-eabi/lib\libg.a(libc_a-svfiscanf.o)
 *fill*         0x0200e61f        0x1 ff
 .rodata.basefix.0
                0x0200e620       0x22 C:/devkitPro/devkitARM/bin/../lib/gcc/arm-none-eabi/15.2.0/../../../../arm-none-eabi/lib\libg.a(libc_a-svfiscanf.o)
 *fill*         0x0200e642        0x2 ff
 .rodata._ctype_
                0x0200e644      0x101 C:/devkitPro/devkitARM/bin/../lib/gcc/arm-none-eabi/15.2.0/../../../../arm-none-eabi/lib\libg.a(libc_a-ctype_.o)
                0x0200e644                _ctype_
 *fill*         0x0200e745        0x3 ff
 .rodata.__action_table
                0x0200e748       0x6c C:/devkitPro/devkitARM/bin/../lib/gcc/arm-none-eabi/15.2.0/../../../../arm-none-eabi/lib\libg.a(libc_a-svfiprintf.o)
                0x0200e748                __action_table
 .rodata.__state_table
                0x0200e7b4       0x6c C:/devkitPro/devkitARM/bin/../lib/gcc/arm-none-eabi/15.2.0/../../../../arm-none-eabi/lib\libg.a(libc_a-svfiprintf.o)
                0x0200e7b4                __state_table
 .rodata.__chclass
                0x0200e820      0x100 C:/devkitPro/devkitARM/bin/../lib/gcc/arm-none-eabi/15.2.0/../../../../arm-none-eabi/lib\libg.a(libc_a-svfiprintf.o)
                0x0200e820                __chclass
 .rodata._mbrtowc_r.str1.4
                0x0200e920        0x0 C:/devkitPro/devkitARM/bin/../lib/gcc/arm-none-eabi/15.2.0/../../../../arm-none-eabi/lib\libg.a(libc_a-mbrtowc.o)
                                  0x1 (size before relaxing)
 .rodata.str1.4
                0x0200e920        0x0 C:/devkitPro/devkitARM/bin/../lib/gcc/arm-none-eabi/15.2.0/../../../../arm-none-eabi/lib\libg.a(libc_a-locale.o)
                                 0x4c (size before relaxing)
 .rodata.categories
                0x0200e920     0x35dc C:/devkitPro/devkitARM/bin/../lib/gcc/arm-none-eabi/15.2.0/../../../../arm-none-eabi/lib\libg.a(libc_a-categories.o)
 .rodata.AddDevice.str1.4
                0x02011efc        0x0 C:/devkitPro/devkitARM/bin/../lib/gcc/arm-none-eabi/15.2.0/../../../../arm-none-eabi/lib\libsysbase.a(libsysbase_libsysbase_a-iosupport.o)
                                  0x8 (size before relaxing)
 .rodata.dotab_stdnull
                0x02011efc       0x80 C:/devkitPro/devkitARM/bin/../lib/gcc/arm-none-eabi/15.2.0/../../../../arm-none-eabi/lib\libsysbase.a(libsysbase_libsysbase_a-iosupport.o)
                0x02011efc                dotab_stdnull
 EXCLUDE_FILE(*.twl.*) *(.rodata1)
                0x02011f7c                        . = ALIGN (0x4)

.main.rw        0x02011f80     0x1848 load address 0x02015fb4
 EXCLUDE_FILE(*.twl.*) *(.data .data.* .gnu.linkonce.d.*)
 .data.firstConsoleInit.0
                0x02011f80        0x1 C:/devkitPro/libnds/lib\libnds9.a(console.o)
 *fill*         0x02011f81        0x3 ff
 .data.currentConsole
                0x02011f84        0x4 C:/devkitPro/libnds/lib\libnds9.a(console.o)
                0x02011f84                currentConsole
 .data.defaultConsole
                0x02011f88       0x5c C:/devkitPro/libnds/lib\libnds9.a(console.o)
                0x02011f88                defaultConsole
 .data.count    0x02011fe4        0x1 C:/devkitPro/libnds/lib\libnds9.a(keys.o)
 .data.repeat   0x02011fe5        0x1 C:/devkitPro/libnds/lib\libnds9.a(keys.o)
 .data.delay    0x02011fe6        0x1 C:/devkitPro/libnds/lib\libnds9.a(keys.o)
 *fill*         0x02011fe7        0x1 ff
 .data.bgTransform
                0x02011fe8       0x20 C:/devkitPro/libnds/lib\libnds9.a(background.o)
                0x02011fe8                bgTransform
 .data.bgScrollTable
                0x02012008       0x20 C:/devkitPro/libnds/lib\libnds9.a(background.o)
                0x02012008                bgScrollTable
 .data.bgControl
                0x02012028       0x20 C:/devkitPro/libnds/lib\libnds9.a(background.o)
                0x02012028                bgControl
 .data.__malloc_sbrk_base
                0x02012048        0x4 C:/devkitPro/devkitARM/bin/../lib/gcc/arm-none-eabi/15.2.0/../../../../arm-none-eabi/lib\libg.a(libc_a-mallocr.o)
                0x02012048                __malloc_sbrk_base
 .data.__malloc_trim_threshold
                0x0201204c        0x4 C:/devkitPro/devkitARM/bin/../lib/gcc/arm-none-eabi/15.2.0/../../../../arm-none-eabi/lib\libg.a(libc_a-mallocr.o)
                0x0201204c                __malloc_trim_threshold
 .data.__malloc_av_
                0x02012050      0x408 C:/devkitPro/devkitARM/bin/../lib/gcc/arm-none-eabi/15.2.0/../../../../arm-none-eabi/lib\libg.a(libc_a-mallocr.o)
                0x02012050                __malloc_av_
 .data.__sglue  0x02012458        0xc C:/devkitPro/devkitARM/bin/../lib/gcc/arm-none-eabi/15.2.0/../../../../arm-none-eabi/lib\libg.a(libc_a-findfp.o)
                0x02012458                __sglue
 .data._impure_ptr
                0x02012464        0x4 C:/devkitPro/devkitARM/bin/../lib/gcc/arm-none-eabi/15.2.0/../../../../arm-none-eabi/lib\libg.a(libc_a-impure.o)
                0x02012464                _impure_ptr
 .data._impure_data
                0x02012468      0x140 C:/devkitPro/devkitARM/bin/../lib/gcc/arm-none-eabi/15.2.0/../../../../arm-none-eabi/lib\libg.a(libc_a-impure.o)
                0x02012468                _impure_data
 .data.__global_locale
                0x020125a8      0x16c C:/devkitPro/devkitARM/bin/../lib/gcc/arm-none-eabi/15.2.0/../../../../arm-none-eabi/lib\libg.a(libc_a-locale.o)
                0x020125a8                __global_locale
 *fill*         0x02012714        0x4 ff
 .data.handles  0x02012718     0x1000 C:/devkitPro/devkitARM/bin/../lib/gcc/arm-none-eabi/15.2.0/../../../../arm-none-eabi/lib\libsysbase.a(libsysbase_libsysbase_a-handle_manager.o)
 .data.__stderr_handle
                0x02013718        0xc C:/devkitPro/devkitARM/bin/../lib/gcc/arm-none-eabi/15.2.0/../../../../arm-none-eabi/lib\libsysbase.a(libsysbase_libsysbase_a-handle_manager.o)
 .data.__stdout_handle
                0x02013724        0xc C:/devkitPro/devkitARM/bin/../lib/gcc/arm-none-eabi/15.2.0/../../../../arm-none-eabi/lib\libsysbase.a(libsysbase_libsysbase_a-handle_manager.o)
 .data.__stdin_handle
                0x02013730        0xc C:/devkitPro/devkitARM/bin/../lib/gcc/arm-none-eabi/15.2.0/../../../../arm-none-eabi/lib\libsysbase.a(libsysbase_libsysbase_a-handle_manager.o)
 .data.devoptab_list
                0x0201373c       0x8c C:/devkitPro/devkitARM/bin/../lib/gcc/arm-none-eabi/15.2.0/../../../../arm-none-eabi/lib\libsysbase.a(libsysbase_libsysbase_a-iosupport.o)
                0x0201373c                devoptab_list
 EXCLUDE_FILE(*.twl.*) *(.data1)
 EXCLUDE_FILE(*.twl.*) *(.igot.plt)
 .igot.plt      0x020137c8        0x0 C:/devkitPro/devkitARM/bin/../lib/gcc/arm-none-eabi/15.2.0/crtbegin.o
                0x020137c8                        . = ALIGN (0x4)

.ARM.extab
 *(.ARM.extab* .gnu.linkonce.armextab.*)

.ARM.exidx      0x020137c8        0x0 load address 0x020177fc
 *(.ARM.exidx* .gnu.linkonce.armexidx.*)
                [!provide]                        PROVIDE (__exidx_start = ADDR (.ARM.exidx))
                [!provide]                        PROVIDE (__exidx_end = (ADDR (.ARM.exidx) + SIZEOF (.ARM.exidx)))

.eh_frame_hdr
 *(.eh_frame_hdr)
 *(.eh_frame_entry .eh_frame_entry.*)

.eh_frame       0x020137c8        0x4 load address 0x020177fc
 *(.eh_frame)
 .eh_frame      0x020137c8        0x0 C:/devkitPro/devkitARM/bin/../lib/gcc/arm-none-eabi/15.2.0/crtbegin.o
 .eh_frame      0x020137c8        0x4 C:/devkitPro/devkitARM/bin/../lib/gcc/arm-none-eabi/15.2.0/crtend.o
 *(.eh_frame.*)

.gcc_except_table
 *(.gcc_except_table .gcc_except_table.*)

.gnu_extab
 *(.gnu_extab*)

.tinfo          0x020137cc        0xc load address 0x02017800
                0x020137cc        0x4 LONG 0x20137e0 __tls_start
                0x020137d0        0x4 LONG 0x0 SIZEOF (.main.tls)
                0x020137d4        0x4 LONG 0x0 SIZEOF (.tdata)
                0x020137cc                        PROVIDE (__tls_info = ADDR (.tinfo))

.preinit_array  0x020137d8        0x0 load address 0x0201780c
                0x020137d8                        PROVIDE (__preinit_array_start = .)
 *(.preinit_array)
                0x020137d8                        PROVIDE (__preinit_array_end = .)

.init_array     0x020137d8        0x4 load address 0x0201780c
                0x020137d8                        PROVIDE (__init_array_start = .)
 *(SORT_BY_INIT_PRIORITY(.init_array.*) SORT_BY_INIT_PRIORITY(.ctors.*))
 *(.init_array .ctors)
 .init_array    0x020137d8        0x4 C:/devkitPro/devkitARM/bin/../lib/gcc/arm-none-eabi/15.2.0/crtbegin.o
                0x020137dc                        PROVIDE (__init_array_end = .)

.fini_array     0x020137dc        0x4 load address 0x02017810
                0x020137dc                        PROVIDE (__fini_array_start = .)
 *(SORT_BY_INIT_PRIORITY(.fini_array.*) SORT_BY_INIT_PRIORITY(.dtors.*))
 *(.fini_array .dtors)
 .fini_array    0x020137dc        0x4 C:/devkitPro/devkitARM/bin/../lib/gcc/arm-none-eabi/15.2.0/crtbegin.o
                0x020137e0                        PROVIDE (__fini_array_end = .)
                [!provide]                        PROVIDE (__main_lma = LOADADDR (.main))
                0x020013c0                        PROVIDE (__main_start = ADDR (.main))
                0x020137e0                        PROVIDE (__main_end = (ADDR (.fini_array) + SIZEOF (.fini_array)))

.tdata          0x00000000        0x0 load address 0x02017814
 *(.tdata .tdata.* .gnu.linkonce.td.*)
                0x00000000                        . = ALIGN (0x4)

.tbss           0x00000000        0x0 load address 0x02017814
 *(.tbss .tbss.* .gnu.linkonce.tb.*)
 *(.tcommon)
                0x00000000                        . = ALIGN (0x4)
                0x00000001                        ASSERT (((ALIGNOF (.tdata) <= 0x8) || (ALIGNOF (.tbss) <= 0x8)), Error: TLS is overaligned (up to 8-byte alignment is supported))
                0x00000001                        ASSERT (((ADDR (.tbss) + SIZEOF (.tbss)) <= (ORIGIN (tls) + LENGTH (tls))), Error: TLS section too large)

.main.tls       0x020137e0        0x0
                0x020137e0                        . = (. + ((ADDR (.tbss) + SIZEOF (.tbss)) - ADDR (.tdata)))
                [!provide]                        PROVIDE (__tls_lma = LOADADDR (.tdata))
                0x020137e0                        PROVIDE (__tls_start = ADDR (.main.tls))
                0x020137e0                        PROVIDE (__tls_end = (ADDR (.main.tls) + SIZEOF (.tdata)))

.main.bss       0x020137e0      0x924
 EXCLUDE_FILE(*.twl.*) *(.dynbss)
 EXCLUDE_FILE(*.twl.*) *(.bss .bss.* .gnu.linkonce.b.*)
 .bss.completed.1
                0x020137e0        0x1 C:/devkitPro/devkitARM/bin/../lib/gcc/arm-none-eabi/15.2.0/crtbegin.o
 *fill*         0x020137e1        0x3 
 .bss.object.0  0x020137e4       0x18 C:/devkitPro/devkitARM/bin/../lib/gcc/arm-none-eabi/15.2.0/crtbegin.o
 .bss.currentCopy
                0x020137fc       0x5c C:/devkitPro/libnds/lib\libnds9.a(console.o)
                0x020137fc                currentCopy
 .bss.keysrepeat
                0x02013858        0x2 C:/devkitPro/libnds/lib\libnds9.a(keys.o)
 *fill*         0x0201385a        0x2 
 .bss.s_keypad  0x0201385c        0x4 C:/devkitPro/libnds/lib\libnds9.a(keys.o)
 .bss.bgIsTextLut
                0x02013860        0x8 C:/devkitPro/libnds/lib\libnds9.a(background.o)
                0x02013860                bgIsTextLut
 .bss.bgState   0x02013868      0x140 C:/devkitPro/libnds/lib\libnds9.a(background.o)
                0x02013868                bgState
 .bss.s_sleepThreads
                0x020139a8        0x8 C:/devkitPro/calico/lib\libcalico_ds9.a(thread_cold.o)
 .bss.s_joinThreads
                0x020139b0        0x8 C:/devkitPro/calico/lib\libcalico_ds9.a(thread_cold.o)
 .bss.s_idleThread
                0x020139b8       0x70 C:/devkitPro/calico/lib\libcalico_ds9.a(thread_cold.o)
 .bss.s_mainThread
                0x02013a28       0x70 C:/devkitPro/calico/lib\libcalico_ds9.a(thread_cold.o)
 .bss.s_pmPxiThreadStack
                0x02013a98      0x200 C:/devkitPro/calico/lib\libcalico_ds9.a(pm.o)
 .bss.s_pmPxiThread
                0x02013c98       0x70 C:/devkitPro/calico/lib\libcalico_ds9.a(pm.o)
 .bss.s_pmState
                0x02013d08        0x8 C:/devkitPro/calico/lib\libcalico_ds9.a(pm.o)
 .bss.s_firstTask
                0x02013d10        0x4 C:/devkitPro/calico/lib\libcalico_ds9.a(tick.o)
 *fill*         0x02013d14        0x4 
 .bss.s_highTickCount
                0x02013d18        0x8 C:/devkitPro/calico/lib\libcalico_ds9.a(tick.o)
 .bss.s_tickInit
                0x02013d20        0x1 C:/devkitPro/calico/lib\libcalico_ds9.a(tick.o)
 *fill*         0x02013d21        0x3 
 .bss.s_mailboxRecvQueue
                0x02013d24        0x8 C:/devkitPro/calico/lib\libcalico_ds9.a(mailbox.o)
 .bss.s_defaultErrno.0
                0x02013d2c        0x4 C:/devkitPro/calico/lib\libcalico_ds9.a(newlib_syscalls.o)
 .bss.__stacksize__
                0x02013d30        0x4 C:/devkitPro/calico/lib\libcalico_ds9.a(startup.crt0.o)
                0x02013d30                __stacksize__
 .bss.g_isTwlMode
                0x02013d34        0x1 C:/devkitPro/calico/lib\libcalico_ds9.a(startup.crt0.o)
                0x02013d34                g_isTwlMode
 *fill*         0x02013d35        0x3 
 .bss.s_pxiChannels
                0x02013d38      0x1f0 C:/devkitPro/calico/lib\libcalico_ds9.a(pxi.o)
 .bss.s_pxiRecvState
                0x02013f28        0x4 C:/devkitPro/calico/lib\libcalico_ds9.a(pxi.o)
 .bss.s_pxiRecvQueue
                0x02013f2c        0x8 C:/devkitPro/calico/lib\libcalico_ds9.a(pxi.o)
 .bss.s_pxiSendMutex
                0x02013f34        0x4 C:/devkitPro/calico/lib\libcalico_ds9.a(pxi.o)
 .bss.__malloc_current_mallinfo
                0x02013f38       0x28 C:/devkitPro/devkitARM/bin/../lib/gcc/arm-none-eabi/15.2.0/../../../../arm-none-eabi/lib\libg.a(libc_a-mallocr.o)
                0x02013f38                __malloc_current_mallinfo
 .bss.__malloc_max_total_mem
                0x02013f60        0x4 C:/devkitPro/devkitARM/bin/../lib/gcc/arm-none-eabi/15.2.0/../../../../arm-none-eabi/lib\libg.a(libc_a-mallocr.o)
                0x02013f60                __malloc_max_total_mem
 .bss.__malloc_max_sbrked_mem
                0x02013f64        0x4 C:/devkitPro/devkitARM/bin/../lib/gcc/arm-none-eabi/15.2.0/../../../../arm-none-eabi/lib\libg.a(libc_a-mallocr.o)
                0x02013f64                __malloc_max_sbrked_mem
 .bss.__malloc_top_pad
                0x02013f68        0x4 C:/devkitPro/devkitARM/bin/../lib/gcc/arm-none-eabi/15.2.0/../../../../arm-none-eabi/lib\libg.a(libc_a-mallocr.o)
                0x02013f68                __malloc_top_pad
 .bss.__malloc_recursive_mutex
                0x02013f6c        0xc C:/devkitPro/devkitARM/bin/../lib/gcc/arm-none-eabi/15.2.0/../../../../arm-none-eabi/lib\libg.a(libc_a-mlock.o)
 .bss.__sfp_recursive_mutex
                0x02013f78        0xc C:/devkitPro/devkitARM/bin/../lib/gcc/arm-none-eabi/15.2.0/../../../../arm-none-eabi/lib\libg.a(libc_a-findfp.o)
 *fill*         0x02013f84        0x4 
 .bss.__sf      0x02013f88      0x168 C:/devkitPro/devkitARM/bin/../lib/gcc/arm-none-eabi/15.2.0/../../../../arm-none-eabi/lib\libg.a(libc_a-findfp.o)
                0x02013f88                __sf
 .bss.__stdio_exit_handler
                0x020140f0        0x4 C:/devkitPro/devkitARM/bin/../lib/gcc/arm-none-eabi/15.2.0/../../../../arm-none-eabi/lib\libg.a(libc_a-findfp.o)
                0x020140f0                __stdio_exit_handler
 .bss.__hndl_lock
                0x020140f4        0x4 C:/devkitPro/devkitARM/bin/../lib/gcc/arm-none-eabi/15.2.0/../../../../arm-none-eabi/lib\libsysbase.a(libsysbase_libsysbase_a-handle_manager.o)
 .bss.fake_heap_start
                0x020140f8        0x4 C:/devkitPro/devkitARM/bin/../lib/gcc/arm-none-eabi/15.2.0/../../../../arm-none-eabi/lib\libsysbase.a(libsysbase_libsysbase_a-malloc_vars.o)
                0x020140f8                fake_heap_start
 .bss.fake_heap_end
                0x020140fc        0x4 C:/devkitPro/devkitARM/bin/../lib/gcc/arm-none-eabi/15.2.0/../../../../arm-none-eabi/lib\libsysbase.a(libsysbase_libsysbase_a-malloc_vars.o)
                0x020140fc                fake_heap_end
 .bss.heap_start.0
                0x02014100        0x4 C:/devkitPro/devkitARM/bin/../lib/gcc/arm-none-eabi/15.2.0/../../../../arm-none-eabi/lib\libsysbase.a(libsysbase_libsysbase_a-sbrk.o)
 EXCLUDE_FILE(*.twl.*) *(COMMON)
                0x02014104                        . = ALIGN (0x4)
                [!provide]                        PROVIDE (__main_bss_start = ADDR (.main.bss))
                0x02014104                        PROVIDE (__main_bss_end = (ADDR (.main.bss) + SIZEOF (.main.bss)))
                0x02014104                        . = .
                0x02014104                        PROVIDE (__heap_start_ntr = .)
                0x00000001                        ASSERT ((. <= 0x2380000), Error: DS-mode sections overflow DS ARM9 memory size (3.5 MB))

.twl            0x02014120        0x0 load address 0x02400000
 *(.twl .twl.*)
 *.twl.*(.text .stub .text.* .gnu.linkonce.t.*)
 *.twl.*(.glue_7t .glue_7 .vfp11_veneer .v4_bx)
 *.twl.*(.rodata .rodata.* .gnu.linkonce.r.*)
 *.twl.*(.rodata1)
                0x02014120                        . = ALIGN (0x4)

.twl.rw         0x02014120        0x0 load address 0x02400000
 *.twl.*(.data .data.* .gnu.linkonce.d.*)
 *.twl.*(.data1)
                0x02014120                        . = ALIGN (0x4)
                0x02400000                        PROVIDE (__twl_lma = LOADADDR (.twl))
                0x02014120                        PROVIDE (__twl_start = ADDR (.twl))
                0x02014120                        PROVIDE (__twl_end = (ADDR (.twl.rw) + SIZEOF (.twl.rw)))

.twl.bss        0x02014120        0x0 load address 0x02400000
 *(.twl_bss .twl_bss.*)
 *.twl.*(.dynbss)
 *.twl.*(.bss .bss.* .gnu.linkonce.b.*)
 *.twl.*(COMMON)
                0x02014120                        . = ALIGN (0x4)
                [!provide]                        PROVIDE (__twl_bss_start = ADDR (.twl.bss))
                0x02014120                        PROVIDE (__twl_bss_end = (ADDR (.twl.bss) + SIZEOF (.twl.bss)))
                0x02014120                        . = .
                0x02014120                        PROVIDE (__heap_start_twl = .)

.loadlist       0x0e000998       0x30 load address 0x02017814
                0x0e000998        0x4 LONG 0x1ff8000 __itcm_start
                0x0e00099c        0x4 LONG 0x1ff869c __itcm_end
                0x0e0009a0        0x4 LONG 0x1ff869c __itcm_end
                0x0e0009a4        0x4 LONG 0x2ff0000 __dtcm_start
                0x0e0009a8        0x4 LONG 0x2ff0000 __dtcm_end
                0x0e0009ac        0x4 LONG 0x2ff0098 __dtcm_bss_end
                0x0e0009b0        0x4 LONG 0x20013c0 __main_start
                0x0e0009b4        0x4 LONG 0x20137e0 __main_end
                0x0e0009b8        0x4 LONG 0x20137e0 __main_end
                0x0e0009bc        0x4 LONG 0x20137e0 __tls_start
                0x0e0009c0        0x4 LONG 0x20137e0 __tls_end
                0x0e0009c4        0x4 LONG 0x2014104 __main_bss_end
                0x02004d58                        PROVIDE (__loadlist_lma = __itcm_lma)
                0x02017814                        PROVIDE (__loadlist_start = LOADADDR (.loadlist))
                0x02017844                        PROVIDE (__loadlist_end = (LOADADDR (.loadlist) + SIZEOF (.loadlist)))

.twl.loadlist   0x0e0009c8        0xc load address 0x02400000
                0x0e0009c8        0x4 LONG 0x2014120 __twl_start
                0x0e0009cc        0x4 LONG 0x2014120 __twl_end
                0x0e0009d0        0x4 LONG 0x2014120 __twl_bss_end
                0x02400000                        PROVIDE (__twl_loadlist_lma = __twl_lma)
                0x02400000                        PROVIDE (__twl_loadlist_start = LOADADDR (.twl.loadlist))
                0x0240000c                        PROVIDE (__twl_loadlist_end = (LOADADDR (.twl.loadlist) + SIZEOF (.twl.loadlist)))

.rel.dyn        0x0e0009d4        0x0 load address 0x0240000c
 .rel.iplt      0x0e0009d4        0x0 C:/devkitPro/devkitARM/bin/../lib/gcc/arm-none-eabi/15.2.0/crtbegin.o

.stab
 *(.stab)

.stabstr
 *(.stabstr)

.stab.excl
 *(.stab.excl)

.stab.exclstr
 *(.stab.exclstr)

.stab.index
 *(.stab.index)

.stab.indexstr
 *(.stab.indexstr)

.comment        0x00000000       0x3b
 *(.comment)
 .comment       0x00000000       0x3b C:/devkitPro/devkitARM/bin/../lib/gcc/arm-none-eabi/15.2.0/crtbegin.o
                                 0x19 (size before relaxing)
 .comment       0x0000003b        0x0 main.o
                                 0x19 (size before relaxing)
 .comment       0x0000003b        0x0 C:/devkitPro/libnds/lib\libnds9.a(console.o)
                                 0x24 (size before relaxing)
 .comment       0x0000003b        0x0 C:/devkitPro/libnds/lib\libnds9.a(keys.o)
                                 0x24 (size before relaxing)
 .comment       0x0000003b        0x0 C:/devkitPro/libnds/lib\libnds9.a(background.o)
                                 0x24 (size before relaxing)
 .comment       0x0000003b        0x0 C:/devkitPro/libnds/lib\libnds9.a(trig.o)
                                 0x24 (size before relaxing)
 .comment       0x0000003b        0x0 C:/devkitPro/calico/lib\libcalico_ds9.a(thread_cold.o)
                                 0x24 (size before relaxing)
 .comment       0x0000003b        0x0 C:/devkitPro/calico/lib\libcalico_ds9.a(thread_hot.32.o)
                                 0x24 (size before relaxing)
 .comment       0x0000003b        0x0 C:/devkitPro/calico/lib\libcalico_ds9.a(arm-shims.32.o)
                                 0x24 (size before relaxing)
 .comment       0x0000003b        0x0 C:/devkitPro/calico/lib\libcalico_ds9.a(keypad.o)
                                 0x24 (size before relaxing)
 .comment       0x0000003b        0x0 C:/devkitPro/calico/lib\libcalico_ds9.a(pm.o)
                                 0x24 (size before relaxing)
 .comment       0x0000003b        0x0 C:/devkitPro/calico/lib\libcalico_ds9.a(touch.o)
                                 0x24 (size before relaxing)
 .comment       0x0000003b        0x0 C:/devkitPro/calico/lib\libcalico_ds9.a(tick.o)
                                 0x24 (size before relaxing)
 .comment       0x0000003b        0x0 C:/devkitPro/calico/lib\libcalico_ds9.a(mailbox.o)
                                 0x24 (size before relaxing)
 .comment       0x0000003b        0x0 C:/devkitPro/calico/lib\libcalico_ds9.a(newlib_syscalls.o)
                                 0x24 (size before relaxing)
 .comment       0x0000003b        0x0 C:/devkitPro/calico/lib\libcalico_ds9.a(startup.crt0.o)
                                 0x24 (size before relaxing)
 .comment       0x0000003b        0x0 C:/devkitPro/calico/lib\libcalico_ds9.a(pxi.o)
                                 0x24 (size before relaxing)
 .comment       0x0000003b        0x0 C:/devkitPro/calico/lib\libcalico_ds9.a(sys_startup.o)
                                 0x24 (size before relaxing)
 .comment       0x0000003b        0x0 C:/devkitPro/calico/lib\libcalico_ds9.a(irq.o)
                                 0x24 (size before relaxing)
 .comment       0x0000003b        0x0 C:/devkitPro/calico/lib\libcalico_ds9.a(mutex.o)
                                 0x24 (size before relaxing)
 .comment       0x0000003b        0x0 C:/devkitPro/devkitARM/bin/../lib/gcc/arm-none-eabi/15.2.0\libgcc.a(_udivmoddi4.o)
                                 0x19 (size before relaxing)
 .comment       0x0000003b        0x0 C:/devkitPro/devkitARM/bin/../lib/gcc/arm-none-eabi/15.2.0/crtend.o
                                 0x19 (size before relaxing)

.gnu.build.attributes
 *(.gnu.build.attributes .gnu.build.attributes.*)

.debug
 *(.debug)

.line
 *(.line)

.debug_srcinfo
 *(.debug_srcinfo)

.debug_sfnames
 *(.debug_sfnames)

.debug_aranges  0x00000000      0x828
 *(.debug_aranges)
 .debug_aranges
                0x00000000       0x20 main.o
 .debug_aranges
                0x00000020       0x80 C:/devkitPro/libnds/lib\libnds9.a(console.o)
 .debug_aranges
                0x000000a0       0x50 C:/devkitPro/libnds/lib\libnds9.a(keys.o)
 .debug_aranges
                0x000000f0       0x40 C:/devkitPro/libnds/lib\libnds9.a(background.o)
 .debug_aranges
                0x00000130       0x60 C:/devkitPro/libnds/lib\libnds9.a(trig.o)
 .debug_aranges
                0x00000190       0x88 C:/devkitPro/calico/lib\libcalico_ds9.a(thread_cold.o)
 .debug_aranges
                0x00000218       0x50 C:/devkitPro/calico/lib\libcalico_ds9.a(thread_hot.32.o)
 .debug_aranges
                0x00000268       0x28 C:/devkitPro/calico/lib\libcalico_ds9.a(arm-context.32.o)
 .debug_aranges
                0x00000290       0x70 C:/devkitPro/calico/lib\libcalico_ds9.a(arm-shims.32.o)
 .debug_aranges
                0x00000300       0x20 C:/devkitPro/calico/lib\libcalico_ds9.a(keypad.o)
 .debug_aranges
                0x00000320       0xa0 C:/devkitPro/calico/lib\libcalico_ds9.a(pm.o)
 .debug_aranges
                0x000003c0       0x38 C:/devkitPro/calico/lib\libcalico_ds9.a(bootstub_arm9.o)
 .debug_aranges
                0x000003f8       0x20 C:/devkitPro/calico/lib\libcalico_ds9.a(excpt_handler.32.o)
 .debug_aranges
                0x00000418       0x20 C:/devkitPro/calico/lib\libcalico_ds9.a(touch.o)
 .debug_aranges
                0x00000438       0x50 C:/devkitPro/calico/lib\libcalico_ds9.a(tick.o)
 .debug_aranges
                0x00000488       0x30 C:/devkitPro/calico/lib\libcalico_ds9.a(mailbox.o)
 .debug_aranges
                0x000004b8       0xa8 C:/devkitPro/calico/lib\libcalico_ds9.a(newlib_syscalls.o)
 .debug_aranges
                0x00000560       0x48 C:/devkitPro/calico/lib\libcalico_ds9.a(arm-cache.32.o)
 .debug_aranges
                0x000005a8       0x28 C:/devkitPro/calico/lib\libcalico_ds9.a(startup.crt0.o)
 .debug_aranges
                0x000005d0       0x28 C:/devkitPro/calico/lib\libcalico_ds9.a(utils.crt0.o)
 .debug_aranges
                0x000005f8       0x20 C:/devkitPro/calico/lib\libcalico_ds9.a(irq_handler.32.o)
 .debug_aranges
                0x00000618       0x78 C:/devkitPro/calico/lib\libcalico_ds9.a(pxi.o)
 .debug_aranges
                0x00000690       0x20 C:/devkitPro/calico/lib\libcalico_ds9.a(mpu_setup.crt0.o)
 .debug_aranges
                0x000006b0       0x28 C:/devkitPro/calico/lib\libcalico_ds9.a(sys_startup.o)
 .debug_aranges
                0x000006d8       0x20 C:/devkitPro/calico/lib\libcalico_ds9.a(irq.o)
 .debug_aranges
                0x000006f8       0x50 C:/devkitPro/calico/lib\libcalico_ds9.a(mutex.o)
 .debug_aranges
                0x00000748       0x20 C:/devkitPro/devkitARM/bin/../lib/gcc/arm-none-eabi/15.2.0\libgcc.a(_divsi3.o)
 .debug_aranges
                0x00000768       0x20 C:/devkitPro/devkitARM/bin/../lib/gcc/arm-none-eabi/15.2.0\libgcc.a(_dvmd_tls.o)
 .debug_aranges
                0x00000788       0x20 C:/devkitPro/devkitARM/bin/../lib/gcc/arm-none-eabi/15.2.0\libgcc.a(_aeabi_uldivmod.o)
 .debug_aranges
                0x000007a8       0x20 C:/devkitPro/devkitARM/bin/../lib/gcc/arm-none-eabi/15.2.0\libgcc.a(_udivmoddi4.o)
 .debug_aranges
                0x000007c8       0x20 C:/devkitPro/devkitARM/bin/../lib/gcc/arm-none-eabi/15.2.0\libgcc.a(_clzdi2.o)
 .debug_aranges
                0x000007e8       0x20 C:/devkitPro/devkitARM/bin/../lib/gcc/arm-none-eabi/15.2.0\libgcc.a(_clzsi2.o)
 .debug_aranges
                0x00000808       0x20 C:/devkitPro/devkitARM/bin/../lib/gcc/arm-none-eabi/15.2.0\libgcc.a(_udivsi3.o)

.debug_pubnames
 *(.debug_pubnames)

.debug_info     0x00000000     0xfa6b
 *(.debug_info .gnu.linkonce.wi.*)
 .debug_info    0x00000000      0x40d main.o
 .debug_info    0x0000040d     0x2a7a C:/devkitPro/libnds/lib\libnds9.a(console.o)
 .debug_info    0x00002e87      0x48d C:/devkitPro/libnds/lib\libnds9.a(keys.o)
 .debug_info    0x00003314      0xa36 C:/devkitPro/libnds/lib\libnds9.a(background.o)
 .debug_info    0x00003d4a      0x77c C:/devkitPro/libnds/lib\libnds9.a(trig.o)
 .debug_info    0x000044c6     0x1e51 C:/devkitPro/calico/lib\libcalico_ds9.a(thread_cold.o)
 .debug_info    0x00006317     0x126f C:/devkitPro/calico/lib\libcalico_ds9.a(thread_hot.32.o)
 .debug_info    0x00007586       0x3b C:/devkitPro/calico/lib\libcalico_ds9.a(arm-context.32.o)
 .debug_info    0x000075c1      0x385 C:/devkitPro/calico/lib\libcalico_ds9.a(arm-shims.32.o)
 .debug_info    0x00007946      0x1c6 C:/devkitPro/calico/lib\libcalico_ds9.a(keypad.o)
 .debug_info    0x00007b0c     0x1b21 C:/devkitPro/calico/lib\libcalico_ds9.a(pm.o)
 .debug_info    0x0000962d       0x3e C:/devkitPro/calico/lib\libcalico_ds9.a(bootstub_arm9.o)
 .debug_info    0x0000966b       0x5d C:/devkitPro/calico/lib\libcalico_ds9.a(excpt_handler.32.o)
 .debug_info    0x000096c8      0x26f C:/devkitPro/calico/lib\libcalico_ds9.a(touch.o)
 .debug_info    0x00009937      0xc64 C:/devkitPro/calico/lib\libcalico_ds9.a(tick.o)
 .debug_info    0x0000a59b      0x80d C:/devkitPro/calico/lib\libcalico_ds9.a(mailbox.o)
 .debug_info    0x0000ada8     0x161d C:/devkitPro/calico/lib\libcalico_ds9.a(newlib_syscalls.o)
 .debug_info    0x0000c3c5       0x67 C:/devkitPro/calico/lib\libcalico_ds9.a(arm-cache.32.o)
 .debug_info    0x0000c42c      0x4e1 C:/devkitPro/calico/lib\libcalico_ds9.a(startup.crt0.o)
 .debug_info    0x0000c90d       0x3b C:/devkitPro/calico/lib\libcalico_ds9.a(utils.crt0.o)
 .debug_info    0x0000c948       0x33 C:/devkitPro/calico/lib\libcalico_ds9.a(irq_handler.32.o)
 .debug_info    0x0000c97b     0x13cf C:/devkitPro/calico/lib\libcalico_ds9.a(pxi.o)
 .debug_info    0x0000dd4a       0x33 C:/devkitPro/calico/lib\libcalico_ds9.a(mpu_setup.crt0.o)
 .debug_info    0x0000dd7d      0x4fc C:/devkitPro/calico/lib\libcalico_ds9.a(sys_startup.o)
 .debug_info    0x0000e279      0x28e C:/devkitPro/calico/lib\libcalico_ds9.a(irq.o)
 .debug_info    0x0000e507     0x1070 C:/devkitPro/calico/lib\libcalico_ds9.a(mutex.o)
 .debug_info    0x0000f577       0x3e C:/devkitPro/devkitARM/bin/../lib/gcc/arm-none-eabi/15.2.0\libgcc.a(_divsi3.o)
 .debug_info    0x0000f5b5       0x3c C:/devkitPro/devkitARM/bin/../lib/gcc/arm-none-eabi/15.2.0\libgcc.a(_dvmd_tls.o)
 .debug_info    0x0000f5f1       0x24 C:/devkitPro/devkitARM/bin/../lib/gcc/arm-none-eabi/15.2.0\libgcc.a(_aeabi_uldivmod.o)
 .debug_info    0x0000f615      0x3b6 C:/devkitPro/devkitARM/bin/../lib/gcc/arm-none-eabi/15.2.0\libgcc.a(_udivmoddi4.o)
 .debug_info    0x0000f9cb       0x31 C:/devkitPro/devkitARM/bin/../lib/gcc/arm-none-eabi/15.2.0\libgcc.a(_clzdi2.o)
 .debug_info    0x0000f9fc       0x31 C:/devkitPro/devkitARM/bin/../lib/gcc/arm-none-eabi/15.2.0\libgcc.a(_clzsi2.o)
 .debug_info    0x0000fa2d       0x3e C:/devkitPro/devkitARM/bin/../lib/gcc/arm-none-eabi/15.2.0\libgcc.a(_udivsi3.o)

.debug_abbrev   0x00000000     0x3e6f
 *(.debug_abbrev)
 .debug_abbrev  0x00000000      0x1a9 main.o
 .debug_abbrev  0x000001a9      0x62f C:/devkitPro/libnds/lib\libnds9.a(console.o)
 .debug_abbrev  0x000007d8      0x273 C:/devkitPro/libnds/lib\libnds9.a(keys.o)
 .debug_abbrev  0x00000a4b      0x364 C:/devkitPro/libnds/lib\libnds9.a(background.o)
 .debug_abbrev  0x00000daf      0x26c C:/devkitPro/libnds/lib\libnds9.a(trig.o)
 .debug_abbrev  0x0000101b      0x592 C:/devkitPro/calico/lib\libcalico_ds9.a(thread_cold.o)
 .debug_abbrev  0x000015ad      0x36d C:/devkitPro/calico/lib\libcalico_ds9.a(thread_hot.32.o)
 .debug_abbrev  0x0000191a       0x26 C:/devkitPro/calico/lib\libcalico_ds9.a(arm-context.32.o)
 .debug_abbrev  0x00001940      0x1c3 C:/devkitPro/calico/lib\libcalico_ds9.a(arm-shims.32.o)
 .debug_abbrev  0x00001b03       0xd0 C:/devkitPro/calico/lib\libcalico_ds9.a(keypad.o)
 .debug_abbrev  0x00001bd3      0x693 C:/devkitPro/calico/lib\libcalico_ds9.a(pm.o)
 .debug_abbrev  0x00002266       0x26 C:/devkitPro/calico/lib\libcalico_ds9.a(bootstub_arm9.o)
 .debug_abbrev  0x0000228c       0x26 C:/devkitPro/calico/lib\libcalico_ds9.a(excpt_handler.32.o)
 .debug_abbrev  0x000022b2      0x11a C:/devkitPro/calico/lib\libcalico_ds9.a(touch.o)
 .debug_abbrev  0x000023cc      0x329 C:/devkitPro/calico/lib\libcalico_ds9.a(tick.o)
 .debug_abbrev  0x000026f5      0x2af C:/devkitPro/calico/lib\libcalico_ds9.a(mailbox.o)
 .debug_abbrev  0x000029a4      0x4a2 C:/devkitPro/calico/lib\libcalico_ds9.a(newlib_syscalls.o)
 .debug_abbrev  0x00002e46       0x26 C:/devkitPro/calico/lib\libcalico_ds9.a(arm-cache.32.o)
 .debug_abbrev  0x00002e6c      0x1d6 C:/devkitPro/calico/lib\libcalico_ds9.a(startup.crt0.o)
 .debug_abbrev  0x00003042       0x26 C:/devkitPro/calico/lib\libcalico_ds9.a(utils.crt0.o)
 .debug_abbrev  0x00003068       0x28 C:/devkitPro/calico/lib\libcalico_ds9.a(irq_handler.32.o)
 .debug_abbrev  0x00003090      0x446 C:/devkitPro/calico/lib\libcalico_ds9.a(pxi.o)
 .debug_abbrev  0x000034d6       0x28 C:/devkitPro/calico/lib\libcalico_ds9.a(mpu_setup.crt0.o)
 .debug_abbrev  0x000034fe      0x1e7 C:/devkitPro/calico/lib\libcalico_ds9.a(sys_startup.o)
 .debug_abbrev  0x000036e5      0x1c1 C:/devkitPro/calico/lib\libcalico_ds9.a(irq.o)
 .debug_abbrev  0x000038a6      0x3c9 C:/devkitPro/calico/lib\libcalico_ds9.a(mutex.o)
 .debug_abbrev  0x00003c6f       0x28 C:/devkitPro/devkitARM/bin/../lib/gcc/arm-none-eabi/15.2.0\libgcc.a(_divsi3.o)
 .debug_abbrev  0x00003c97       0x26 C:/devkitPro/devkitARM/bin/../lib/gcc/arm-none-eabi/15.2.0\libgcc.a(_dvmd_tls.o)
 .debug_abbrev  0x00003cbd       0x14 C:/devkitPro/devkitARM/bin/../lib/gcc/arm-none-eabi/15.2.0\libgcc.a(_aeabi_uldivmod.o)
 .debug_abbrev  0x00003cd1      0x126 C:/devkitPro/devkitARM/bin/../lib/gcc/arm-none-eabi/15.2.0\libgcc.a(_udivmoddi4.o)
 .debug_abbrev  0x00003df7       0x28 C:/devkitPro/devkitARM/bin/../lib/gcc/arm-none-eabi/15.2.0\libgcc.a(_clzdi2.o)
 .debug_abbrev  0x00003e1f       0x28 C:/devkitPro/devkitARM/bin/../lib/gcc/arm-none-eabi/15.2.0\libgcc.a(_clzsi2.o)
 .debug_abbrev  0x00003e47       0x28 C:/devkitPro/devkitARM/bin/../lib/gcc/arm-none-eabi/15.2.0\libgcc.a(_udivsi3.o)

.debug_line     0x00000000     0x9c6d
 *(.debug_line .debug_line.* .debug_line_end)
 .debug_line    0x00000000      0x24f main.o
 .debug_line    0x0000024f     0x1622 C:/devkitPro/libnds/lib\libnds9.a(console.o)
 .debug_line    0x00001871      0x457 C:/devkitPro/libnds/lib\libnds9.a(keys.o)
 .debug_line    0x00001cc8      0x61c C:/devkitPro/libnds/lib\libnds9.a(background.o)
 .debug_line    0x000022e4      0x77f C:/devkitPro/libnds/lib\libnds9.a(trig.o)
 .debug_line    0x00002a63      0xeab C:/devkitPro/calico/lib\libcalico_ds9.a(thread_cold.o)
 .debug_line    0x0000390e     0x1058 C:/devkitPro/calico/lib\libcalico_ds9.a(thread_hot.32.o)
 .debug_line    0x00004966       0x69 C:/devkitPro/calico/lib\libcalico_ds9.a(arm-context.32.o)
 .debug_line    0x000049cf      0x2aa C:/devkitPro/calico/lib\libcalico_ds9.a(arm-shims.32.o)
 .debug_line    0x00004c79      0x16f C:/devkitPro/calico/lib\libcalico_ds9.a(keypad.o)
 .debug_line    0x00004de8      0xdf1 C:/devkitPro/calico/lib\libcalico_ds9.a(pm.o)
 .debug_line    0x00005bd9      0x108 C:/devkitPro/calico/lib\libcalico_ds9.a(bootstub_arm9.o)
 .debug_line    0x00005ce1       0x66 C:/devkitPro/calico/lib\libcalico_ds9.a(excpt_handler.32.o)
 .debug_line    0x00005d47      0x19d C:/devkitPro/calico/lib\libcalico_ds9.a(touch.o)
 .debug_line    0x00005ee4      0xa69 C:/devkitPro/calico/lib\libcalico_ds9.a(tick.o)
 .debug_line    0x0000694d      0x4e3 C:/devkitPro/calico/lib\libcalico_ds9.a(mailbox.o)
 .debug_line    0x00006e30      0x765 C:/devkitPro/calico/lib\libcalico_ds9.a(newlib_syscalls.o)
 .debug_line    0x00007595       0xb2 C:/devkitPro/calico/lib\libcalico_ds9.a(arm-cache.32.o)
 .debug_line    0x00007647      0x3bd C:/devkitPro/calico/lib\libcalico_ds9.a(startup.crt0.o)
 .debug_line    0x00007a04       0x7d C:/devkitPro/calico/lib\libcalico_ds9.a(utils.crt0.o)
 .debug_line    0x00007a81       0x92 C:/devkitPro/calico/lib\libcalico_ds9.a(irq_handler.32.o)
 .debug_line    0x00007b13      0x983 C:/devkitPro/calico/lib\libcalico_ds9.a(pxi.o)
 .debug_line    0x00008496       0x6e C:/devkitPro/calico/lib\libcalico_ds9.a(mpu_setup.crt0.o)
 .debug_line    0x00008504      0x46b C:/devkitPro/calico/lib\libcalico_ds9.a(sys_startup.o)
 .debug_line    0x0000896f      0x26e C:/devkitPro/calico/lib\libcalico_ds9.a(irq.o)
 .debug_line    0x00008bdd      0xcc4 C:/devkitPro/calico/lib\libcalico_ds9.a(mutex.o)
 .debug_line    0x000098a1       0x73 C:/devkitPro/devkitARM/bin/../lib/gcc/arm-none-eabi/15.2.0\libgcc.a(_divsi3.o)
 .debug_line    0x00009914       0x4a C:/devkitPro/devkitARM/bin/../lib/gcc/arm-none-eabi/15.2.0\libgcc.a(_dvmd_tls.o)
 .debug_line    0x0000995e       0x4e C:/devkitPro/devkitARM/bin/../lib/gcc/arm-none-eabi/15.2.0\libgcc.a(_aeabi_uldivmod.o)
 .debug_line    0x000099ac      0x1af C:/devkitPro/devkitARM/bin/../lib/gcc/arm-none-eabi/15.2.0\libgcc.a(_udivmoddi4.o)
 .debug_line    0x00009b5b       0x54 C:/devkitPro/devkitARM/bin/../lib/gcc/arm-none-eabi/15.2.0\libgcc.a(_clzdi2.o)
 .debug_line    0x00009baf       0x57 C:/devkitPro/devkitARM/bin/../lib/gcc/arm-none-eabi/15.2.0\libgcc.a(_clzsi2.o)
 .debug_line    0x00009c06       0x67 C:/devkitPro/devkitARM/bin/../lib/gcc/arm-none-eabi/15.2.0\libgcc.a(_udivsi3.o)

.debug_frame    0x00000000     0x10f0
 *(.debug_frame)
 .debug_frame   0x00000000       0x28 main.o
 .debug_frame   0x00000028      0x17c C:/devkitPro/libnds/lib\libnds9.a(console.o)
 .debug_frame   0x000001a4       0x98 C:/devkitPro/libnds/lib\libnds9.a(keys.o)
 .debug_frame   0x0000023c       0xb4 C:/devkitPro/libnds/lib\libnds9.a(background.o)
 .debug_frame   0x000002f0       0xd8 C:/devkitPro/libnds/lib\libnds9.a(trig.o)
 .debug_frame   0x000003c8      0x194 C:/devkitPro/calico/lib\libcalico_ds9.a(thread_cold.o)
 .debug_frame   0x0000055c      0x10c C:/devkitPro/calico/lib\libcalico_ds9.a(thread_hot.32.o)
 .debug_frame   0x00000668       0x30 C:/devkitPro/calico/lib\libcalico_ds9.a(arm-context.32.o)
 .debug_frame   0x00000698       0xc0 C:/devkitPro/calico/lib\libcalico_ds9.a(arm-shims.32.o)
 .debug_frame   0x00000758       0x20 C:/devkitPro/calico/lib\libcalico_ds9.a(keypad.o)
 .debug_frame   0x00000778      0x190 C:/devkitPro/calico/lib\libcalico_ds9.a(pm.o)
 .debug_frame   0x00000908       0x30 C:/devkitPro/calico/lib\libcalico_ds9.a(bootstub_arm9.o)
 .debug_frame   0x00000938       0x28 C:/devkitPro/calico/lib\libcalico_ds9.a(touch.o)
 .debug_frame   0x00000960       0xf0 C:/devkitPro/calico/lib\libcalico_ds9.a(tick.o)
 .debug_frame   0x00000a50       0x64 C:/devkitPro/calico/lib\libcalico_ds9.a(mailbox.o)
 .debug_frame   0x00000ab4      0x1a4 C:/devkitPro/calico/lib\libcalico_ds9.a(newlib_syscalls.o)
 .debug_frame   0x00000c58       0x70 C:/devkitPro/calico/lib\libcalico_ds9.a(arm-cache.32.o)
 .debug_frame   0x00000cc8       0x58 C:/devkitPro/calico/lib\libcalico_ds9.a(startup.crt0.o)
 .debug_frame   0x00000d20       0x30 C:/devkitPro/calico/lib\libcalico_ds9.a(utils.crt0.o)
 .debug_frame   0x00000d50       0x20 C:/devkitPro/calico/lib\libcalico_ds9.a(irq_handler.32.o)
 .debug_frame   0x00000d70      0x15c C:/devkitPro/calico/lib\libcalico_ds9.a(pxi.o)
 .debug_frame   0x00000ecc       0x20 C:/devkitPro/calico/lib\libcalico_ds9.a(mpu_setup.crt0.o)
 .debug_frame   0x00000eec       0x38 C:/devkitPro/calico/lib\libcalico_ds9.a(sys_startup.o)
 .debug_frame   0x00000f24       0x28 C:/devkitPro/calico/lib\libcalico_ds9.a(irq.o)
 .debug_frame   0x00000f4c       0xf8 C:/devkitPro/calico/lib\libcalico_ds9.a(mutex.o)
 .debug_frame   0x00001044       0x20 C:/devkitPro/devkitARM/bin/../lib/gcc/arm-none-eabi/15.2.0\libgcc.a(_divsi3.o)
 .debug_frame   0x00001064       0x2c C:/devkitPro/devkitARM/bin/../lib/gcc/arm-none-eabi/15.2.0\libgcc.a(_aeabi_uldivmod.o)
 .debug_frame   0x00001090       0x40 C:/devkitPro/devkitARM/bin/../lib/gcc/arm-none-eabi/15.2.0\libgcc.a(_udivmoddi4.o)
 .debug_frame   0x000010d0       0x20 C:/devkitPro/devkitARM/bin/../lib/gcc/arm-none-eabi/15.2.0\libgcc.a(_udivsi3.o)

.debug_str      0x00000000     0x3b90
 *(.debug_str)
 .debug_str     0x00000000     0x3b90 main.o
                                0x35a (size before relaxing)
 .debug_str     0x00003b90        0x0 C:/devkitPro/libnds/lib\libnds9.a(console.o)
                               0x130b (size before relaxing)
 .debug_str     0x00003b90        0x0 C:/devkitPro/libnds/lib\libnds9.a(keys.o)
                                0x2eb (size before relaxing)
 .debug_str     0x00003b90        0x0 C:/devkitPro/libnds/lib\libnds9.a(background.o)
                                0x76c (size before relaxing)
 .debug_str     0x00003b90        0x0 C:/devkitPro/libnds/lib\libnds9.a(trig.o)
                                0x2d5 (size before relaxing)
 .debug_str     0x00003b90        0x0 C:/devkitPro/calico/lib\libcalico_ds9.a(thread_cold.o)
                                0x9e0 (size before relaxing)
 .debug_str     0x00003b90        0x0 C:/devkitPro/calico/lib\libcalico_ds9.a(thread_hot.32.o)
                                0x4c8 (size before relaxing)
 .debug_str     0x00003b90        0x0 C:/devkitPro/calico/lib\libcalico_ds9.a(arm-context.32.o)
                                 0xac (size before relaxing)
 .debug_str     0x00003b90        0x0 C:/devkitPro/calico/lib\libcalico_ds9.a(arm-shims.32.o)
                                0x245 (size before relaxing)
 .debug_str     0x00003b90        0x0 C:/devkitPro/calico/lib\libcalico_ds9.a(keypad.o)
                                0x25f (size before relaxing)
 .debug_str     0x00003b90        0x0 C:/devkitPro/calico/lib\libcalico_ds9.a(pm.o)
                                0xd3c (size before relaxing)
 .debug_str     0x00003b90        0x0 C:/devkitPro/calico/lib\libcalico_ds9.a(bootstub_arm9.o)
                                 0xbb (size before relaxing)
 .debug_str     0x00003b90        0x0 C:/devkitPro/calico/lib\libcalico_ds9.a(excpt_handler.32.o)
                                 0xe5 (size before relaxing)
 .debug_str     0x00003b90        0x0 C:/devkitPro/calico/lib\libcalico_ds9.a(touch.o)
                                0x282 (size before relaxing)
 .debug_str     0x00003b90        0x0 C:/devkitPro/calico/lib\libcalico_ds9.a(tick.o)
                                0x375 (size before relaxing)
 .debug_str     0x00003b90        0x0 C:/devkitPro/calico/lib\libcalico_ds9.a(mailbox.o)
                                0x37b (size before relaxing)
 .debug_str     0x00003b90        0x0 C:/devkitPro/calico/lib\libcalico_ds9.a(newlib_syscalls.o)
                                0xb64 (size before relaxing)
 .debug_str     0x00003b90        0x0 C:/devkitPro/calico/lib\libcalico_ds9.a(arm-cache.32.o)
                                0x100 (size before relaxing)
 .debug_str     0x00003b90        0x0 C:/devkitPro/calico/lib\libcalico_ds9.a(startup.crt0.o)
                                0x35d (size before relaxing)
 .debug_str     0x00003b90        0x0 C:/devkitPro/calico/lib\libcalico_ds9.a(utils.crt0.o)
                                 0xb3 (size before relaxing)
 .debug_str     0x00003b90        0x0 C:/devkitPro/calico/lib\libcalico_ds9.a(irq_handler.32.o)
                                 0x9e (size before relaxing)
 .debug_str     0x00003b90        0x0 C:/devkitPro/calico/lib\libcalico_ds9.a(pxi.o)
                                0x960 (size before relaxing)
 .debug_str     0x00003b90        0x0 C:/devkitPro/calico/lib\libcalico_ds9.a(mpu_setup.crt0.o)
                                 0xa0 (size before relaxing)
 .debug_str     0x00003b90        0x0 C:/devkitPro/calico/lib\libcalico_ds9.a(sys_startup.o)
                                0x37a (size before relaxing)
 .debug_str     0x00003b90        0x0 C:/devkitPro/calico/lib\libcalico_ds9.a(irq.o)
                                0x20a (size before relaxing)
 .debug_str     0x00003b90        0x0 C:/devkitPro/calico/lib\libcalico_ds9.a(mutex.o)
                                0x509 (size before relaxing)
 .debug_str     0x00003b90        0x0 C:/devkitPro/devkitARM/bin/../lib/gcc/arm-none-eabi/15.2.0\libgcc.a(_divsi3.o)
                                 0xee (size before relaxing)
 .debug_str     0x00003b90        0x0 C:/devkitPro/devkitARM/bin/../lib/gcc/arm-none-eabi/15.2.0\libgcc.a(_dvmd_tls.o)
                                 0xf1 (size before relaxing)
 .debug_str     0x00003b90        0x0 C:/devkitPro/devkitARM/bin/../lib/gcc/arm-none-eabi/15.2.0\libgcc.a(_aeabi_uldivmod.o)
                                 0xd1 (size before relaxing)
 .debug_str     0x00003b90        0x0 C:/devkitPro/devkitARM/bin/../lib/gcc/arm-none-eabi/15.2.0\libgcc.a(_udivmoddi4.o)
                                0x69d (size before relaxing)
 .debug_str     0x00003b90        0x0 C:/devkitPro/devkitARM/bin/../lib/gcc/arm-none-eabi/15.2.0\libgcc.a(_clzdi2.o)
                                 0xde (size before relaxing)
 .debug_str     0x00003b90        0x0 C:/devkitPro/devkitARM/bin/../lib/gcc/arm-none-eabi/15.2.0\libgcc.a(_clzsi2.o)
                                 0xde (size before relaxing)
 .debug_str     0x00003b90        0x0 C:/devkitPro/devkitARM/bin/../lib/gcc/arm-none-eabi/15.2.0\libgcc.a(_udivsi3.o)
                                 0xf0 (size before relaxing)

.debug_loc
 *(.debug_loc)

.debug_macinfo
 *(.debug_macinfo)

.debug_weaknames
 *(.debug_weaknames)

.debug_funcnames
 *(.debug_funcnames)

.debug_typenames
 *(.debug_typenames)

.debug_varnames
 *(.debug_varnames)

.debug_pubtypes
 *(.debug_pubtypes)

.debug_ranges
 *(.debug_ranges)

.debug_macro
 *(.debug_macro)

.debug_addr
 *(.debug_addr)

.ARM.attributes
                0x00000000       0x27
 *(.ARM.attributes)
 .ARM.attributes
                0x00000000       0x1c C:/devkitPro/devkitARM/bin/../lib/gcc/arm-none-eabi/15.2.0/crti.o
 .ARM.attributes
                0x0000001c       0x2a C:/devkitPro/devkitARM/bin/../lib/gcc/arm-none-eabi/15.2.0/crtbegin.o
 .ARM.attributes
                0x00000046       0x2b main.o
 .ARM.attributes
                0x00000071       0x2b C:/devkitPro/libnds/lib\libnds9.a(console.o)
 .ARM.attributes
                0x0000009c       0x2b C:/devkitPro/libnds/lib\libnds9.a(keys.o)
 .ARM.attributes
                0x000000c7       0x1b C:/devkitPro/libnds/lib\libnds9.a(default_font.bin.o)
 .ARM.attributes
                0x000000e2       0x2b C:/devkitPro/libnds/lib\libnds9.a(background.o)
 .ARM.attributes
                0x0000010d       0x2b C:/devkitPro/libnds/lib\libnds9.a(trig.o)
 .ARM.attributes
                0x00000138       0x2b C:/devkitPro/calico/lib\libcalico_ds9.a(thread_cold.o)
 .ARM.attributes
                0x00000163       0x2b C:/devkitPro/calico/lib\libcalico_ds9.a(thread_hot.32.o)
 .ARM.attributes
                0x0000018e       0x1b C:/devkitPro/calico/lib\libcalico_ds9.a(arm-copy-fill.32.o)
 .ARM.attributes
                0x000001a9       0x1b C:/devkitPro/calico/lib\libcalico_ds9.a(arm-context.32.o)
 .ARM.attributes
                0x000001c4       0x2b C:/devkitPro/calico/lib\libcalico_ds9.a(arm-shims.32.o)
 .ARM.attributes
                0x000001ef       0x2b C:/devkitPro/calico/lib\libcalico_ds9.a(keypad.o)
 .ARM.attributes
                0x0000021a       0x2b C:/devkitPro/calico/lib\libcalico_ds9.a(pm.o)
 .ARM.attributes
                0x00000245       0x1b C:/devkitPro/calico/lib\libcalico_ds9.a(bootstub_arm9.o)
 .ARM.attributes
                0x00000260       0x1b C:/devkitPro/calico/lib\libcalico_ds9.a(excpt_handler.32.o)
 .ARM.attributes
                0x0000027b       0x2b C:/devkitPro/calico/lib\libcalico_ds9.a(touch.o)
 .ARM.attributes
                0x000002a6       0x2b C:/devkitPro/calico/lib\libcalico_ds9.a(tick.o)
 .ARM.attributes
                0x000002d1       0x2b C:/devkitPro/calico/lib\libcalico_ds9.a(mailbox.o)
 .ARM.attributes
                0x000002fc       0x2b C:/devkitPro/calico/lib\libcalico_ds9.a(newlib_syscalls.o)
 .ARM.attributes
                0x00000327       0x1b C:/devkitPro/calico/lib\libcalico_ds9.a(arm-cache.32.o)
 .ARM.attributes
                0x00000342       0x2b C:/devkitPro/calico/lib\libcalico_ds9.a(startup.crt0.o)
 .ARM.attributes
                0x0000036d       0x1b C:/devkitPro/calico/lib\libcalico_ds9.a(utils.crt0.o)
 .ARM.attributes
                0x00000388       0x1b C:/devkitPro/calico/lib\libcalico_ds9.a(irq_handler.32.o)
 .ARM.attributes
                0x000003a3       0x2b C:/devkitPro/calico/lib\libcalico_ds9.a(pxi.o)
 .ARM.attributes
                0x000003ce       0x1b C:/devkitPro/calico/lib\libcalico_ds9.a(mpu_setup.crt0.o)
 .ARM.attributes
                0x000003e9       0x2b C:/devkitPro/calico/lib\libcalico_ds9.a(sys_startup.o)
 .ARM.attributes
                0x00000414       0x2b C:/devkitPro/calico/lib\libcalico_ds9.a(irq.o)
 .ARM.attributes
                0x0000043f       0x2b C:/devkitPro/calico/lib\libcalico_ds9.a(mutex.o)
 .ARM.attributes
                0x0000046a       0x1c C:/devkitPro/devkitARM/bin/../lib/gcc/arm-none-eabi/15.2.0\libgcc.a(_divsi3.o)
 .ARM.attributes