Archive member included to satisfy reference by file (symbol)

C:/devkitPro/libnds/lib\libnds9.a(console.o)
                              main.o (consoleSelect)
C:/devkitPro/libnds/lib\libnds9.a(keys.o)
                              main.o (scanKeys)
C:/devkitPro/libnds/lib\libnds9.a(system.o)
                              main.o (powerOn)
C:/devkitPro/libnds/lib\libnds9.a(default_font.bin.o)
                              C:/devkitPro/libnds/lib\libnds9.a(console.o) (default_font_bin)
C:/devkitPro/libnds/lib\libnds9.a(background.o)
                              C:/devkitPro/libnds/lib\libnds9.a(console.o) (bgState)
C:/devkitPro/libnds/lib\libnds9.a(trig.o)
                              C:/devkitPro/libnds/lib\libnds9.a(background.o) (sinLerp)
C:/devkitPro/calico/lib\libcalico_ds9.a(thread_cold.o)
                              main.o (threadIrqWait)
C:/devkitPro/calico/lib\libcalico_ds9.a(thread_hot.32.o)
                              C:/devkitPro/calico/lib\libcalico_ds9.a(thread_cold.o) (__sched_state)
C:/devkitPro/calico/lib\libcalico_ds9.a(arm-copy-fill.32.o)
                              C:/devkitPro/calico/lib\libcalico_ds9.a(thread_cold.o) (armCopyMem32)
C:/devkitPro/calico/lib\libcalico_ds9.a(arm-context.32.o)
                              C:/devkitPro/calico/lib\libcalico_ds9.a(thread_cold.o) (armContextSave)
C:/devkitPro/calico/lib\libcalico_ds9.a(arm-shims.32.o)
                              C:/devkitPro/calico/lib\libcalico_ds9.a(thread_cold.o) (armWaitForIrq)
C:/devkitPro/calico/lib\libcalico_ds9.a(keypad.o)
                              C:/devkitPro/libnds/lib\libnds9.a(keys.o) (keypadGetState)
C:/devkitPro/calico/lib\libcalico_ds9.a(bootstub_arm9.o)
                              (__ds9_bootstub)
C:/devkitPro/calico/lib\libcalico_ds9.a(excpt_handler.32.o)
                              C:/devkitPro/calico/lib\libcalico_ds9.a(bootstub_arm9.o) (__arm_excpt_rst)
C:/devkitPro/calico/lib\libcalico_ds9.a(touch.o)
                              C:/devkitPro/libnds/lib\libnds9.a(keys.o) (touchRead)
C:/devkitPro/calico/lib\libcalico_ds9.a(tick.o)
                              C:/devkitPro/calico/lib\libcalico_ds9.a(thread_cold.o) (tickTaskStart)
C:/devkitPro/calico/lib\libcalico_ds9.a(newlib_syscalls.o)
                              C:/devkitPro/calico/lib\libcalico_ds9.a(bootstub_arm9.o) (__newlib_syscalls)
C:/devkitPro/calico/lib\libcalico_ds9.a(startup.crt0.o)
                              C:/devkitPro/calico/lib\libcalico_ds9.a(bootstub_arm9.o) (crt0Startup)
C:/devkitPro/calico/lib\libcalico_ds9.a(utils.crt0.o)
                              C:/devkitPro/calico/lib\libcalico_ds9.a(startup.crt0.o) (crt0CopyMem32)
C:/devkitPro/calico/lib\libcalico_ds9.a(irq_handler.32.o)
                              C:/devkitPro/calico/lib\libcalico_ds9.a(bootstub_arm9.o) (__arm_excpt_irq)
C:/devkitPro/calico/lib\libcalico_ds9.a(pxi.o)
                              C:/devkitPro/calico/lib\libcalico_ds9.a(startup.crt0.o) (_pxiInit)
C:/devkitPro/calico/lib\libcalico_ds9.a(mpu_setup.crt0.o)
                              C:/devkitPro/calico/lib\libcalico_ds9.a(startup.crt0.o) (crt0SetupMPU)
C:/devkitPro/calico/lib\libcalico_ds9.a(sys_startup.o)
                              C:/devkitPro/calico/lib\libcalico_ds9.a(startup.crt0.o) (systemStartup)
C:/devkitPro/calico/lib\libcalico_ds9.a(irq.o)
                              C:/devkitPro/calico/lib\libcalico_ds9.a(tick.o) (irqSet)
C:/devkitPro/calico/lib\libcalico_ds9.a(mutex.o)
                              C:/devkitPro/calico/lib\libcalico_ds9.a(newlib_syscalls.o) (mutexLock)
C:/devkitPro/calico/lib\libcalico_ds9.a(mailbox.o)
                              C:/devkitPro/calico/lib\libcalico_ds9.a(pxi.o) (mailboxTrySend)
C:/devkitPro/calico/lib\libcalico_ds9.a(arm-cache.32.o)
                              C:/devkitPro/calico/lib\libcalico_ds9.a(startup.crt0.o) (armDCacheFlushAll)
C:/devkitPro/calico/lib\libcalico_ds9.a(pm.o)
                              C:/devkitPro/calico/lib\libcalico_ds9.a(sys_startup.o) (pmInit)
C:/devkitPro/devkitARM/bin/../lib/gcc/arm-none-eabi/15.2.0\libgcc.a(_divsi3.o)
                              C:/devkitPro/libnds/lib\libnds9.a(console.o) (__aeabi_idivmod)
C:/devkitPro/devkitARM/bin/../lib/gcc/arm-none-eabi/15.2.0\libgcc.a(_dvmd_tls.o)
                              C:/devkitPro/devkitARM/bin/../lib/gcc/arm-none-eabi/15.2.0\libgcc.a(_divsi3.o) (__aeabi_idiv0)
C:/devkitPro/devkitARM/bin/../lib/gcc/arm-none-eabi/15.2.0\libgcc.a(_aeabi_uldivmod.o)
                              C:/devkitPro/calico/lib\libcalico_ds9.a(newlib_syscalls.o) (__aeabi_uldivmod)
C:/devkitPro/devkitARM/bin/../lib/gcc/arm-none-eabi/15.2.0\libgcc.a(_sync_none.o)
                              (__sync_synchronize_none)
C:/devkitPro/devkitARM/bin/../lib/gcc/arm-none-eabi/15.2.0\libgcc.a(_udivmoddi4.o)
[...]
Memory Configuration

Name             Origin             Length             Attributes
lma9             0x02004000         0x0027c000
lma9i            0x02400000         0x00280000
vectors          0x00000000         0x00000020
itcm             0x01ff8020         0x00007fe0
main             0x02001000         0x00f7f000
dtcm             0x02ff0000         0x00003e80
dldi             0x0380b000         0x00004000
stub             0x0e000000         0x00004000
tls              0x00000000         0x00000400
*default*        0x00000000         0xffffffff

Linker script and memory map

                0x00000000                        __sync_synchronize = __sync_synchronize_none
LOAD C:/devkitPro/devkitARM/bin/../lib/gcc/arm-none-eabi/15.2.0/crti.o
LOAD C:/devkitPro/devkitARM/bin/../lib/gcc/arm-none-eabi/15.2.0/crtbegin.o
LOAD main.o
LOAD C:/devkitPro/libnds/lib\libnds9.a
LOAD C:/devkitPro/calico/lib\libcalico_ds9.a
START GROUP
LOAD C:/devkitPro/devkitARM/bin/../lib/gcc/arm-none-eabi/15.2.0\libgcc.a
LOAD C:/devkitPro/devkitARM/bin/../lib/gcc/arm-none-eabi/15.2.0/../../../../arm-none-eabi/lib\libg.a
LOAD C:/devkitPro/devkitARM/bin/../lib/gcc/arm-none-eabi/15.2.0/../../../../arm-none-eabi/lib\libc.a
LOAD C:/devkitPro/devkitARM/bin/../lib/gcc/arm-none-eabi/15.2.0/../../../../arm-none-eabi/lib\libsysbase.a
END GROUP
LOAD C:/devkitPro/devkitARM/bin/../lib/gcc/arm-none-eabi/15.2.0/crtend.o
LOAD C:/devkitPro/devkitARM/bin/../lib/gcc/arm-none-eabi/15.2.0/crtn.o
                0x02ff3e80                        PROVIDE (__sp_usr = (ORIGIN (dtcm) + LENGTH (dtcm)))
                0x02ff3f80                        PROVIDE (__sp_irq = (__sp_usr + 0x100))
                0x02ff3fc0                        PROVIDE (__sp_svc = (__sp_irq + 0x40))
                0x02ff3ff8                        PROVIDE (__irq_flags = (__sp_svc + 0x38))
                [!provide]                        PROVIDE (__irq_vector = (__sp_svc + 0x3c))
                [!provide]                        PROVIDE (__arm_excpt_rst = 0xffff0000)
                [!provide]                        PROVIDE (__arm_excpt_und = 0xffff0004)
                0xffff0008                        PROVIDE (__arm_excpt_svc = 0xffff0008)
                [!provide]                        PROVIDE (__arm_excpt_pabt = 0xffff000c)
                [!provide]                        PROVIDE (__arm_excpt_dabt = 0xffff0010)
                [!provide]                        PROVIDE (__arm_excpt_irq = 0xffff0018)
                [!provide]                        PROVIDE (__arm_excpt_fiq = 0xffff001c)
                0x00000000                        PROVIDE (__end__ = 0x0)

.secure         0x0e000000      0x800 load address 0x02004000
                0x0e0007fc                        . = (. + 0x7fc)
 *fill*         0x0e000000      0x7fc 00000000
                0x0e0007fc        0x4 LONG 0x0

.bootstub       0x0e000800      0x198 load address 0x02004800
 *(.bootstub .bootstub.*)
 .bootstub.__ds9_bootstub
                0x0e000800      0x198 C:/devkitPro/calico/lib\libcalico_ds9.a(bootstub_arm9.o)
                0x0e000800                __ds9_bootstub
                0x0e000998                        . = ALIGN (0x4)

.crt0           0x02001000      0x3c0 load address 0x02004998
 *(.crt0 .crt0.*)
 .crt0.__ds9_bootstub_trampoline
                0x02001000       0x60 C:/devkitPro/calico/lib\libcalico_ds9.a(bootstub_arm9.o)
 *.crt0.*(.text .stub .text.* .gnu.linkonce.t.*)
 .text.crt0ProcessLoadList
                0x02001060       0x74 C:/devkitPro/calico/lib\libcalico_ds9.a(startup.crt0.o)
                0x02001060                crt0ProcessLoadList
 .text.crt0Startup
                0x020010d4      0x180 C:/devkitPro/calico/lib\libcalico_ds9.a(startup.crt0.o)
                0x020010d4                crt0Startup
 .text.crt0CopyMem32
                0x02001254       0x4c C:/devkitPro/calico/lib\libcalico_ds9.a(utils.crt0.o)
                0x02001254                crt0CopyMem32
 .text.crt0FillMem32
                0x020012a0       0x58 C:/devkitPro/calico/lib\libcalico_ds9.a(utils.crt0.o)
                0x020012a0                crt0FillMem32
 .text.crt0SetupMPU
                0x020012f8       0xb4 C:/devkitPro/calico/lib\libcalico_ds9.a(mpu_setup.crt0.o)
                0x020012f8                crt0SetupMPU
 *.crt0.*(.glue_7t .glue_7 .vfp11_veneer .v4_bx)
 *.crt0.*(.rodata .rodata.* .gnu.linkonce.r.*)
 *.crt0.*(.rodata1)
                0x020013c0                        . = ALIGN (0x20)
 *fill*         0x020013ac       0x14 ff
                0x02004998                        PROVIDE (__crt0_lma = LOADADDR (.crt0))
                0x02001000                        PROVIDE (__crt0_start = ADDR (.crt0))
                0x020013c0                        PROVIDE (__crt0_end = (ADDR (.crt0) + SIZEOF (.crt0)))
                0x00000001                        ASSERT (((__crt0_end <= LOADADDR (.bootstub)) || (__crt0_start >= (LOADADDR (.bootstub) + SIZEOF (.bootstub)))), Error: crt0 section overlaps initial bootstrap)

.dldi           0x0380b000        0x0 load address 0x02004d58
 *(.dldi)
                0x00000000                        PROVIDE (__dldi_lma = SIZEOF (.dldi)?LOADADDR (.dldi):0x0)

.vectors        0x00000000       0x20 load address 0x02004d58
 *(.vectors)
 .vectors       0x00000000       0x20 C:/devkitPro/calico/lib\libcalico_ds9.a(bootstub_arm9.o)

.itcm           0x01ff8020      0x67c load address 0x02004d78
 *(.itcm .itcm.*)
 .itcm          0x01ff8020       0x30 C:/devkitPro/calico/lib\libcalico_ds9.a(bootstub_arm9.o)
                0x01ff8038                __excpt_vectors
 *.itcm.*(.text .stub .text.* .gnu.linkonce.t.*)
 *.32.o(.text .stub .text.* .gnu.linkonce.t.*)
 .text.threadReschedule
                0x01ff8050       0x88 C:/devkitPro/calico/lib\libcalico_ds9.a(thread_hot.32.o)
 .text.threadBlock
                0x01ff80d8       0xd8 C:/devkitPro/calico/lib\libcalico_ds9.a(thread_hot.32.o)
                0x01ff80d8                threadBlock
 .text.threadUnblockOneByValue
                0x01ff81b0       0xc0 C:/devkitPro/calico/lib\libcalico_ds9.a(thread_hot.32.o)
                0x01ff81b0                threadUnblockOneByValue
 .text.threadUnblockAllByValue
                0x01ff8270      0x130 C:/devkitPro/calico/lib\libcalico_ds9.a(thread_hot.32.o)
                0x01ff8270                threadUnblockAllByValue
 .text.threadUnblockAllByMask
                0x01ff83a0      0x134 C:/devkitPro/calico/lib\libcalico_ds9.a(thread_hot.32.o)
                0x01ff83a0                threadUnblockAllByMask
 .text.armContextSave
                0x01ff84d4       0x2c C:/devkitPro/calico/lib\libcalico_ds9.a(arm-context.32.o)
                0x01ff84d4                armContextSave
 .text.armContextLoad
                0x01ff8500       0x20 C:/devkitPro/calico/lib\libcalico_ds9.a(arm-context.32.o)
                0x01ff8500                armContextLoad
                0x01ff8504                armContextLoadFromSvc
 .text.armWaitForIrq
                0x01ff8520        0x8 C:/devkitPro/calico/lib\libcalico_ds9.a(arm-shims.32.o)
                0x01ff8520                armWaitForIrq
 .text.__excpt_entry
                0x01ff8528       0x50 C:/devkitPro/calico/lib\libcalico_ds9.a(excpt_handler.32.o)
                0x01ff8528                __arm_excpt_rst
                0x01ff852c                __arm_excpt_pabt
                0x01ff8530                __arm_excpt_und
                0x01ff853c                __arm_excpt_dabt
 .text.__arm_excpt_irq
                0x01ff8578       0xe4 C:/devkitPro/calico/lib\libcalico_ds9.a(irq_handler.32.o)
                0x01ff8578                __arm_excpt_irq
 .text.armDrainWriteBuffer
                0x01ff865c        0xc C:/devkitPro/calico/lib\libcalico_ds9.a(arm-cache.32.o)
                0x01ff865c                armDrainWriteBuffer
 .text.armDCacheFlushAll
                0x01ff8668       0x28 C:/devkitPro/calico/lib\libcalico_ds9.a(arm-cache.32.o)
                0x01ff8668                armDCacheFlushAll
 .text.armICacheInvalidateAll
                0x01ff8690        0xc C:/devkitPro/calico/lib\libcalico_ds9.a(arm-cache.32.o)
                0x01ff8690                armICacheInvalidateAll
 *.itcm.*(.glue_7t .glue_7 .vfp11_veneer .v4_bx)
 *.32.o(.glue_7t .glue_7 .vfp11_veneer .v4_bx)
 *.itcm.*(.rodata .rodata.* .gnu.linkonce.r.*)
 *.32.o(.rodata .rodata.* .gnu.linkonce.r.*)
 *.itcm.*(.rodata1)
 *.32.o(.rodata1)
                0x01ff869c                        . = ALIGN (0x4)
                0x02004d58                        PROVIDE (__itcm_lma = LOADADDR (.vectors))
                0x01ff8000                        PROVIDE (__itcm_start = (ADDR (.itcm) - SIZEOF (.vectors)))
                0x01ff869c                        PROVIDE (__itcm_end = (ADDR (.itcm) + SIZEOF (.itcm)))
                0x00000001                        ASSERT (((__itcm_lma + SIZEOF (.vectors)) == LOADADDR (.itcm)), Error: gap between vectors and itcm)

.dtcm           0x02ff0000        0x0 load address 0x020053f4
 *(.dtcm .dtcm.*)
 *.32.o(.data .data.* .gnu.linkonce.d.*)
 *.32.o(.data1)
                0x02ff0000                        . = ALIGN (0x4)
                [!provide]                        PROVIDE (__dtcm_lma = LOADADDR (.dtcm))
                0x02ff0000                        PROVIDE (__dtcm_start = ADDR (.dtcm))
                0x02ff0000                        PROVIDE (__dtcm_end = (ADDR (.dtcm) + SIZEOF (.dtcm)))

.dtcm.bss       0x02ff0000       0x98 load address 0x020053f4
 *(.sbss .sbss.*)
 *.32.o(.dynbss)
 *.32.o(.bss .bss.* .gnu.linkonce.b.*)
 .bss.__irq_table
                0x02ff0000       0x80 C:/devkitPro/calico/lib\libcalico_ds9.a(thread_hot.32.o)
                0x02ff0000                __irq_table
 .bss.__sched_state
                0x02ff0080       0x18 C:/devkitPro/calico/lib\libcalico_ds9.a(thread_hot.32.o)
                0x02ff0080                __sched_state
 *.32.o(COMMON)
                0x02ff0098                        . = ALIGN (0x4)
                [!provide]                        PROVIDE (__dtcm_bss_start = ADDR (.dtcm.bss))
                0x02ff0098                        PROVIDE (__dtcm_bss_end = (ADDR (.dtcm.bss) + SIZEOF (.dtcm.bss)))

.main           0x020013c0    0x10d68 load address 0x020053f4
 *(SORT_NONE(.init))
 .init          0x020013c0        0xc C:/devkitPro/devkitARM/bin/../lib/gcc/arm-none-eabi/15.2.0/crti.o
                0x020013c0                _init
 .init          0x020013cc        0xc C:/devkitPro/devkitARM/bin/../lib/gcc/arm-none-eabi/15.2.0/crtn.o
 EXCLUDE_FILE(*.twl.*) *(.text.unlikely .text.*_unlikely .text.unlikely.*)
 EXCLUDE_FILE(*.twl.*) *(.text.exit .text.exit.*)
 .text.exit     0x020013d8       0x30 C:/devkitPro/devkitARM/bin/../lib/gcc/arm-none-eabi/15.2.0/../../../../arm-none-eabi/lib\libg.a(libc_a-exit.o)
                0x020013d8                exit
 EXCLUDE_FILE(*.twl.*) *(.text.startup .text.startup.*)
 .text.startup.main
                0x02001408      0x118 main.o
                0x02001408                main
 EXCLUDE_FILE(*.twl.*) *(.text.hot .text.hot.*)
 EXCLUDE_FILE(*.twl.*) *(.text .iplt .stub .text.* .gnu.linkonce.t.*)
 .text.__do_global_dtors_aux
                0x02001520       0x54 C:/devkitPro/devkitARM/bin/../lib/gcc/arm-none-eabi/15.2.0/crtbegin.o
 .text.frame_dummy
                0x02001574       0x30 C:/devkitPro/devkitARM/bin/../lib/gcc/arm-none-eabi/15.2.0/crtbegin.o
 .iplt          0x020015a4        0x0 C:/devkitPro/devkitARM/bin/../lib/gcc/arm-none-eabi/15.2.0/crtbegin.o
 .text.drawTopBar
                0x020015a4       0x54 main.o
                0x020015a4                drawTopBar
 .text.drawBottomMenu
                0x020015f8       0x6c main.o
                0x020015f8                drawBottomMenu
 .text.newRow   0x02001664       0xe0 C:/devkitPro/libnds/lib\libnds9.a(console.o)
 .text.consoleSelect
                0x02001744       0x10 C:/devkitPro/libnds/lib\libnds9.a(console.o)
                0x02001744                consoleSelect
 .text.consolePrintChar
                0x02001754       0xe0 C:/devkitPro/libnds/lib\libnds9.a(console.o)
                0x02001754                consolePrintChar
 .text.con_write
                0x02001834      0x344 C:/devkitPro/libnds/lib\libnds9.a(console.o)
                0x02001834                con_write
 .text.consoleLoadFont
                0x02001b78      0x2e8 C:/devkitPro/libnds/lib\libnds9.a(console.o)
                0x02001b78                consoleLoadFont
 .text.consoleInit
                0x02001e60      0x170 C:/devkitPro/libnds/lib\libnds9.a(console.o)
                0x02001e60                consoleInit
 .text.consoleClear
                0x02001fd0       0x10 C:/devkitPro/libnds/lib\libnds9.a(console.o)
                0x02001fd0                consoleClear
 .text.scanKeys
                0x02001fe0       0x6c C:/devkitPro/libnds/lib\libnds9.a(keys.o)
                0x02001fe0                scanKeys
 .text.keysDown
                0x0200204c       0x10 C:/devkitPro/libnds/lib\libnds9.a(keys.o)
                0x0200204c                keysDown
 .text.powerOn  0x0200205c       0x18 C:/devkitPro/libnds/lib\libnds9.a(system.o)
                0x0200205c                powerOn
 .text.checkIfText
                0x02002074       0x6c C:/devkitPro/libnds/lib\libnds9.a(background.o)
                0x02002074                checkIfText
 .text.bgUpdate
                0x020020e0       0xe8 C:/devkitPro/libnds/lib\libnds9.a(background.o)
                0x020020e0                bgUpdate
 .text.bgInit_call
                0x020021c8       0xa8 C:/devkitPro/libnds/lib\libnds9.a(background.o)
                0x020021c8                bgInit_call
 .text.bgInitSub_call
                0x02002270       0xb0 C:/devkitPro/libnds/lib\libnds9.a(background.o)
                0x02002270                bgInitSub_call
 .text.sinLutLookup
                0x02002320       0x4c C:/devkitPro/libnds/lib\libnds9.a(trig.o)
                0x02002320                sinLutLookup
 .text.sinLerp  0x0200236c       0x38 C:/devkitPro/libnds/lib\libnds9.a(trig.o)
                0x0200236c                sinLerp
 .text.cosLerp  0x020023a4       0x44 C:/devkitPro/libnds/lib\libnds9.a(trig.o)
                0x020023a4                cosLerp
 .text.threadExit
                0x020023e8       0x9c C:/devkitPro/calico/lib\libcalico_ds9.a(thread_cold.o)
                0x020023e8                threadExit
 .text._threadTickTask
                0x02002484       0x10 C:/devkitPro/calico/lib\libcalico_ds9.a(thread_cold.o)
 .text._threadInit
                0x02002494       0x98 C:/devkitPro/calico/lib\libcalico_ds9.a(thread_cold.o)
                0x02002494                _threadInit
 .text.threadPrepare
                0x0200252c       0xa4 C:/devkitPro/calico/lib\libcalico_ds9.a(thread_cold.o)
                0x0200252c                threadPrepare
 .text.threadStart
                0x020025d0       0xc8 C:/devkitPro/calico/lib\libcalico_ds9.a(thread_cold.o)
                0x020025d0                threadStart
 .text.threadIrqWait
                0x02002698       0xa0 C:/devkitPro/calico/lib\libcalico_ds9.a(thread_cold.o)
                0x02002698                threadIrqWait
 .text.threadSleepTicks
                0x02002738       0x58 C:/devkitPro/calico/lib\libcalico_ds9.a(thread_cold.o)
                0x02002738                threadSleepTicks
 .text.keypadGetState
                0x02002790       0x28 C:/devkitPro/calico/lib\libcalico_ds9.a(keypad.o)
                0x02002790                keypadGetState
 .text.touchRead
                0x020027b8       0x58 C:/devkitPro/calico/lib\libcalico_ds9.a(touch.o)
                0x020027b8                touchRead
 .text._tickCountIsr
                0x02002810       0x1c C:/devkitPro/calico/lib\libcalico_ds9.a(tick.o)
 .text._tickTaskSchedule.part.0.isra.0
                0x0200282c       0x84 C:/devkitPro/calico/lib\libcalico_ds9.a(tick.o)
 .text.tickInit
                0x020028b0       0xa0 C:/devkitPro/calico/lib\libcalico_ds9.a(tick.o)
                0x020028b0                tickInit
 .text.tickGetCount
                0x02002950       0x5c C:/devkitPro/calico/lib\libcalico_ds9.a(tick.o)
                0x02002950                tickGetCount
 .text._tickTaskIsr
                0x020029ac      0x110 C:/devkitPro/calico/lib\libcalico_ds9.a(tick.o)
 .text.tickTaskStart
                0x02002abc      0x144 C:/devkitPro/calico/lib\libcalico_ds9.a(tick.o)
                0x02002abc                tickTaskStart
 .text.__syscall_getreent
                0x02002c00       0x14 C:/devkitPro/calico/lib\libcalico_ds9.a(newlib_syscalls.o)
                0x02002c00                __syscall_getreent
 .text.__errno  0x02002c14       0x24 C:/devkitPro/calico/lib\libcalico_ds9.a(newlib_syscalls.o)
                0x02002c14                __errno
 .text.__syscall_lock_acquire
                0x02002c38        0x4 C:/devkitPro/calico/lib\libcalico_ds9.a(newlib_syscalls.o)
                0x02002c38                __syscall_lock_acquire
 .text.__syscall_lock_release
                0x02002c3c        0x4 C:/devkitPro/calico/lib\libcalico_ds9.a(newlib_syscalls.o)
                0x02002c3c                __syscall_lock_release
 .text.__syscall_lock_acquire_recursive
                0x02002c40       0x4c C:/devkitPro/calico/lib\libcalico_ds9.a(newlib_syscalls.o)
                0x02002c40                __syscall_lock_acquire_recursive
 .text.__syscall_lock_release_recursive
                0x02002c8c       0x18 C:/devkitPro/calico/lib\libcalico_ds9.a(newlib_syscalls.o)
                0x02002c8c                __syscall_lock_release_recursive
 .text._pxiMailboxHandler
                0x02002ca4        0x4 C:/devkitPro/calico/lib\libcalico_ds9.a(pxi.o)
 .text._pxiRecvUnhandled
                0x02002ca8        0x4 C:/devkitPro/calico/lib\libcalico_ds9.a(pxi.o)
                0x02002ca8                _pxiRecvUnhandled
 .text._pxiRecvIrqHandler
                0x02002cac      0x154 C:/devkitPro/calico/lib\libcalico_ds9.a(pxi.o)
 .text._pxiInit
                0x02002e00       0x58 C:/devkitPro/calico/lib\libcalico_ds9.a(pxi.o)
                0x02002e00                _pxiInit
 .text.pxiSetHandler
                0x02002e58       0x74 C:/devkitPro/calico/lib\libcalico_ds9.a(pxi.o)
                0x02002e58                pxiSetHandler
 .text.pxiSetMailbox
                0x02002ecc       0x68 C:/devkitPro/calico/lib\libcalico_ds9.a(pxi.o)
                0x02002ecc                pxiSetMailbox
 .text.pxiWaitRemote
                0x02002f34       0x38 C:/devkitPro/calico/lib\libcalico_ds9.a(pxi.o)
                0x02002f34                pxiWaitRemote
 .text.pxiSendPacket
                0x02002f6c       0x50 C:/devkitPro/calico/lib\libcalico_ds9.a(pxi.o)
                0x02002f6c                pxiSendPacket
 .text.systemUserStartup
                0x02002fbc        0x4 C:/devkitPro/calico/lib\libcalico_ds9.a(sys_startup.o)
                0x02002fbc                systemUserStartup
 .text.systemStartup
                0x02002fc0      0x104 C:/devkitPro/calico/lib\libcalico_ds9.a(sys_startup.o)
                0x02002fc0                systemStartup
 .text.irqSet   0x020030c4       0x64 C:/devkitPro/calico/lib\libcalico_ds9.a(irq.o)
                0x020030c4                irqSet
 .text.threadUpdateDynamicPrio
                0x02003128      0x1cc C:/devkitPro/calico/lib\libcalico_ds9.a(mutex.o)
 .text.threadRemoveWaiter
                0x020032f4      0x1c8 C:/devkitPro/calico/lib\libcalico_ds9.a(mutex.o)
 .text.mutexLock
                0x020034bc      0x150 C:/devkitPro/calico/lib\libcalico_ds9.a(mutex.o)
                0x020034bc                mutexLock
 .text.mutexUnlock
                0x0200360c       0xd0 C:/devkitPro/calico/lib\libcalico_ds9.a(mutex.o)
                0x0200360c                mutexUnlock
 .text.mailboxTrySend
                0x020036dc       0x98 C:/devkitPro/calico/lib\libcalico_ds9.a(mailbox.o)
                0x020036dc                mailboxTrySend
 .text.mailboxRecv
                0x02003774       0x98 C:/devkitPro/calico/lib\libcalico_ds9.a(mailbox.o)
                0x02003774                mailboxRecv
 .text._pmCallEventHandlers
                0x0200380c       0x40 C:/devkitPro/calico/lib\libcalico_ds9.a(pm.o)
 .text._pmPxiThreadMain
                0x0200384c       0xa0 C:/devkitPro/calico/lib\libcalico_ds9.a(pm.o)
 .text._pmResetPxiHandler
                0x020038ec       0x28 C:/devkitPro/calico/lib\libcalico_ds9.a(pm.o)
 .text.systemUserExit
                0x02003914        0x4 C:/devkitPro/calico/lib\libcalico_ds9.a(pm.o)
                0x02003914                systemUserExit
 .text.systemErrorExit
                0x02003918        0x4 C:/devkitPro/calico/lib\libcalico_ds9.a(pm.o)
                0x02003918                systemErrorExit
 .text.__syscall_exit
                0x0200391c      0x138 C:/devkitPro/calico/lib\libcalico_ds9.a(pm.o)
                0x0200391c                __syscall_exit
 .text.pmInit   0x02003a54       0x58 C:/devkitPro/calico/lib\libcalico_ds9.a(pm.o)
                0x02003a54                pmInit
 .text          0x02003aac      0x148 C:/devkitPro/devkitARM/bin/../lib/gcc/arm-none-eabi/15.2.0\libgcc.a(_divsi3.o)
                0x02003aac                __divsi3
                0x02003aac                __aeabi_idiv
                0x02003bd4                __aeabi_idivmod
 .text          0x02003bf4        0x4 C:/devkitPro/devkitARM/bin/../lib/gcc/arm-none-eabi/15.2.0\libgcc.a(_dvmd_tls.o)
                0x02003bf4                __aeabi_idiv0
                0x02003bf4                __aeabi_ldiv0
 .text          0x02003bf8       0x3c C:/devkitPro/devkitARM/bin/../lib/gcc/arm-none-eabi/15.2.0\libgcc.a(_aeabi_uldivmod.o)
                0x02003bf8                __aeabi_uldivmod
 .text.__udivmoddi4
                0x02003c34      0x140 C:/devkitPro/devkitARM/bin/../lib/gcc/arm-none-eabi/15.2.0\libgcc.a(_udivmoddi4.o)
                0x02003c34                __udivmoddi4
 .text          0x02003d74       0x28 C:/devkitPro/devkitARM/bin/../lib/gcc/arm-none-eabi/15.2.0\libgcc.a(_clzdi2.o)
                0x02003d74                __clzdi2
 .text          0x02003d9c       0x48 C:/devkitPro/devkitARM/bin/../lib/gcc/arm-none-eabi/15.2.0\libgcc.a(_clzsi2.o)
                0x02003d9c                __clzsi2
 .text.__libc_init_array
                0x02003de4       0x90 C:/devkitPro/devkitARM/bin/../lib/gcc/arm-none-eabi/15.2.0/../../../../arm-none-eabi/lib\libg.a(libc_a-init.o)
                0x02003de4                __libc_init_array
 .text.siscanf  0x02003e74       0x78 C:/devkitPro/devkitARM/bin/../lib/gcc/arm-none-eabi/15.2.0/../../../../arm-none-eabi/lib\libg.a(libc_a-siscanf.o)
                0x02003e74                siscanf
 .text._malloc_r
                0x02003eec      0x804 C:/devkitPro/devkitARM/bin/../lib/gcc/arm-none-eabi/15.2.0/../../../../arm-none-eabi/lib\libg.a(libc_a-mallocr.o)
                0x02003eec                _malloc_r
 .text._malloc_trim_r
                0x020046f0      0x11c C:/devkitPro/devkitARM/bin/../lib/gcc/arm-none-eabi/15.2.0/../../../../arm-none-eabi/lib\libg.a(libc_a-freer.o)
                0x020046f0                _malloc_trim_r
 .text._free_r  0x0200480c      0x2fc C:/devkitPro/devkitARM/bin/../lib/gcc/arm-none-eabi/15.2.0/../../../../arm-none-eabi/lib\libg.a(libc_a-freer.o)
                0x0200480c                _free_r
 .text.memset   0x02004b08       0xf4 C:/devkitPro/devkitARM/bin/../lib/gcc/arm-none-eabi/15.2.0/../../../../arm-none-eabi/lib\libg.a(libc_a-memset.o)
                0x02004b08                memset
 .text.__malloc_lock
                0x02004bfc       0x18 C:/devkitPro/devkitARM/bin/../lib/gcc/arm-none-eabi/15.2.0/../../../../arm-none-eabi/lib\libg.a(libc_a-mlock.o)
                0x02004bfc                __malloc_lock
 .text.__malloc_unlock
                0x02004c14       0x18 C:/devkitPro/devkitARM/bin/../lib/gcc/arm-none-eabi/15.2.0/../../../../arm-none-eabi/lib\libg.a(libc_a-mlock.o)
                0x02004c14                __malloc_unlock
 .text.__call_exitprocs
                0x02004c2c       0x10 C:/devkitPro/devkitARM/bin/../lib/gcc/arm-none-eabi/15.2.0/../../../../arm-none-eabi/lib\libg.a(libc_a-exit.o)
                0x02004c2c                __call_exitprocs
 .text.setvbuf  0x02004c3c      0x29c C:/devkitPro/devkitARM/bin/../lib/gcc/arm-none-eabi/15.2.0/../../../../arm-none-eabi/lib\libg.a(libc_a-setvbuf.o)
                0x02004c3c                setvbuf
 .text.memcpy   0x02004ed8      0x130 C:/devkitPro/devkitARM/bin/../lib/gcc/arm-none-eabi/15.2.0/../../../../arm-none-eabi/lib\libg.a(libc_a-memcpy-stub.o)
                0x02004ed8                memcpy
 .text.iprintf  0x02005008       0x34 C:/devkitPro/devkitARM/bin/../lib/gcc/arm-none-eabi/15.2.0/../../../../arm-none-eabi/lib\libg.a(libc_a-iprintf.o)
                0x02005008                iprintf
 .text.__sread  0x0200503c       0x4c C:/devkitPro/devkitARM/bin/../lib/gcc/arm-none-eabi/15.2.0/../../../../arm-none-eabi/lib\libg.a(libc_a-stdio.o)
                0x0200503c                __sread
 .text.__seofread
                0x02005088        0x8 C:/devkitPro/devkitARM/bin/../lib/gcc/arm-none-eabi/15.2.0/../../../../arm-none-eabi/lib\libg.a(libc_a-stdio.o)
                0x02005088                __seofread
 .text.__swrite
                0x02005090       0x6c C:/devkitPro/devkitARM/bin/../lib/gcc/arm-none-eabi/15.2.0/../../../../arm-none-eabi/lib\libg.a(libc_a-stdio.o)
                0x02005090                __swrite
 .text.__sseek  0x020050fc       0x48 C:/devkitPro/devkitARM/bin/../lib/gcc/arm-none-eabi/15.2.0/../../../../arm-none-eabi/lib\libg.a(libc_a-stdio.o)
                0x020050fc                __sseek
 .text.__sclose
                0x02005144       0x14 C:/devkitPro/devkitARM/bin/../lib/gcc/arm-none-eabi/15.2.0/../../../../arm-none-eabi/lib\libg.a(libc_a-stdio.o)
                0x02005144                __sclose
 .text.get_arg  0x02005158      0x5fc C:/devkitPro/devkitARM/bin/../lib/gcc/arm-none-eabi/15.2.0/../../../../arm-none-eabi/lib\libg.a(libc_a-vfiprintf.o)
 .text._vfiprintf_r
                0x02005754     0x2344 C:/devkitPro/devkitARM/bin/../lib/gcc/arm-none-eabi/15.2.0/../../../../arm-none-eabi/lib\libg.a(libc_a-vfiprintf.o)
                0x02005754                _vfiprintf_r
 .text.__sbprintf
                0x02007a98       0xb8 C:/devkitPro/devkitARM/bin/../lib/gcc/arm-none-eabi/15.2.0/../../../../arm-none-eabi/lib\libg.a(libc_a-vfiprintf.o)
 .text.strlen   0x02007b50       0x90 C:/devkitPro/devkitARM/bin/../lib/gcc/arm-none-eabi/15.2.0/../../../../arm-none-eabi/lib\libg.a(libc_a-strlen.o)
                0x02007b50                strlen
 .text.get_arg  0x02007be0       0x54 C:/devkitPro/devkitARM/bin/../lib/gcc/arm-none-eabi/15.2.0/../../../../arm-none-eabi/lib\libg.a(libc_a-svfiscanf.o)
 .text._sungetc_r
                0x02007c34       0xe8 C:/devkitPro/devkitARM/bin/../lib/gcc/arm-none-eabi/15.2.0/../../../../arm-none-eabi/lib\libg.a(libc_a-svfiscanf.o)
                0x02007c34                _sungetc_r
 .text.__ssrefill_r
                0x02007d1c       0x68 C:/devkitPro/devkitARM/bin/../lib/gcc/arm-none-eabi/15.2.0/../../../../arm-none-eabi/lib\libg.a(libc_a-svfiscanf.o)
                0x02007d1c                __ssrefill_r
 .text._sfread_r
                0x02007d84       0xb8 C:/devkitPro/devkitARM/bin/../lib/gcc/arm-none-eabi/15.2.0/../../../../arm-none-eabi/lib\libg.a(libc_a-svfiscanf.o)
                0x02007d84                _sfread_r
 .text.__ssvfiscanf_r
                0x02007e3c     0x22d4 C:/devkitPro/devkitARM/bin/../lib/gcc/arm-none-eabi/15.2.0/../../../../arm-none-eabi/lib\libg.a(libc_a-svfiscanf.o)
                0x02007e3c                __ssvfiscanf_r
 .text.stdio_exit_handler
                0x0200a110       0x28 C:/devkitPro/devkitARM/bin/../lib/gcc/arm-none-eabi/15.2.0/../../../../arm-none-eabi/lib\libg.a(libc_a-findfp.o)
 .text.cleanup_stdio
                0x0200a138       0x54 C:/devkitPro/devkitARM/bin/../lib/gcc/arm-none-eabi/15.2.0/../../../../arm-none-eabi/lib\libg.a(libc_a-findfp.o)
 .text.global_stdio_init.part.0
                0x0200a18c      0x158 C:/devkitPro/devkitARM/bin/../lib/gcc/arm-none-eabi/15.2.0/../../../../arm-none-eabi/lib\libg.a(libc_a-findfp.o)
 .text.__sinit  0x0200a2e4       0x64 C:/devkitPro/devkitARM/bin/../lib/gcc/arm-none-eabi/15.2.0/../../../../arm-none-eabi/lib\libg.a(libc_a-findfp.o)
                0x0200a2e4                __sinit
 .text.__sfp_lock_acquire
                0x0200a348       0x18 C:/devkitPro/devkitARM/bin/../lib/gcc/arm-none-eabi/15.2.0/../../../../arm-none-eabi/lib\libg.a(libc_a-findfp.o)
                0x0200a348                __sfp_lock_acquire
 .text.__sfp_lock_release
                0x0200a360       0x18 C:/devkitPro/devkitARM/bin/../lib/gcc/arm-none-eabi/15.2.0/../../../../arm-none-eabi/lib\libg.a(libc_a-findfp.o)
                0x0200a360                __sfp_lock_release
 .text._strtoul_l.isra.0
                0x0200a378      0x1f0 C:/devkitPro/devkitARM/bin/../lib/gcc/arm-none-eabi/15.2.0/../../../../arm-none-eabi/lib\libg.a(libc_a-strtoul.o)
 .text._strtoul_r
                0x0200a568       0x38 C:/devkitPro/devkitARM/bin/../lib/gcc/arm-none-eabi/15.2.0/../../../../arm-none-eabi/lib\libg.a(libc_a-strtoul.o)
                0x0200a568                _strtoul_r
 .text._fwalk_sglue
                0x0200a5a0       0x78 C:/devkitPro/devkitARM/bin/../lib/gcc/arm-none-eabi/15.2.0/../../../../arm-none-eabi/lib\libg.a(libc_a-fwalk.o)
                0x0200a5a0                _fwalk_sglue
 .text.__sprint_r
                0x0200a618       0x34 C:/devkitPro/devkitARM/bin/../lib/gcc/arm-none-eabi/15.2.0/../../../../arm-none-eabi/lib\libg.a(libc_a-sprint_r.o)
                0x0200a618                __sprint_r
 .text.iswspace
                0x0200a64c       0x14 C:/devkitPro/devkitARM/bin/../lib/gcc/arm-none-eabi/15.2.0/../../../../arm-none-eabi/lib\libg.a(libc_a-iswspace.o)
                0x0200a64c                iswspace
 .text._localeconv_r
                0x0200a660       0x28 C:/devkitPro/devkitARM/bin/../lib/gcc/arm-none-eabi/15.2.0/../../../../arm-none-eabi/lib\libg.a(libc_a-localeconv.o)
                0x0200a660                _localeconv_r
 .text.realloc  0x0200a688       0x2c C:/devkitPro/devkitARM/bin/../lib/gcc/arm-none-eabi/15.2.0/../../../../arm-none-eabi/lib\libg.a(libc_a-realloc.o)
                0x0200a688                realloc
 .text.memchr   0x0200a6b4       0xf4 C:/devkitPro/devkitARM/bin/../lib/gcc/arm-none-eabi/15.2.0/../../../../arm-none-eabi/lib\libg.a(libc_a-memchr-stub.o)
                0x0200a6b4                memchr
 .text._wcrtomb_r
                0x0200a7a8       0xac C:/devkitPro/devkitARM/bin/../lib/gcc/arm-none-eabi/15.2.0/../../../../arm-none-eabi/lib\libg.a(libc_a-wcrtomb.o)
                0x0200a7a8                _wcrtomb_r
 .text._strtol_l.part.0
                0x0200a854      0x388 C:/devkitPro/devkitARM/bin/../lib/gcc/arm-none-eabi/15.2.0/../../../../arm-none-eabi/lib\libg.a(libc_a-strtol.o)
 .text._strtol_r
                0x0200abdc       0x70 C:/devkitPro/devkitARM/bin/../lib/gcc/arm-none-eabi/15.2.0/../../../../arm-none-eabi/lib\libg.a(libc_a-strtol.o)
                0x0200abdc                _strtol_r
 .text.__libc_fini_array
                0x0200ac4c       0x44 C:/devkitPro/devkitARM/bin/../lib/gcc/arm-none-eabi/15.2.0/../../../../arm-none-eabi/lib\libg.a(libc_a-fini.o)
                0x0200ac4c                __libc_fini_array
 .text.malloc   0x0200ac90       0x48 C:/devkitPro/devkitARM/bin/../lib/gcc/arm-none-eabi/15.2.0/../../../../arm-none-eabi/lib\libg.a(libc_a-malloc.o)
                0x0200ac90                malloc
 .text.free     0x0200acd8       0x24 C:/devkitPro/devkitARM/bin/../lib/gcc/arm-none-eabi/15.2.0/../../../../arm-none-eabi/lib\libg.a(libc_a-malloc.o)
                0x0200acd8                free
 .text.__sccl   0x0200acfc       0xe8 C:/devkitPro/devkitARM/bin/../lib/gcc/arm-none-eabi/15.2.0/../../../../arm-none-eabi/lib\libg.a(libc_a-sccl.o)
                0x0200acfc                __sccl
 .text.__sflush_r
                0x0200ade4      0x248 C:/devkitPro/devkitARM/bin/../lib/gcc/arm-none-eabi/15.2.0/../../../../arm-none-eabi/lib\libg.a(libc_a-fflush.o)
                0x0200ade4                __sflush_r
 .text._fflush_r
                0x0200b02c       0xcc C:/devkitPro/devkitARM/bin/../lib/gcc/arm-none-eabi/15.2.0/../../../../arm-none-eabi/lib\libg.a(libc_a-fflush.o)
                0x0200b02c                _fflush_r
 .text.__smakebuf_r
                0x0200b0f8      0x168 C:/devkitPro/devkitARM/bin/../lib/gcc/arm-none-eabi/15.2.0/../../../../arm-none-eabi/lib\libg.a(libc_a-makebuf.o)
                0x0200b0f8                __smakebuf_r
 .text.__swhatbuf_r
                0x0200b260       0x84 C:/devkitPro/devkitARM/bin/../lib/gcc/arm-none-eabi/15.2.0/../../../../arm-none-eabi/lib\libg.a(libc_a-makebuf.o)
                0x0200b260                __swhatbuf_r
 .text._realloc_r
                0x0200b2e4      0x51c C:/devkitPro/devkitARM/bin/../lib/gcc/arm-none-eabi/15.2.0/../../../../arm-none-eabi/lib\libg.a(libc_a-reallocr.o)
                0x0200b2e4                _realloc_r
 .text.strncpy  0x0200b800       0xdc C:/devkitPro/devkitARM/bin/../lib/gcc/arm-none-eabi/15.2.0/../../../../arm-none-eabi/lib\libg.a(libc_a-strncpy.o)
                0x0200b800                strncpy
 .text._strtoull_l.isra.0
                0x0200b8dc      0x268 C:/devkitPro/devkitARM/bin/../lib/gcc/arm-none-eabi/15.2.0/../../../../arm-none-eabi/lib\libg.a(libc_a-strtoull.o)
 .text._strtoull_r
                0x0200bb44       0x38 C:/devkitPro/devkitARM/bin/../lib/gcc/arm-none-eabi/15.2.0/../../../../arm-none-eabi/lib\libg.a(libc_a-strtoull.o)
                0x0200bb44                _strtoull_r
 .text._wcsrtombs_r
                0x0200bb7c       0x2c C:/devkitPro/devkitARM/bin/../lib/gcc/arm-none-eabi/15.2.0/../../../../arm-none-eabi/lib\libg.a(libc_a-wcsrtombs.o)
                0x0200bb7c                _wcsrtombs_r
 .text._mbrtowc_r
                0x0200bba8       0xd0 C:/devkitPro/devkitARM/bin/../lib/gcc/arm-none-eabi/15.2.0/../../../../arm-none-eabi/lib\libg.a(libc_a-mbrtowc.o)
                0x0200bba8                _mbrtowc_r
 .text.__swsetup_r
                0x0200bc78      0x148 C:/devkitPro/devkitARM/bin/../lib/gcc/arm-none-eabi/15.2.0/../../../../arm-none-eabi/lib\libg.a(libc_a-wsetup.o)
                0x0200bc78                __swsetup_r
 .text.__sfvwrite_r
                0x0200bdc0      0x4b4 C:/devkitPro/devkitARM/bin/../lib/gcc/arm-none-eabi/15.2.0/../../../../arm-none-eabi/lib\libg.a(libc_a-fvwrite.o)
                0x0200bdc0                __sfvwrite_r
 .text.memmove  0x0200c274      0x170 C:/devkitPro/devkitARM/bin/../lib/gcc/arm-none-eabi/15.2.0/../../../../arm-none-eabi/lib\libg.a(libc_a-memmove.o)
                0x0200c274                memmove
 .text.iswspace_l
                0x0200c3e4       0x40 C:/devkitPro/devkitARM/bin/../lib/gcc/arm-none-eabi/15.2.0/../../../../arm-none-eabi/lib\libg.a(libc_a-iswspace_l.o)
                0x0200c3e4                iswspace_l
 .text._fclose_r
                0x0200c424      0x14c C:/devkitPro/devkitARM/bin/../lib/gcc/arm-none-eabi/15.2.0/../../../../arm-none-eabi/lib\libg.a(libc_a-fclose.o)
                0x0200c424                _fclose_r
 .text._strtoll_l.isra.0
                0x0200c570      0x49c C:/devkitPro/devkitARM/bin/../lib/gcc/arm-none-eabi/15.2.0/../../../../arm-none-eabi/lib\libg.a(libc_a-strtoll.o)
 .text._strtoll_r
                0x0200ca0c       0x38 C:/devkitPro/devkitARM/bin/../lib/gcc/arm-none-eabi/15.2.0/../../../../arm-none-eabi/lib\libg.a(libc_a-strtoll.o)
                0x0200ca0c                _strtoll_r
 .text.__locale_mb_cur_max
                0x0200ca44       0x28 C:/devkitPro/devkitARM/bin/../lib/gcc/arm-none-eabi/15.2.0/../../../../arm-none-eabi/lib\libg.a(libc_a-locale.o)
                0x0200ca44                __locale_mb_cur_max
 .text.__submore
                0x0200ca6c       0xbc C:/devkitPro/devkitARM/bin/../lib/gcc/arm-none-eabi/15.2.0/../../../../arm-none-eabi/lib\libg.a(libc_a-ungetc.o)
                0x0200ca6c                __submore
 .text._memalign_r
                0x0200cb28      0x188 C:/devkitPro/devkitARM/bin/../lib/gcc/arm-none-eabi/15.2.0/../../../../arm-none-eabi/lib\libg.a(libc_a-malignr.o)
                0x0200cb28                _memalign_r
 .text._wcsnrtombs_l
                0x0200ccb0      0x16c C:/devkitPro/devkitARM/bin/../lib/gcc/arm-none-eabi/15.2.0/../../../../arm-none-eabi/lib\libg.a(libc_a-wcsnrtombs.o)
                0x0200ccb0                _wcsnrtombs_l
 .text._wcsnrtombs_r
                0x0200ce1c       0x68 C:/devkitPro/devkitARM/bin/../lib/gcc/arm-none-eabi/15.2.0/../../../../arm-none-eabi/lib\libg.a(libc_a-wcsnrtombs.o)
                0x0200ce1c                _wcsnrtombs_r
 .text.__utf8_mbtowc
                0x0200ce84      0x344 C:/devkitPro/devkitARM/bin/../lib/gcc/arm-none-eabi/15.2.0/../../../../arm-none-eabi/lib\libg.a(libc_a-mbtowc_r.o)
                0x0200ce84                __utf8_mbtowc
 .text.category
                0x0200d1c8       0x98 C:/devkitPro/devkitARM/bin/../lib/gcc/arm-none-eabi/15.2.0/../../../../arm-none-eabi/lib\libg.a(libc_a-categories.o)
                0x0200d1c8                category
 .text.__utf8_wctomb
                0x0200d260       0xf8 C:/devkitPro/devkitARM/bin/../lib/gcc/arm-none-eabi/15.2.0/../../../../arm-none-eabi/lib\libg.a(libc_a-wctomb_r.o)
                0x0200d260                __utf8_wctomb
 .text._exit    0x0200d358       0x20 C:/devkitPro/devkitARM/bin/../lib/gcc/arm-none-eabi/15.2.0/../../../../arm-none-eabi/lib\libsysbase.a(libsysbase_libsysbase_a-_exit.o)
                0x0200d358                _exit
 .text._fstat_r
                0x0200d378       0xa0 C:/devkitPro/devkitARM/bin/../lib/gcc/arm-none-eabi/15.2.0/../../../../arm-none-eabi/lib\libsysbase.a(libsysbase_libsysbase_a-fstat.o)
                0x0200d378                _fstat_r
 .text.__getreent
                0x0200d418       0x30 C:/devkitPro/devkitARM/bin/../lib/gcc/arm-none-eabi/15.2.0/../../../../arm-none-eabi/lib\libsysbase.a(libsysbase_libsysbase_a-getreent.o)
                0x0200d418                __getreent
 .text.__get_handle
                0x0200d448       0x5c C:/devkitPro/devkitARM/bin/../lib/gcc/arm-none-eabi/15.2.0/../../../../arm-none-eabi/lib\libsysbase.a(libsysbase_libsysbase_a-handle_manager.o)
                0x0200d448                __get_handle
 .text._close_r
                0x0200d4a4      0x118 C:/devkitPro/devkitARM/bin/../lib/gcc/arm-none-eabi/15.2.0/../../../../arm-none-eabi/lib\libsysbase.a(libsysbase_libsysbase_a-handle_manager.o)
                0x0200d4a4                _close_r
 .text.null_write
                0x0200d5bc        0x8 C:/devkitPro/devkitARM/bin/../lib/gcc/arm-none-eabi/15.2.0/../../../../arm-none-eabi/lib\libsysbase.a(libsysbase_libsysbase_a-iosupport.o)
 .text._isatty_r
                0x0200d5c4        0x8 C:/devkitPro/devkitARM/bin/../lib/gcc/arm-none-eabi/15.2.0/../../../../arm-none-eabi/lib\libsysbase.a(libsysbase_libsysbase_a-isatty.o)
                0x0200d5c4                _isatty_r
 .text._lseek_r
                0x0200d5cc       0x98 C:/devkitPro/devkitARM/bin/../lib/gcc/arm-none-eabi/15.2.0/../../../../arm-none-eabi/lib\libsysbase.a(libsysbase_libsysbase_a-lseek.o)
                0x0200d5cc                _lseek_r
 .text._read_r  0x0200d664       0x98 C:/devkitPro/devkitARM/bin/../lib/gcc/arm-none-eabi/15.2.0/../../../../arm-none-eabi/lib\libsysbase.a(libsysbase_libsysbase_a-read.o)
                0x0200d664                _read_r
 .text._sbrk_r  0x0200d6fc       0x78 C:/devkitPro/devkitARM/bin/../lib/gcc/arm-none-eabi/15.2.0/../../../../arm-none-eabi/lib\libsysbase.a(libsysbase_libsysbase_a-sbrk.o)
                0x0200d6fc                _sbrk_r
 .text.__libc_lock_acquire
                0x0200d774       0x20 C:/devkitPro/devkitARM/bin/../lib/gcc/arm-none-eabi/15.2.0/../../../../arm-none-eabi/lib\libsysbase.a(libsysbase_libsysbase_a-syscall_support.o)
                0x0200d774                __libc_lock_acquire
 .text.__libc_lock_release
                0x0200d794       0x20 C:/devkitPro/devkitARM/bin/../lib/gcc/arm-none-eabi/15.2.0/../../../../arm-none-eabi/lib\libsysbase.a(libsysbase_libsysbase_a-syscall_support.o)
                0x0200d794                __libc_lock_release
 .text.__libc_lock_acquire_recursive
                0x0200d7b4       0x20 C:/devkitPro/devkitARM/bin/../lib/gcc/arm-none-eabi/15.2.0/../../../../arm-none-eabi/lib\libsysbase.a(libsysbase_libsysbase_a-syscall_support.o)
                0x0200d7b4                __libc_lock_acquire_recursive
 .text.__libc_lock_release_recursive
                0x0200d7d4       0x20 C:/devkitPro/devkitARM/bin/../lib/gcc/arm-none-eabi/15.2.0/../../../../arm-none-eabi/lib\libsysbase.a(libsysbase_libsysbase_a-syscall_support.o)
                0x0200d7d4                __libc_lock_release_recursive
 .text._write_r
                0x0200d7f4       0x98 C:/devkitPro/devkitARM/bin/../lib/gcc/arm-none-eabi/15.2.0/../../../../arm-none-eabi/lib\libsysbase.a(libsysbase_libsysbase_a-write.o)
                0x0200d7f4                _write_r
 .text          0x0200d88c      0x114 C:/devkitPro/devkitARM/bin/../lib/gcc/arm-none-eabi/15.2.0\libgcc.a(_udivsi3.o)
                0x0200d88c                __aeabi_uidiv
                0x0200d88c                __udivsi3
                0x0200d980                __aeabi_uidivmod
 EXCLUDE_FILE(*.twl.*) *(.glue_7t .glue_7 .vfp11_veneer .v4_bx)
 .glue_7        0x0200d9a0        0x0 linker stubs
 .glue_7t       0x0200d9a0        0x0 linker stubs
 .vfp11_veneer  0x0200d9a0        0x0 linker stubs
 .v4_bx         0x0200d9a0        0x0 linker stubs
 *(SORT_NONE(.fini))
 .fini          0x0200d9a0        0xc C:/devkitPro/devkitARM/bin/../lib/gcc/arm-none-eabi/15.2.0/crti.o
                0x0200d9a0                _fini
 .fini          0x0200d9ac        0xc C:/devkitPro/devkitARM/bin/../lib/gcc/arm-none-eabi/15.2.0/crtn.o
 EXCLUDE_FILE(*.twl.*) *(.rodata .rodata.* .gnu.linkonce.r.*)
 .rodata.drawTopBar.str1.4
                0x0200d9b8      0x208 main.o
                                 0xc7 (size before relaxing)
 .rodata.drawBottomMenu.str1.4
                0x0200dbc0        0x0 main.o
                                 0x91 (size before relaxing)
 .rodata.main.str1.4
                0x0200dbc0        0x0 main.o
                                 0x12 (size before relaxing)
 .rodata.con_write.str1.4
                0x0200dbc0        0x0 C:/devkitPro/libnds/lib\libnds9.a(console.o)
                                 0x30 (size before relaxing)
 .rodata.con_write
                0x0200dbc0       0xd4 C:/devkitPro/libnds/lib\libnds9.a(console.o)
 .rodata.consoleClear.str1.4
                0x0200dc94        0x0 C:/devkitPro/libnds/lib\libnds9.a(console.o)
                                  0x5 (size before relaxing)
 .rodata.str1.4
                0x0200dc94        0x0 C:/devkitPro/libnds/lib\libnds9.a(console.o)
                                 0x14 (size before relaxing)
 .rodata.dotab_stdout
                0x0200dc94       0x80 C:/devkitPro/libnds/lib\libnds9.a(console.o)
 .rodata.default_font_bin
                0x0200dd14      0x800 C:/devkitPro/libnds/lib\libnds9.a(default_font.bin.o)
                0x0200dd14                default_font_bin
                0x0200e514                default_font_bin_end
 .rodata.SIN_LUT
                0x0200e514      0x102 C:/devkitPro/libnds/lib\libnds9.a(trig.o)
                0x0200e514                SIN_LUT
 .rodata.get_arg
                0x0200e616       0x34 C:/devkitPro/devkitARM/bin/../lib/gcc/arm-none-eabi/15.2.0/../../../../arm-none-eabi/lib\libg.a(libc_a-vfiprintf.o)
 .rodata._vfiprintf_r.str1.1
                0x0200e64a       0x29 C:/devkitPro/devkitARM/bin/../lib/gcc/arm-none-eabi/15.2.0/../../../../arm-none-eabi/lib\libg.a(libc_a-vfiprintf.o)
 *fill*         0x0200e673        0x1 ff
 .rodata._vfiprintf_r
                0x0200e674       0xb6 C:/devkitPro/devkitARM/bin/../lib/gcc/arm-none-eabi/15.2.0/../../../../arm-none-eabi/lib\libg.a(libc_a-vfiprintf.o)
 *fill*         0x0200e72a        0x2 ff
 .rodata.zeroes.0
                0x0200e72c       0x10 C:/devkitPro/devkitARM/bin/../lib/gcc/arm-none-eabi/15.2.0/../../../../arm-none-eabi/lib\libg.a(libc_a-vfiprintf.o)
 .rodata.blanks.1
                0x0200e73c       0x10 C:/devkitPro/devkitARM/bin/../lib/gcc/arm-none-eabi/15.2.0/../../../../arm-none-eabi/lib\libg.a(libc_a-vfiprintf.o)
 .rodata.__ssvfiscanf_r
                0x0200e74c       0x7f C:/devkitPro/devkitARM/bin/../lib/gcc/arm-none-eabi/15.2.0/../../../../arm-none-eabi/lib\libg.a(libc_a-svfiscanf.o)
 *fill*         0x0200e7cb        0x1 ff
 .rodata.basefix.0
                0x0200e7cc       0x22 C:/devkitPro/devkitARM/bin/../lib/gcc/arm-none-eabi/15.2.0/../../../../arm-none-eabi/lib\libg.a(libc_a-svfiscanf.o)
 *fill*         0x0200e7ee        0x2 ff
 .rodata._ctype_
                0x0200e7f0      0x101 C:/devkitPro/devkitARM/bin/../lib/gcc/arm-none-eabi/15.2.0/../../../../arm-none-eabi/lib\libg.a(libc_a-ctype_.o)
                0x0200e7f0                _ctype_
 *fill*         0x0200e8f1        0x3 ff
 .rodata.__action_table
                0x0200e8f4       0x6c C:/devkitPro/devkitARM/bin/../lib/gcc/arm-none-eabi/15.2.0/../../../../arm-none-eabi/lib\libg.a(libc_a-svfiprintf.o)
                0x0200e8f4                __action_table
 .rodata.__state_table
                0x0200e960       0x6c C:/devkitPro/devkitARM/bin/../lib/gcc/arm-none-eabi/15.2.0/../../../../arm-none-eabi/lib\libg.a(libc_a-svfiprintf.o)
                0x0200e960                __state_table
 .rodata.__chclass
                0x0200e9cc      0x100 C:/devkitPro/devkitARM/bin/../lib/gcc/arm-none-eabi/15.2.0/../../../../arm-none-eabi/lib\libg.a(libc_a-svfiprintf.o)
                0x0200e9cc                __chclass
 .rodata._mbrtowc_r.str1.4
                0x0200eacc        0x0 C:/devkitPro/devkitARM/bin/../lib/gcc/arm-none-eabi/15.2.0/../../../../arm-none-eabi/lib\libg.a(libc_a-mbrtowc.o)
                                  0x1 (size before relaxing)
 .rodata.str1.4
                0x0200eacc        0x0 C:/devkitPro/devkitARM/bin/../lib/gcc/arm-none-eabi/15.2.0/../../../../arm-none-eabi/lib\libg.a(libc_a-locale.o)
                                 0x4c (size before relaxing)
 .rodata.categories
                0x0200eacc     0x35dc C:/devkitPro/devkitARM/bin/../lib/gcc/arm-none-eabi/15.2.0/../../../../arm-none-eabi/lib\libg.a(libc_a-categories.o)
 .rodata.AddDevice.str1.4
                0x020120a8        0x0 C:/devkitPro/devkitARM/bin/../lib/gcc/arm-none-eabi/15.2.0/../../../../arm-none-eabi/lib\libsysbase.a(libsysbase_libsysbase_a-iosupport.o)
                                  0x8 (size before relaxing)
 .rodata.dotab_stdnull
                0x020120a8       0x80 C:/devkitPro/devkitARM/bin/../lib/gcc/arm-none-eabi/15.2.0/../../../../arm-none-eabi/lib\libsysbase.a(libsysbase_libsysbase_a-iosupport.o)
                0x020120a8                dotab_stdnull
 EXCLUDE_FILE(*.twl.*) *(.rodata1)
                0x02012128                        . = ALIGN (0x4)

.main.rw        0x02012128     0x1848 load address 0x0201615c
 EXCLUDE_FILE(*.twl.*) *(.data .data.* .gnu.linkonce.d.*)
 .data.firstConsoleInit.0
                0x02012128        0x1 C:/devkitPro/libnds/lib\libnds9.a(console.o)
 *fill*         0x02012129        0x3 ff
 .data.currentConsole
                0x0201212c        0x4 C:/devkitPro/libnds/lib\libnds9.a(console.o)
                0x0201212c                currentConsole
 .data.defaultConsole
                0x02012130       0x5c C:/devkitPro/libnds/lib\libnds9.a(console.o)
                0x02012130                defaultConsole
 .data.count    0x0201218c        0x1 C:/devkitPro/libnds/lib\libnds9.a(keys.o)
 .data.repeat   0x0201218d        0x1 C:/devkitPro/libnds/lib\libnds9.a(keys.o)
 .data.delay    0x0201218e        0x1 C:/devkitPro/libnds/lib\libnds9.a(keys.o)
 *fill*         0x0201218f        0x1 ff
 .data.bgTransform
                0x02012190       0x20 C:/devkitPro/libnds/lib\libnds9.a(background.o)
                0x02012190                bgTransform
 .data.bgScrollTable
                0x020121b0       0x20 C:/devkitPro/libnds/lib\libnds9.a(background.o)
                0x020121b0                bgScrollTable
 .data.bgControl
                0x020121d0       0x20 C:/devkitPro/libnds/lib\libnds9.a(background.o)
                0x020121d0                bgControl
 .data.__malloc_sbrk_base
                0x020121f0        0x4 C:/devkitPro/devkitARM/bin/../lib/gcc/arm-none-eabi/15.2.0/../../../../arm-none-eabi/lib\libg.a(libc_a-mallocr.o)
                0x020121f0                __malloc_sbrk_base
 .data.__malloc_trim_threshold
                0x020121f4        0x4 C:/devkitPro/devkitARM/bin/../lib/gcc/arm-none-eabi/15.2.0/../../../../arm-none-eabi/lib\libg.a(libc_a-mallocr.o)
                0x020121f4                __malloc_trim_threshold
 .data.__malloc_av_
                0x020121f8      0x408 C:/devkitPro/devkitARM/bin/../lib/gcc/arm-none-eabi/15.2.0/../../../../arm-none-eabi/lib\libg.a(libc_a-mallocr.o)
                0x020121f8                __malloc_av_
 .data.__sglue  0x02012600        0xc C:/devkitPro/devkitARM/bin/../lib/gcc/arm-none-eabi/15.2.0/../../../../arm-none-eabi/lib\libg.a(libc_a-findfp.o)
                0x02012600                __sglue
 .data._impure_ptr
                0x0201260c        0x4 C:/devkitPro/devkitARM/bin/../lib/gcc/arm-none-eabi/15.2.0/../../../../arm-none-eabi/lib\libg.a(libc_a-impure.o)
                0x0201260c                _impure_ptr
 .data._impure_data
                0x02012610      0x140 C:/devkitPro/devkitARM/bin/../lib/gcc/arm-none-eabi/15.2.0/../../../../arm-none-eabi/lib\libg.a(libc_a-impure.o)
                0x02012610                _impure_data
 .data.__global_locale
                0x02012750      0x16c C:/devkitPro/devkitARM/bin/../lib/gcc/arm-none-eabi/15.2.0/../../../../arm-none-eabi/lib\libg.a(libc_a-locale.o)
                0x02012750                __global_locale
 *fill*         0x020128bc        0x4 ff
 .data.handles  0x020128c0     0x1000 C:/devkitPro/devkitARM/bin/../lib/gcc/arm-none-eabi/15.2.0/../../../../arm-none-eabi/lib\libsysbase.a(libsysbase_libsysbase_a-handle_manager.o)
 .data.__stderr_handle
                0x020138c0        0xc C:/devkitPro/devkitARM/bin/../lib/gcc/arm-none-eabi/15.2.0/../../../../arm-none-eabi/lib\libsysbase.a(libsysbase_libsysbase_a-handle_manager.o)
 .data.__stdout_handle
                0x020138cc        0xc C:/devkitPro/devkitARM/bin/../lib/gcc/arm-none-eabi/15.2.0/../../../../arm-none-eabi/lib\libsysbase.a(libsysbase_libsysbase_a-handle_manager.o)
 .data.__stdin_handle
                0x020138d8        0xc C:/devkitPro/devkitARM/bin/../lib/gcc/arm-none-eabi/15.2.0/../../../../arm-none-eabi/lib\libsysbase.a(libsysbase_libsysbase_a-handle_manager.o)
 .data.devoptab_list
                0x020138e4       0x8c C:/devkitPro/devkitARM/bin/../lib/gcc/arm-none-eabi/15.2.0/../../../../arm-none-eabi/lib\libsysbase.a(libsysbase_libsysbase_a-iosupport.o)
                0x020138e4                devoptab_list
 EXCLUDE_FILE(*.twl.*) *(.data1)
 EXCLUDE_FILE(*.twl.*) *(.igot.plt)
 .igot.plt      0x02013970        0x0 C:/devkitPro/devkitARM/bin/../lib/gcc/arm-none-eabi/15.2.0/crtbegin.o
                0x02013970                        . = ALIGN (0x4)

.ARM.extab
 *(.ARM.extab* .gnu.linkonce.armextab.*)

.ARM.exidx      0x02013970        0x0 load address 0x020179a4
 *(.ARM.exidx* .gnu.linkonce.armexidx.*)
                [!provide]                        PROVIDE (__exidx_start = ADDR (.ARM.exidx))
                [!provide]                        PROVIDE (__exidx_end = (ADDR (.ARM.exidx) + SIZEOF (.ARM.exidx)))

.eh_frame_hdr
 *(.eh_frame_hdr)
 *(.eh_frame_entry .eh_frame_entry.*)

.eh_frame       0x02013970        0x4 load address 0x020179a4
 *(.eh_frame)
 .eh_frame      0x02013970        0x0 C:/devkitPro/devkitARM/bin/../lib/gcc/arm-none-eabi/15.2.0/crtbegin.o
 .eh_frame      0x02013970        0x4 C:/devkitPro/devkitARM/bin/../lib/gcc/arm-none-eabi/15.2.0/crtend.o
 *(.eh_frame.*)

.gcc_except_table
 *(.gcc_except_table .gcc_except_table.*)

.gnu_extab
 *(.gnu_extab*)

.tinfo          0x02013974        0xc load address 0x020179a8
                0x02013974        0x4 LONG 0x2013988 __tls_start
                0x02013978        0x4 LONG 0x0 SIZEOF (.main.tls)
                0x0201397c        0x4 LONG 0x0 SIZEOF (.tdata)
                0x02013974                        PROVIDE (__tls_info = ADDR (.tinfo))

.preinit_array  0x02013980        0x0 load address 0x020179b4
                0x02013980                        PROVIDE (__preinit_array_start = .)
 *(.preinit_array)
                0x02013980                        PROVIDE (__preinit_array_end = .)

.init_array     0x02013980        0x4 load address 0x020179b4
                0x02013980                        PROVIDE (__init_array_start = .)
 *(SORT_BY_INIT_PRIORITY(.init_array.*) SORT_BY_INIT_PRIORITY(.ctors.*))
 *(.init_array .ctors)
 .init_array    0x02013980        0x4 C:/devkitPro/devkitARM/bin/../lib/gcc/arm-none-eabi/15.2.0/crtbegin.o
                0x02013984                        PROVIDE (__init_array_end = .)

.fini_array     0x02013984        0x4 load address 0x020179b8
                0x02013984                        PROVIDE (__fini_array_start = .)
 *(SORT_BY_INIT_PRIORITY(.fini_array.*) SORT_BY_INIT_PRIORITY(.dtors.*))
 *(.fini_array .dtors)
 .fini_array    0x02013984        0x4 C:/devkitPro/devkitARM/bin/../lib/gcc/arm-none-eabi/15.2.0/crtbegin.o
                0x02013988                        PROVIDE (__fini_array_end = .)
                [!provide]                        PROVIDE (__main_lma = LOADADDR (.main))
                0x020013c0                        PROVIDE (__main_start = ADDR (.main))
                0x02013988                        PROVIDE (__main_end = (ADDR (.fini_array) + SIZEOF (.fini_array)))

.tdata          0x00000000        0x0 load address 0x020179bc
 *(.tdata .tdata.* .gnu.linkonce.td.*)
                0x00000000                        . = ALIGN (0x4)

.tbss           0x00000000        0x0 load address 0x020179bc
 *(.tbss .tbss.* .gnu.linkonce.tb.*)
 *(.tcommon)
                0x00000000                        . = ALIGN (0x4)
                0x00000001                        ASSERT (((ALIGNOF (.tdata) <= 0x8) || (ALIGNOF (.tbss) <= 0x8)), Error: TLS is overaligned (up to 8-byte alignment is supported))
                0x00000001                        ASSERT (((ADDR (.tbss) + SIZEOF (.tbss)) <= (ORIGIN (tls) + LENGTH (tls))), Error: TLS section too large)

.main.tls       0x02013988        0x0
                0x02013988                        . = (. + ((ADDR (.tbss) + SIZEOF (.tbss)) - ADDR (.tdata)))
                [!provide]                        PROVIDE (__tls_lma = LOADADDR (.tdata))
                0x02013988                        PROVIDE (__tls_start = ADDR (.main.tls))
                0x02013988                        PROVIDE (__tls_end = (ADDR (.main.tls) + SIZEOF (.tdata)))

.main.bss       0x02013988      0x9dc
 EXCLUDE_FILE(*.twl.*) *(.dynbss)
 EXCLUDE_FILE(*.twl.*) *(.bss .bss.* .gnu.linkonce.b.*)
 .bss.completed.1
                0x02013988        0x1 C:/devkitPro/devkitARM/bin/../lib/gcc/arm-none-eabi/15.2.0/crtbegin.o
 *fill*         0x02013989        0x3 
 .bss.object.0  0x0201398c       0x18 C:/devkitPro/devkitARM/bin/../lib/gcc/arm-none-eabi/15.2.0/crtbegin.o
 .bss.option    0x020139a4        0x4 main.o
                0x020139a4                option
 .bss.bottomScreen
                0x020139a8       0x5c main.o
                0x020139a8                bottomScreen
 .bss.topScreen
                0x02013a04       0x5c main.o
                0x02013a04                topScreen
 .bss.currentCopy
                0x02013a60       0x5c C:/devkitPro/libnds/lib\libnds9.a(console.o)
                0x02013a60                currentCopy
 .bss.keysrepeat
                0x02013abc        0x2 C:/devkitPro/libnds/lib\libnds9.a(keys.o)
 *fill*         0x02013abe        0x2 
 .bss.s_keypad  0x02013ac0        0x4 C:/devkitPro/libnds/lib\libnds9.a(keys.o)
 .bss.bgIsTextLut
                0x02013ac4        0x8 C:/devkitPro/libnds/lib\libnds9.a(background.o)
                0x02013ac4                bgIsTextLut
 .bss.bgState   0x02013acc      0x140 C:/devkitPro/libnds/lib\libnds9.a(background.o)
                0x02013acc                bgState
 .bss.s_sleepThreads
                0x02013c0c        0x8 C:/devkitPro/calico/lib\libcalico_ds9.a(thread_cold.o)
 .bss.s_joinThreads
                0x02013c14        0x8 C:/devkitPro/calico/lib\libcalico_ds9.a(thread_cold.o)
 .bss.s_idleThread
                0x02013c1c       0x70 C:/devkitPro/calico/lib\libcalico_ds9.a(thread_cold.o)
 .bss.s_mainThread
                0x02013c8c       0x70 C:/devkitPro/calico/lib\libcalico_ds9.a(thread_cold.o)
 .bss.s_firstTask
                0x02013cfc        0x4 C:/devkitPro/calico/lib\libcalico_ds9.a(tick.o)
 .bss.s_highTickCount
                0x02013d00        0x8 C:/devkitPro/calico/lib\libcalico_ds9.a(tick.o)
 .bss.s_tickInit
                0x02013d08        0x1 C:/devkitPro/calico/lib\libcalico_ds9.a(tick.o)
 *fill*         0x02013d09        0x3 
 .bss.s_defaultErrno.0
                0x02013d0c        0x4 C:/devkitPro/calico/lib\libcalico_ds9.a(newlib_syscalls.o)
 .bss.__stacksize__
                0x02013d10        0x4 C:/devkitPro/calico/lib\libcalico_ds9.a(startup.crt0.o)
                0x02013d10                __stacksize__
 .bss.g_isTwlMode
                0x02013d14        0x1 C:/devkitPro/calico/lib\libcalico_ds9.a(startup.crt0.o)
                0x02013d14                g_isTwlMode
 *fill*         0x02013d15        0x3 
 .bss.s_pxiChannels
                0x02013d18      0x1f0 C:/devkitPro/calico/lib\libcalico_ds9.a(pxi.o)
 .bss.s_pxiRecvState
                0x02013f08        0x4 C:/devkitPro/calico/lib\libcalico_ds9.a(pxi.o)
 .bss.s_pxiRecvQueue
                0x02013f0c        0x8 C:/devkitPro/calico/lib\libcalico_ds9.a(pxi.o)
 .bss.s_pxiSendMutex
                0x02013f14        0x4 C:/devkitPro/calico/lib\libcalico_ds9.a(pxi.o)
 .bss.s_mailboxRecvQueue
                0x02013f18        0x8 C:/devkitPro/calico/lib\libcalico_ds9.a(mailbox.o)
 .bss.s_pmPxiThreadStack
                0x02013f20      0x200 C:/devkitPro/calico/lib\libcalico_ds9.a(pm.o)
 .bss.s_pmPxiThread
                0x02014120       0x70 C:/devkitPro/calico/lib\libcalico_ds9.a(pm.o)
 .bss.s_pmState
                0x02014190        0x8 C:/devkitPro/calico/lib\libcalico_ds9.a(pm.o)
 .bss.__malloc_current_mallinfo
                0x02014198       0x28 C:/devkitPro/devkitARM/bin/../lib/gcc/arm-none-eabi/15.2.0/../../../../arm-none-eabi/lib\libg.a(libc_a-mallocr.o)
                0x02014198                __malloc_current_mallinfo
 .bss.__malloc_max_total_mem
                0x020141c0        0x4 C:/devkitPro/devkitARM/bin/../lib/gcc/arm-none-eabi/15.2.0/../../../../arm-none-eabi/lib\libg.a(libc_a-mallocr.o)
                0x020141c0                __malloc_max_total_mem
 .bss.__malloc_max_sbrked_mem
                0x020141c4        0x4 C:/devkitPro/devkitARM/bin/../lib/gcc/arm-none-eabi/15.2.0/../../../../arm-none-eabi/lib\libg.a(libc_a-mallocr.o)
                0x020141c4                __malloc_max_sbrked_mem
 .bss.__malloc_top_pad
                0x020141c8        0x4 C:/devkitPro/devkitARM/bin/../lib/gcc/arm-none-eabi/15.2.0/../../../../arm-none-eabi/lib\libg.a(libc_a-mallocr.o)
                0x020141c8                __malloc_top_pad
 .bss.__malloc_recursive_mutex
                0x020141cc        0xc C:/devkitPro/devkitARM/bin/../lib/gcc/arm-none-eabi/15.2.0/../../../../arm-none-eabi/lib\libg.a(libc_a-mlock.o)
 .bss.__sfp_recursive_mutex
                0x020141d8        0xc C:/devkitPro/devkitARM/bin/../lib/gcc/arm-none-eabi/15.2.0/../../../../arm-none-eabi/lib\libg.a(libc_a-findfp.o)
 *fill*         0x020141e4        0x4 
 .bss.__sf      0x020141e8      0x168 C:/devkitPro/devkitARM/bin/../lib/gcc/arm-none-eabi/15.2.0/../../../../arm-none-eabi/lib\libg.a(libc_a-findfp.o)
                0x020141e8                __sf
 .bss.__stdio_exit_handler
                0x02014350        0x4 C:/devkitPro/devkitARM/bin/../lib/gcc/arm-none-eabi/15.2.0/../../../../arm-none-eabi/lib\libg.a(libc_a-findfp.o)
                0x02014350                __stdio_exit_handler
 .bss.__hndl_lock
                0x02014354        0x4 C:/devkitPro/devkitARM/bin/../lib/gcc/arm-none-eabi/15.2.0/../../../../arm-none-eabi/lib\libsysbase.a(libsysbase_libsysbase_a-handle_manager.o)
 .bss.fake_heap_start
                0x02014358        0x4 C:/devkitPro/devkitARM/bin/../lib/gcc/arm-none-eabi/15.2.0/../../../../arm-none-eabi/lib\libsysbase.a(libsysbase_libsysbase_a-malloc_vars.o)
                0x02014358                fake_heap_start
 .bss.fake_heap_end
                0x0201435c        0x4 C:/devkitPro/devkitARM/bin/../lib/gcc/arm-none-eabi/15.2.0/../../../../arm-none-eabi/lib\libsysbase.a(libsysbase_libsysbase_a-malloc_vars.o)
                0x0201435c                fake_heap_end
 .bss.heap_start.0
                0x02014360        0x4 C:/devkitPro/devkitARM/bin/../lib/gcc/arm-none-eabi/15.2.0/../../../../arm-none-eabi/lib\libsysbase.a(libsysbase_libsysbase_a-sbrk.o)
 EXCLUDE_FILE(*.twl.*) *(COMMON)
                0x02014364                        . = ALIGN (0x4)
                [!provide]                        PROVIDE (__main_bss_start = ADDR (.main.bss))
                0x02014364                        PROVIDE (__main_bss_end = (ADDR (.main.bss) + SIZEOF (.main.bss)))
                0x02014364                        . = .
                0x02014364                        PROVIDE (__heap_start_ntr = .)
                0x00000001                        ASSERT ((. <= 0x2380000), Error: DS-mode sections overflow DS ARM9 memory size (3.5 MB))

.twl            0x02014380        0x0 load address 0x02400000
 *(.twl .twl.*)
 *.twl.*(.text .stub .text.* .gnu.linkonce.t.*)
 *.twl.*(.glue_7t .glue_7 .vfp11_veneer .v4_bx)
 *.twl.*(.rodata .rodata.* .gnu.linkonce.r.*)
 *.twl.*(.rodata1)
                0x02014380                        . = ALIGN (0x4)

.twl.rw         0x02014380        0x0 load address 0x02400000
 *.twl.*(.data .data.* .gnu.linkonce.d.*)
 *.twl.*(.data1)
                0x02014380                        . = ALIGN (0x4)
                0x02400000                        PROVIDE (__twl_lma = LOADADDR (.twl))
                0x02014380                        PROVIDE (__twl_start = ADDR (.twl))
                0x02014380                        PROVIDE (__twl_end = (ADDR (.twl.rw) + SIZEOF (.twl.rw)))

.twl.bss        0x02014380        0x0 load address 0x02400000
 *(.twl_bss .twl_bss.*)
 *.twl.*(.dynbss)
 *.twl.*(.bss .bss.* .gnu.linkonce.b.*)
 *.twl.*(COMMON)
                0x02014380                        . = ALIGN (0x4)
                [!provide]                        PROVIDE (__twl_bss_start = ADDR (.twl.bss))
                0x02014380                        PROVIDE (__twl_bss_end = (ADDR (.twl.bss) + SIZEOF (.twl.bss)))
                0x02014380                        . = .
                0x02014380                        PROVIDE (__heap_start_twl = .)

.loadlist       0x0e000998       0x30 load address 0x020179bc
                0x0e000998        0x4 LONG 0x1ff8000 __itcm_start
                0x0e00099c        0x4 LONG 0x1ff869c __itcm_end
                0x0e0009a0        0x4 LONG 0x1ff869c __itcm_end
                0x0e0009a4        0x4 LONG 0x2ff0000 __dtcm_start
                0x0e0009a8        0x4 LONG 0x2ff0000 __dtcm_end
                0x0e0009ac        0x4 LONG 0x2ff0098 __dtcm_bss_end
                0x0e0009b0        0x4 LONG 0x20013c0 __main_start
                0x0e0009b4        0x4 LONG 0x2013988 __main_end
                0x0e0009b8        0x4 LONG 0x2013988 __main_end
                0x0e0009bc        0x4 LONG 0x2013988 __tls_start
                0x0e0009c0        0x4 LONG 0x2013988 __tls_end
                0x0e0009c4        0x4 LONG 0x2014364 __main_bss_end
                0x02004d58                        PROVIDE (__loadlist_lma = __itcm_lma)
                0x020179bc                        PROVIDE (__loadlist_start = LOADADDR (.loadlist))
                0x020179ec                        PROVIDE (__loadlist_end = (LOADADDR (.loadlist) + SIZEOF (.loadlist)))

.twl.loadlist   0x0e0009c8        0xc load address 0x02400000
                0x0e0009c8        0x4 LONG 0x2014380 __twl_start
                0x0e0009cc        0x4 LONG 0x2014380 __twl_end
                0x0e0009d0        0x4 LONG 0x2014380 __twl_bss_end
                0x02400000                        PROVIDE (__twl_loadlist_lma = __twl_lma)
                0x02400000                        PROVIDE (__twl_loadlist_start = LOADADDR (.twl.loadlist))
                0x0240000c                        PROVIDE (__twl_loadlist_end = (LOADADDR (.twl.loadlist) + SIZEOF (.twl.loadlist)))

.rel.dyn        0x0e0009d4        0x0 load address 0x0240000c
 .rel.iplt      0x0e0009d4        0x0 C:/devkitPro/devkitARM/bin/../lib/gcc/arm-none-eabi/15.2.0/crtbegin.o

.stab
 *(.stab)

.stabstr
 *(.stabstr)

.stab.excl
 *(.stab.excl)

.stab.exclstr
 *(.stab.exclstr)

.stab.index
 *(.stab.index)

.stab.indexstr
 *(.stab.indexstr)

.comment        0x00000000       0x3b
 *(.comment)
 .comment       0x00000000       0x3b C:/devkitPro/devkitARM/bin/../lib/gcc/arm-none-eabi/15.2.0/crtbegin.o
                                 0x19 (size before relaxing)
 .comment       0x0000003b        0x0 main.o
                                 0x19 (size before relaxing)
 .comment       0x0000003b        0x0 C:/devkitPro/libnds/lib\libnds9.a(console.o)
                                 0x24 (size before relaxing)
 .comment       0x0000003b        0x0 C:/devkitPro/libnds/lib\libnds9.a(keys.o)
                                 0x24 (size before relaxing)
 .comment       0x0000003b        0x0 C:/devkitPro/libnds/lib\libnds9.a(system.o)
                                 0x24 (size before relaxing)
 .comment       0x0000003b        0x0 C:/devkitPro/libnds/lib\libnds9.a(background.o)
                                 0x24 (size before relaxing)
 .comment       0x0000003b        0x0 C:/devkitPro/libnds/lib\libnds9.a(trig.o)
                                 0x24 (size before relaxing)
 .comment       0x0000003b        0x0 C:/devkitPro/calico/lib\libcalico_ds9.a(thread_cold.o)
                                 0x24 (size before relaxing)
 .comment       0x0000003b        0x0 C:/devkitPro/calico/lib\libcalico_ds9.a(thread_hot.32.o)
                                 0x24 (size before relaxing)
 .comment       0x0000003b        0x0 C:/devkitPro/calico/lib\libcalico_ds9.a(arm-shims.32.o)
                                 0x24 (size before relaxing)
 .comment       0x0000003b        0x0 C:/devkitPro/calico/lib\libcalico_ds9.a(keypad.o)
                                 0x24 (size before relaxing)
 .comment       0x0000003b        0x0 C:/devkitPro/calico/lib\libcalico_ds9.a(touch.o)
                                 0x24 (size before relaxing)
 .comment       0x0000003b        0x0 C:/devkitPro/calico/lib\libcalico_ds9.a(tick.o)
                                 0x24 (size before relaxing)
 .comment       0x0000003b        0x0 C:/devkitPro/calico/lib\libcalico_ds9.a(newlib_syscalls.o)
                                 0x24 (size before relaxing)
 .comment       0x0000003b        0x0 C:/devkitPro/calico/lib\libcalico_ds9.a(startup.crt0.o)
                                 0x24 (size before relaxing)
 .comment       0x0000003b        0x0 C:/devkitPro/calico/lib\libcalico_ds9.a(pxi.o)
                                 0x24 (size before relaxing)
 .comment       0x0000003b        0x0 C:/devkitPro/calico/lib\libcalico_ds9.a(sys_startup.o)
                                 0x24 (size before relaxing)
 .comment       0x0000003b        0x0 C:/devkitPro/calico/lib\libcalico_ds9.a(irq.o)
                                 0x24 (size before relaxing)
 .comment       0x0000003b        0x0 C:/devkitPro/calico/lib\libcalico_ds9.a(mutex.o)
                                 0x24 (size before relaxing)
 .comment       0x0000003b        0x0 C:/devkitPro/calico/lib\libcalico_ds9.a(mailbox.o)
                                 0x24 (size before relaxing)
 .comment       0x0000003b        0x0 C:/devkitPro/calico/lib\libcalico_ds9.a(pm.o)
                                 0x24 (size before relaxing)
 .comment       0x0000003b        0x0 C:/devkitPro/devkitARM/bin/../lib/gcc/arm-none-eabi/15.2.0\libgcc.a(_udivmoddi4.o)
                                 0x19 (size before relaxing)
 .comment       0x0000003b        0x0 C:/devkitPro/devkitARM/bin/../lib/gcc/arm-none-eabi/15.2.0/crtend.o
                                 0x19 (size before relaxing)

.gnu.build.attributes
 *(.gnu.build.attributes .gnu.build.attributes.*)

.debug
 *(.debug)

.line
 *(.line)

.debug_srcinfo
 *(.debug_srcinfo)

.debug_sfnames
 *(.debug_sfnames)

.debug_aranges  0x00000000      0x860
 *(.debug_aranges)
 .debug_aranges
                0x00000000       0x30 main.o
 .debug_aranges
                0x00000030       0x80 C:/devkitPro/libnds/lib\libnds9.a(console.o)
 .debug_aranges
                0x000000b0       0x50 C:/devkitPro/libnds/lib\libnds9.a(keys.o)
 .debug_aranges
                0x00000100       0x28 C:/devkitPro/libnds/lib\libnds9.a(system.o)
 .debug_aranges
                0x00000128       0x40 C:/devkitPro/libnds/lib\libnds9.a(background.o)
 .debug_aranges
                0x00000168       0x60 C:/devkitPro/libnds/lib\libnds9.a(trig.o)
 .debug_aranges
                0x000001c8       0x88 C:/devkitPro/calico/lib\libcalico_ds9.a(thread_cold.o)
 .debug_aranges
                0x00000250       0x50 C:/devkitPro/calico/lib\libcalico_ds9.a(thread_hot.32.o)
 .debug_aranges
                0x000002a0       0x28 C:/devkitPro/calico/lib\libcalico_ds9.a(arm-context.32.o)
 .debug_aranges
                0x000002c8       0x70 C:/devkitPro/calico/lib\libcalico_ds9.a(arm-shims.32.o)
 .debug_aranges
                0x00000338       0x20 C:/devkitPro/calico/lib\libcalico_ds9.a(keypad.o)
 .debug_aranges
                0x00000358       0x38 C:/devkitPro/calico/lib\libcalico_ds9.a(bootstub_arm9.o)
 .debug_aranges
                0x00000390       0x20 C:/devkitPro/calico/lib\libcalico_ds9.a(excpt_handler.32.o)
 .debug_aranges
                0x000003b0       0x20 C:/devkitPro/calico/lib\libcalico_ds9.a(touch.o)
 .debug_aranges
                0x000003d0       0x50 C:/devkitPro/calico/lib\libcalico_ds9.a(tick.o)
 .debug_aranges
                0x00000420       0xa8 C:/devkitPro/calico/lib\libcalico_ds9.a(newlib_syscalls.o)
 .debug_aranges
                0x000004c8       0x28 C:/devkitPro/calico/lib\libcalico_ds9.a(startup.crt0.o)
 .debug_aranges
                0x000004f0       0x28 C:/devkitPro/calico/lib\libcalico_ds9.a(utils.crt0.o)
 .debug_aranges
                0x00000518       0x20 C:/devkitPro/calico/lib\libcalico_ds9.a(irq_handler.32.o)
 .debug_aranges
                0x00000538       0x78 C:/devkitPro/calico/lib\libcalico_ds9.a(pxi.o)
 .debug_aranges
                0x000005b0       0x20 C:/devkitPro/calico/lib\libcalico_ds9.a(mpu_setup.crt0.o)
 .debug_aranges
                0x000005d0       0x28 C:/devkitPro/calico/lib\libcalico_ds9.a(sys_startup.o)
 .debug_aranges
                0x000005f8       0x20 C:/devkitPro/calico/lib\libcalico_ds9.a(irq.o)
 .debug_aranges
                0x00000618       0x50 C:/devkitPro/calico/lib\libcalico_ds9.a(mutex.o)
 .debug_aranges
                0x00000668       0x30 C:/devkitPro/calico/lib\libcalico_ds9.a(mailbox.o)
 .debug_aranges
                0x00000698       0x48 C:/devkitPro/calico/lib\libcalico_ds9.a(arm-cache.32.o)
 .debug_aranges
                0x000006e0       0xa0 C:/devkitPro/calico/lib\libcalico_ds9.a(pm.o)
 .debug_aranges
                0x00000780       0x20 C:/devkitPro/devkitARM/bin/../lib/gcc/arm-none-eabi/15.2.0\libgcc.a(_divsi3.o)
 .debug_aranges
                0x000007a0       0x20 C:/devkitPro/devkitARM/bin/../lib/gcc/arm-none-eabi/15.2.0\libgcc.a(_dvmd_tls.o)
 .debug_aranges
                0x000007c0       0x20 C:/devkitPro/devkitARM/bin/../lib/gcc/arm-none-eabi/15.2.0\libgcc.a(_aeabi_uldivmod.o)
 .debug_aranges
                0x000007e0       0x20 C:/devkitPro/devkitARM/bin/../lib/gcc/arm-none-eabi/15.2.0\libgcc.a(_udivmoddi4.o)
 .debug_aranges
                0x00000800       0x20 C:/devkitPro/devkitARM/bin/../lib/gcc/arm-none-eabi/15.2.0\libgcc.a(_clzdi2.o)
 .debug_aranges
                0x00000820       0x20 C:/devkitPro/devkitARM/bin/../lib/gcc/arm-none-eabi/15.2.0\libgcc.a(_clzsi2.o)
 .debug_aranges
                0x00000840       0x20 C:/devkitPro/devkitARM/bin/../lib/gcc/arm-none-eabi/15.2.0\libgcc.a(_udivsi3.o)

.debug_pubnames
 *(.debug_pubnames)

.debug_info     0x00000000    0x1029e
 *(.debug_info .gnu.linkonce.wi.*)
 .debug_info    0x00000000      0xb3e main.o
 .debug_info    0x00000b3e     0x2a7a C:/devkitPro/libnds/lib\libnds9.a(console.o)
 .debug_info    0x000035b8      0x48d C:/devkitPro/libnds/lib\libnds9.a(keys.o)
 .debug_info    0x00003a45      0x102 C:/devkitPro/libnds/lib\libnds9.a(system.o)
 .debug_info    0x00003b47      0xa36 C:/devkitPro/libnds/lib\libnds9.a(background.o)
 .debug_info    0x0000457d      0x77c C:/devkitPro/libnds/lib\libnds9.a(trig.o)
 .debug_info    0x00004cf9     0x1e51 C:/devkitPro/calico/lib\libcalico_ds9.a(thread_cold.o)
 .debug_info    0x00006b4a     0x126f C:/devkitPro/calico/lib\libcalico_ds9.a(thread_hot.32.o)
 .debug_info    0x00007db9       0x3b C:/devkitPro/calico/lib\libcalico_ds9.a(arm-context.32.o)
 .debug_info    0x00007df4      0x385 C:/devkitPro/calico/lib\libcalico_ds9.a(arm-shims.32.o)
 .debug_info    0x00008179      0x1c6 C:/devkitPro/calico/lib\libcalico_ds9.a(keypad.o)
 .debug_info    0x0000833f       0x3e C:/devkitPro/calico/lib\libcalico_ds9.a(bootstub_arm9.o)
 .debug_info    0x0000837d       0x5d C:/devkitPro/calico/lib\libcalico_ds9.a(excpt_handler.32.o)
 .debug_info    0x000083da      0x26f C:/devkitPro/calico/lib\libcalico_ds9.a(touch.o)
 .debug_info    0x00008649      0xc64 C:/devkitPro/calico/lib\libcalico_ds9.a(tick.o)
 .debug_info    0x000092ad     0x161d C:/devkitPro/calico/lib\libcalico_ds9.a(newlib_syscalls.o)
 .debug_info    0x0000a8ca      0x4e1 C:/devkitPro/calico/lib\libcalico_ds9.a(startup.crt0.o)
 .debug_info    0x0000adab       0x3b C:/devkitPro/calico/lib\libcalico_ds9.a(utils.crt0.o)
 .debug_info    0x0000ade6       0x33 C:/devkitPro/calico/lib\libcalico_ds9.a(irq_handler.32.o)
 .debug_info    0x0000ae19     0x13cf C:/devkitPro/calico/lib\libcalico_ds9.a(pxi.o)
 .debug_info    0x0000c1e8       0x33 C:/devkitPro/calico/lib\libcalico_ds9.a(mpu_setup.crt0.o)
 .debug_info    0x0000c21b      0x4fc C:/devkitPro/calico/lib\libcalico_ds9.a(sys_startup.o)
 .debug_info    0x0000c717      0x28e C:/devkitPro/calico/lib\libcalico_ds9.a(irq.o)
 .debug_info    0x0000c9a5     0x1070 C:/devkitPro/calico/lib\libcalico_ds9.a(mutex.o)
 .debug_info    0x0000da15      0x80d C:/devkitPro/calico/lib\libcalico_ds9.a(mailbox.o)
 .debug_info    0x0000e222       0x67 C:/devkitPro/calico/lib\libcalico_ds9.a(arm-cache.32.o)
 .debug_info    0x0000e289     0x1b21 C:/devkitPro/calico/lib\libcalico_ds9.a(pm.o)
 .debug_info    0x0000fdaa       0x3e C:/devkitPro/devkitARM/bin/../lib/gcc/arm-none-eabi/15.2.0\libgcc.a(_divsi3.o)
 .debug_info    0x0000fde8       0x3c C:/devkitPro/devkitARM/bin/../lib/gcc/arm-none-eabi/15.2.0\libgcc.a(_dvmd_tls.o)
 .debug_info    0x0000fe24       0x24 C:/devkitPro/devkitARM/bin/../lib/gcc/arm-none-eabi/15.2.0\libgcc.a(_aeabi_uldivmod.o)
 .debug_info    0x0000fe48      0x3b6 C:/devkitPro/devkitARM/bin/../lib/gcc/arm-none-eabi/15.2.0\libgcc.a(_udivmoddi4.o)
 .debug_info    0x000101fe       0x31 C:/devkitPro/devkitARM/bin/../lib/gcc/arm-none-eabi/15.2.0\libgcc.a(_clzdi2.o)
 .debug_info    0x0001022f       0x31 C:/devkitPro/devkitARM/bin/../lib/gcc/arm-none-eabi/15.2.0\libgcc.a(_clzsi2.o)
 .debug_info    0x00010260       0x3e C:/devkitPro/devkitARM/bin/../lib/gcc/arm-none-eabi/15.2.0\libgcc.a(_udivsi3.o)

.debug_abbrev   0x00000000     0x401b
 *(.debug_abbrev)
 .debug_abbrev  0x00000000      0x2be main.o
 .debug_abbrev  0x000002be      0x62f C:/devkitPro/libnds/lib\libnds9.a(console.o)
 .debug_abbrev  0x000008ed      0x273 C:/devkitPro/libnds/lib\libnds9.a(keys.o)
 .debug_abbrev  0x00000b60       0x97 C:/devkitPro/libnds/lib\libnds9.a(system.o)
 .debug_abbrev  0x00000bf7      0x364 C:/devkitPro/libnds/lib\libnds9.a(background.o)
 .debug_abbrev  0x00000f5b      0x26c C:/devkitPro/libnds/lib\libnds9.a(trig.o)
 .debug_abbrev  0x000011c7      0x592 C:/devkitPro/calico/lib\libcalico_ds9.a(thread_cold.o)
 .debug_abbrev  0x00001759      0x36d C:/devkitPro/calico/lib\libcalico_ds9.a(thread_hot.32.o)
 .debug_abbrev  0x00001ac6       0x26 C:/devkitPro/calico/lib\libcalico_ds9.a(arm-context.32.o)
 .debug_abbrev  0x00001aec      0x1c3 C:/devkitPro/calico/lib\libcalico_ds9.a(arm-shims.32.o)
 .debug_abbrev  0x00001caf       0xd0 C:/devkitPro/calico/lib\libcalico_ds9.a(keypad.o)
 .debug_abbrev  0x00001d7f       0x26 C:/devkitPro/calico/lib\libcalico_ds9.a(bootstub_arm9.o)
 .debug_abbrev  0x00001da5       0x26 C:/devkitPro/calico/lib\libcalico_ds9.a(excpt_handler.32.o)
 .debug_abbrev  0x00001dcb      0x11a C:/devkitPro/calico/lib\libcalico_ds9.a(touch.o)
 .debug_abbrev  0x00001ee5      0x329 C:/devkitPro/calico/lib\libcalico_ds9.a(tick.o)
 .debug_abbrev  0x0000220e      0x4a2 C:/devkitPro/calico/lib\libcalico_ds9.a(newlib_syscalls.o)
 .debug_abbrev  0x000026b0      0x1d6 C:/devkitPro/calico/lib\libcalico_ds9.a(startup.crt0.o)
 .debug_abbrev  0x00002886       0x26 C:/devkitPro/calico/lib\libcalico_ds9.a(utils.crt0.o)
 .debug_abbrev  0x000028ac       0x28 C:/devkitPro/calico/lib\libcalico_ds9.a(irq_handler.32.o)
 .debug_abbrev  0x000028d4      0x446 C:/devkitPro/calico/lib\libcalico_ds9.a(pxi.o)
 .debug_abbrev  0x00002d1a       0x28 C:/devkitPro/calico/lib\libcalico_ds9.a(mpu_setup.crt0.o)
 .debug_abbrev  0x00002d42      0x1e7 C:/devkitPro/calico/lib\libcalico_ds9.a(sys_startup.o)
 .debug_abbrev  0x00002f29      0x1c1 C:/devkitPro/calico/lib\libcalico_ds9.a(irq.o)
 .debug_abbrev  0x000030ea      0x3c9 C:/devkitPro/calico/lib\libcalico_ds9.a(mutex.o)
 .debug_abbrev  0x000034b3      0x2af C:/devkitPro/calico/lib\libcalico_ds9.a(mailbox.o)
 .debug_abbrev  0x00003762       0x26 C:/devkitPro/calico/lib\libcalico_ds9.a(arm-cache.32.o)
 .debug_abbrev  0x00003788      0x693 C:/devkitPro/calico/lib\libcalico_ds9.a(pm.o)
 .debug_abbrev  0x00003e1b       0x28 C:/devkitPro/devkitARM/bin/../lib/gcc/arm-none-eabi/15.2.0\libgcc.a(_divsi3.o)
 .debug_abbrev  0x00003e43       0x26 C:/devkitPro/devkitARM/bin/../lib/gcc/arm-none-eabi/15.2.0\libgcc.a(_dvmd_tls.o)
 .debug_abbrev  0x00003e69       0x14 C:/devkitPro/devkitARM/bin/../lib/gcc/arm-none-eabi/15.2.0\libgcc.a(_aeabi_uldivmod.o)
 .debug_abbrev  0x00003e7d      0x126 C:/devkitPro/devkitARM/bin/../lib/gcc/arm-none-eabi/15.2.0\libgcc.a(_udivmoddi4.o)
 .debug_abbrev  0x00003fa3       0x28 C:/devkitPro/devkitARM/bin/../lib/gcc/arm-none-eabi/15.2.0\libgcc.a(_clzdi2.o)
 .debug_abbrev  0x00003fcb       0x28 C:/devkitPro/devkitARM/bin/../lib/gcc/arm-none-eabi/15.2.0\libgcc.a(_clzsi2.o)
 .debug_abbrev  0x00003ff3       0x28 C:/devkitPro/devkitARM/bin/../lib/gcc/arm-none-eabi/15.2.0\libgcc.a(_udivsi3.o)

.debug_line     0x00000000     0x9fa3
 *(.debug_line .debug_line.* .debug_line_end)
 .debug_line    0x00000000      0x3ee main.o
 .debug_line    0x000003ee     0x1622 C:/devkitPro/libnds/lib\libnds9.a(console.o)
 .debug_line    0x00001a10      0x457 C:/devkitPro/libnds/lib\libnds9.a(keys.o)
 .debug_line    0x00001e67      0x197 C:/devkitPro/libnds/lib\libnds9.a(system.o)
 .debug_line    0x00001ffe      0x61c C:/devkitPro/libnds/lib\libnds9.a(background.o)
 .debug_line    0x0000261a      0x77f C:/devkitPro/libnds/lib\libnds9.a(trig.o)
 .debug_line    0x00002d99      0xeab C:/devkitPro/calico/lib\libcalico_ds9.a(thread_cold.o)
 .debug_line    0x00003c44     0x1058 C:/devkitPro/calico/lib\libcalico_ds9.a(thread_hot.32.o)
 .debug_line    0x00004c9c       0x69 C:/devkitPro/calico/lib\libcalico_ds9.a(arm-context.32.o)
 .debug_line    0x00004d05      0x2aa C:/devkitPro/calico/lib\libcalico_ds9.a(arm-shims.32.o)
 .debug_line    0x00004faf      0x16f C:/devkitPro/calico/lib\libcalico_ds9.a(keypad.o)
 .debug_line    0x0000511e      0x108 C:/devkitPro/calico/lib\libcalico_ds9.a(bootstub_arm9.o)
 .debug_line    0x00005226       0x66 C:/devkitPro/calico/lib\libcalico_ds9.a(excpt_handler.32.o)
 .debug_line    0x0000528c      0x19d C:/devkitPro/calico/lib\libcalico_ds9.a(touch.o)
 .debug_line    0x00005429      0xa69 C:/devkitPro/calico/lib\libcalico_ds9.a(tick.o)
 .debug_line    0x00005e92      0x765 C:/devkitPro/calico/lib\libcalico_ds9.a(newlib_syscalls.o)
 .debug_line    0x000065f7      0x3bd C:/devkitPro/calico/lib\libcalico_ds9.a(startup.crt0.o)
 .debug_line    0x000069b4       0x7d C:/devkitPro/calico/lib\libcalico_ds9.a(utils.crt0.o)
 .debug_line    0x00006a31       0x92 C:/devkitPro/calico/lib\libcalico_ds9.a(irq_handler.32.o)
 .debug_line    0x00006ac3      0x983 C:/devkitPro/calico/lib\libcalico_ds9.a(pxi.o)
 .debug_line    0x00007446       0x6e C:/devkitPro/calico/lib\libcalico_ds9.a(mpu_setup.crt0.o)
 .debug_line    0x000074b4      0x46b C:/devkitPro/calico/lib\libcalico_ds9.a(sys_startup.o)
 .debug_line    0x0000791f      0x26e C:/devkitPro/calico/lib\libcalico_ds9.a(irq.o)
 .debug_line    0x00007b8d      0xcc4 C:/devkitPro/calico/lib\libcalico_ds9.a(mutex.o)
 .debug_line    0x00008851      0x4e3 C:/devkitPro/calico/lib\libcalico_ds9.a(mailbox.o)
 .debug_line    0x00008d34       0xb2 C:/devkitPro/calico/lib\libcalico_ds9.a(arm-cache.32.o)
 .debug_line    0x00008de6      0xdf1 C:/devkitPro/calico/lib\libcalico_ds9.a(pm.o)
 .debug_line    0x00009bd7       0x73 C:/devkitPro/devkitARM/bin/../lib/gcc/arm-none-eabi/15.2.0\libgcc.a(_divsi3.o)
 .debug_line    0x00009c4a       0x4a C:/devkitPro/devkitARM/bin/../lib/gcc/arm-none-eabi/15.2.0\libgcc.a(_dvmd_tls.o)
 .debug_line    0x00009c94       0x4e C:/devkitPro/devkitARM/bin/../lib/gcc/arm-none-eabi/15.2.0\libgcc.a(_aeabi_uldivmod.o)
 .debug_line    0x00009ce2      0x1af C:/devkitPro/devkitARM/bin/../lib/gcc/arm-none-eabi/15.2.0\libgcc.a(_udivmoddi4.o)
 .debug_line    0x00009e91       0x54 C:/devkitPro/devkitARM/bin/../lib/gcc/arm-none-eabi/15.2.0\libgcc.a(_clzdi2.o)
 .debug_line    0x00009ee5       0x57 C:/devkitPro/devkitARM/bin/../lib/gcc/arm-none-eabi/15.2.0\libgcc.a(_clzsi2.o)
 .debug_line    0x00009f3c       0x67 C:/devkitPro/devkitARM/bin/../lib/gcc/arm-none-eabi/15.2.0\libgcc.a(_udivsi3.o)

.debug_frame    0x00000000     0x1168
 *(.debug_frame)
 .debug_frame   0x00000000       0x70 main.o
 .debug_frame   0x00000070      0x17c C:/devkitPro/libnds/lib\libnds9.a(console.o)
 .debug_frame   0x000001ec       0x98 C:/devkitPro/libnds/lib\libnds9.a(keys.o)
 .debug_frame   0x00000284       0x30 C:/devkitPro/libnds/lib\libnds9.a(system.o)
 .debug_frame   0x000002b4       0xb4 C:/devkitPro/libnds/lib\libnds9.a(background.o)
 .debug_frame   0x00000368       0xd8 C:/devkitPro/libnds/lib\libnds9.a(trig.o)
 .debug_frame   0x00000440      0x194 C:/devkitPro/calico/lib\libcalico_ds9.a(thread_cold.o)
 .debug_frame   0x000005d4      0x10c C:/devkitPro/calico/lib\libcalico_ds9.a(thread_hot.32.o)
 .debug_frame   0x000006e0       0x30 C:/devkitPro/calico/lib\libcalico_ds9.a(arm-context.32.o)
 .debug_frame   0x00000710       0xc0 C:/devkitPro/calico/lib\libcalico_ds9.a(arm-shims.32.o)
 .debug_frame   0x000007d0       0x20 C:/devkitPro/calico/lib\libcalico_ds9.a(keypad.o)
 .debug_frame   0x000007f0       0x30 C:/devkitPro/calico/lib\libcalico_ds9.a(bootstub_arm9.o)
 .debug_frame   0x00000820       0x28 C:/devkitPro/calico/lib\libcalico_ds9.a(touch.o)
 .debug_frame   0x00000848       0xf0 C:/devkitPro/calico/lib\libcalico_ds9.a(tick.o)
 .debug_frame   0x00000938      0x1a4 C:/devkitPro/calico/lib\libcalico_ds9.a(newlib_syscalls.o)
 .debug_frame   0x00000adc       0x58 C:/devkitPro/calico/lib\libcalico_ds9.a(startup.crt0.o)
 .debug_frame   0x00000b34       0x30 C:/devkitPro/calico/lib\libcalico_ds9.a(utils.crt0.o)
 .debug_frame   0x00000b64       0x20 C:/devkitPro/calico/lib\libcalico_ds9.a(irq_handler.32.o)
 .debug_frame   0x00000b84      0x15c C:/devkitPro/calico/lib\libcalico_ds9.a(pxi.o)
 .debug_frame   0x00000ce0       0x20 C:/devkitPro/calico/lib\libcalico_ds9.a(mpu_setup.crt0.o)
 .debug_frame   0x00000d00       0x38 C:/devkitPro/calico/lib\libcalico_ds9.a(sys_startup.o)
 .debug_frame   0x00000d38       0x28 C:/devkitPro/calico/lib\libcalico_ds9.a(irq.o)
 .debug_frame   0x00000d60       0xf8 C:/devkitPro/calico/lib\libcalico_ds9.a(mutex.o)
 .debug_frame   0x00000e58       0x64 C:/devkitPro/calico/lib\libcalico_ds9.a(mailbox.o)
 .debug_frame   0x00000ebc       0x70 C:/devkitPro/calico/lib\libcalico_ds9.a(arm-cache.32.o)
 .debug_frame   0x00000f2c      0x190 C:/devkitPro/calico/lib\libcalico_ds9.a(pm.o)
 .debug_frame   0x000010bc       0x20 C:/devkitPro/devkitARM/bin/../lib/gcc/arm-none-eabi/15.2.0\libgcc.a(_divsi3.o)
 .debug_frame   0x000010dc       0x2c C:/devkitPro/devkitARM/bin/../lib/gcc/arm-none-eabi/15.2.0\libgcc.a(_aeabi_uldivmod.o)
 .debug_frame   0x00001108       0x40 C:/devkitPro/devkitARM/bin/../lib/gcc/arm-none-eabi/15.2.0\libgcc.a(_udivmoddi4.o)
 .debug_frame   0x00001148       0x20 C:/devkitPro/devkitARM/bin/../lib/gcc/arm-none-eabi/15.2.0\libgcc.a(_udivsi3.o)

.debug_str      0x00000000     0x3efc
 *(.debug_str)
 .debug_str     0x00000000     0x3efc main.o
                                0xa8f (size before relaxing)
 .debug_str     0x00003efc        0x0 C:/devkitPro/libnds/lib\libnds9.a(console.o)
                               0x130b (size before relaxing)
 .debug_str     0x00003efc        0x0 C:/devkitPro/libnds/lib\libnds9.a(keys.o)
                                0x2eb (size before relaxing)
 .debug_str     0x00003efc        0x0 C:/devkitPro/libnds/lib\libnds9.a(system.o)
                                0x1e6 (size before relaxing)
 .debug_str     0x00003efc        0x0 C:/devkitPro/libnds/lib\libnds9.a(background.o)
                                0x76c (size before relaxing)
 .debug_str     0x00003efc        0x0 C:/devkitPro/libnds/lib\libnds9.a(trig.o)
                                0x2d5 (size before relaxing)
 .debug_str     0x00003efc        0x0 C:/devkitPro/calico/lib\libcalico_ds9.a(thread_cold.o)
                                0x9e0 (size before relaxing)
 .debug_str     0x00003efc        0x0 C:/devkitPro/calico/lib\libcalico_ds9.a(thread_hot.32.o)
                                0x4c8 (size before relaxing)
 .debug_str     0x00003efc        0x0 C:/devkitPro/calico/lib\libcalico_ds9.a(arm-context.32.o)
                                 0xac (size before relaxing)
 .debug_str     0x00003efc        0x0 C:/devkitPro/calico/lib\libcalico_ds9.a(arm-shims.32.o)
                                0x245 (size before relaxing)
 .debug_str     0x00003efc        0x0 C:/devkitPro/calico/lib\libcalico_ds9.a(keypad.o)
                                0x25f (size before relaxing)
 .debug_str     0x00003efc        0x0 C:/devkitPro/calico/lib\libcalico_ds9.a(bootstub_arm9.o)
                                 0xbb (size before relaxing)
 .debug_str     0x00003efc        0x0 C:/devkitPro/calico/lib\libcalico_ds9.a(excpt_handler.32.o)
                                 0xe5 (size before relaxing)
 .debug_str     0x00003efc        0x0 C:/devkitPro/calico/lib\libcalico_ds9.a(touch.o)
                                0x282 (size before relaxing)
 .debug_str     0x00003efc        0x0 C:/devkitPro/calico/lib\libcalico_ds9.a(tick.o)
                                0x375 (size before relaxing)
 .debug_str     0x00003efc        0x0 C:/devkitPro/calico/lib\libcalico_ds9.a(newlib_syscalls.o)
                                0xb64 (size before relaxing)
 .debug_str     0x00003efc        0x0 C:/devkitPro/calico/lib\libcalico_ds9.a(startup.crt0.o)
                                0x35d (size before relaxing)
 .debug_str     0x00003efc        0x0 C:/devkitPro/calico/lib\libcalico_ds9.a(utils.crt0.o)
                                 0xb3 (size before relaxing)
 .debug_str     0x00003efc        0x0 C:/devkitPro/calico/lib\libcalico_ds9.a(irq_handler.32.o)
                                 0x9e (size before relaxing)
 .debug_str     0x00003efc        0x0 C:/devkitPro/calico/lib\libcalico_ds9.a(pxi.o)
                                0x960 (size before relaxing)
 .debug_str     0x00003efc        0x0 C:/devkitPro/calico/lib\libcalico_ds9.a(mpu_setup.crt0.o)
                                 0xa0 (size before relaxing)
 .debug_str     0x00003efc        0x0 C:/devkitPro/calico/lib\libcalico_ds9.a(sys_startup.o)
                                0x37a (size before relaxing)
 .debug_str     0x00003efc        0x0 C:/devkitPro/calico/lib\libcalico_ds9.a(irq.o)
                                0x20a (size before relaxing)
 .debug_str     0x00003efc        0x0 C:/devkitPro/calico/lib\libcalico_ds9.a(mutex.o)
                                0x509 (size before relaxing)
 .debug_str     0x00003efc        0x0 C:/devkitPro/calico/lib\libcalico_ds9.a(mailbox.o)
                                0x37b (size before relaxing)
 .debug_str     0x00003efc        0x0 C:/devkitPro/calico/lib\libcalico_ds9.a(arm-cache.32.o)
                                0x100 (size before relaxing)
 .debug_str     0x00003efc        0x0 C:/devkitPro/calico/lib\libcalico_ds9.a(pm.o)
                                0xd3c (size before relaxing)
 .debug_str     0x00003efc        0x0 C:/devkitPro/devkitARM/bin/../lib/gcc/arm-none-eabi/15.2.0\libgcc.a(_divsi3.o)
                                 0xee (size before relaxing)
 .debug_str     0x00003efc        0x0 C:/devkitPro/devkitARM/bin/../lib/gcc/arm-none-eabi/15.2.0\libgcc.a(_dvmd_tls.o)
                                 0xf1 (size before relaxing)
 .debug_str     0x00003efc        0x0 C:/devkitPro/devkitARM/bin/../lib/gcc/arm-none-eabi/15.2.0\libgcc.a(_aeabi_uldivmod.o)
                                 0xd1 (size before relaxing)
 .debug_str     0x00003efc        0x0 C:/devkitPro/devkitARM/bin/../lib/gcc/arm-none-eabi/15.2.0\libgcc.a(_udivmoddi4.o)
                                0x69d (size before relaxing)
 .debug_str     0x00003efc        0x0 C:/devkitPro/devkitARM/bin/../lib/gcc/arm-none-eabi/15.2.0\libgcc.a(_clzdi2.o)
                                 0xde (size before relaxing)
 .debug_str     0x00003efc        0x0 C:/devkitPro/devkitARM/bin/../lib/gcc/arm-none-eabi/15.2.0\libgcc.a(_clzsi2.o)
                                 0xde (size before relaxing)
 .debug_str     0x00003efc        0x0 C:/devkitPro/devkitARM/bin/../lib/gcc/arm-none-eabi/15.2.0\libgcc.a(_udivsi3.o)
                                 0xf0 (size before relaxing)

.debug_loc
 *(.debug_loc)

.debug_macinfo
 *(.debug_macinfo)

.debug_weaknames
 *(.debug_weaknames)

.debug_funcnames
 *(.debug_funcnames)

.debug_typenames
 *(.debug_typenames)

.debug_varnames
 *(.debug_varnames)

.debug_pubtypes
 *(.debug_pubtypes)

.debug_ranges
 *(.debug_ranges)

.debug_macro
 *(.debug_macro)

.debug_addr
 *(.debug_addr)

.ARM.attributes
                0x00000000       0x27
 *(.ARM.attributes)
 .ARM.attributes
                0x00000000       0x1c C:/devkitPro/devkitARM/bin/../lib/gcc/arm-none-eabi/15.2.0/crti.o
 .ARM.attributes
                0x0000001c       0x2a C:/devkitPro/devkitARM/bin/../lib/gcc/arm-none-eabi/15.2.0/crtbegin.o
 .ARM.attributes
                0x00000046       0x2b main.o
 .ARM.attributes
                0x00000071       0x2b C:/devkitPro/libnds/lib\libnds9.a(console.o)
 .ARM.attributes
                0x0000009c       0x2b C:/devkitPro/libnds/lib\libnds9.a(keys.o)
 .ARM.attributes
                0x000000c7       0x2b C:/devkitPro/libnds/lib\libnds9.a(system.o)
 .ARM.attributes
                0x000000f2       0x1b C:/devkitPro/libnds/lib\libnds9.a(default_font.bin.o)
 .ARM.attributes
                0x0000010d       0x2b C:/devkitPro/libnds/lib\libnds9.a(background.o)
 .ARM.attributes
                0x00000138       0x2b C:/devkitPro/libnds/lib\libnds9.a(trig.o)
 .ARM.attributes
                0x00000163       0x2b C:/devkitPro/calico/lib\libcalico_ds9.a(thread_cold.o)
 .ARM.attributes
                0x0000018e       0x2b C:/devkitPro/calico/lib\libcalico_ds9.a(thread_hot.32.o)
 .ARM.attributes
                0x000001b9       0x1b C:/devkitPro/calico/lib\libcalico_ds9.a(arm-copy-fill.32.o)
 .ARM.attributes
                0x000001d4       0x1b C:/devkitPro/calico/lib\libcalico_ds9.a(arm-context.32.o)
 .ARM.attributes
                0x000001ef       0x2b C:/devkitPro/calico/lib\libcalico_ds9.a(arm-shims.32.o)
 .ARM.attributes
                0x0000021a       0x2b C:/devkitPro/calico/lib\libcalico_ds9.a(keypad.o)
 .ARM.attributes
                0x00000245       0x1b C:/devkitPro/calico/lib\libcalico_ds9.a(bootstub_arm9.o)
 .ARM.attributes
                0x00000260       0x1b C:/devkitPro/calico/lib\libcalico_ds9.a(excpt_handler.32.o)